07-26 13:18:48.535  1658  1658 V SettingsProvider: Notifying for 0: content://settings/system/next_alarm_formatted
07-26 13:18:48.536  1658  1658 D ConditionProviders.SCP: onReceive android.app.action.NEXT_ALARM_CLOCK_CHANGED
07-26 13:18:48.536  1658  1658 D ConditionProviders.SCP: evaluateSubscriptionLocked cal=ScheduleCalendar[mDays={1, 2, 3, 4, 5, 6, 7}, mSchedule=ScheduleInfo{days=[1, 2, 3, 4, 5, 6, 7], startHour=22, startMinute=0, endHour=7, endMinute=0, exitAtAlarm=true, nextAlarm=Mon Jul 26 13:18:48 GMT+07:00 2021 (1627280328525)}], now=Mon Jul 26 13:18:48 GMT+07:00 2021 (1627280328536), nextUserAlarmTime=Mon Jul 26 13:19:24 GMT+07:00 2021 (1627280364548)
07-26 13:18:48.537  1658  1658 D ConditionProviders.SCP: notifyCondition condition://android/schedule?days=1.2.3.4.5.6.7&start=22.0&end=7.0&exitAtAlarm=true STATE_FALSE reason=!meetsSchedule
07-26 13:18:48.538  1658  1658 D ConditionProviders.SCP: Scheduling evaluate for Mon Jul 26 22:00:00 GMT+07:00 2021 (1627311600000), in +8h41m11s464ms, now=Mon Jul 26 13:18:48 GMT+07:00 2021 (1627280328536)
07-26 13:18:48.549  1658  1658 D ConditionProviders.SCP: onReceive android.app.action.NEXT_ALARM_CLOCK_CHANGED
07-26 13:18:48.550  1658  1658 D ConditionProviders.SCP: evaluateSubscriptionLocked cal=ScheduleCalendar[mDays={1, 2, 3, 4, 5, 6, 7}, mSchedule=ScheduleInfo{days=[1, 2, 3, 4, 5, 6, 7], startHour=22, startMinute=0, endHour=7, endMinute=0, exitAtAlarm=true, nextAlarm=Mon Jul 26 13:19:24 GMT+07:00 2021 (1627280364548)}], now=Mon Jul 26 13:18:48 GMT+07:00 2021 (1627280328549), nextUserAlarmTime=Mon Jul 26 13:19:03 GMT+07:00 2021 (1627280343545)
07-26 13:18:48.550  1658  1658 D ConditionProviders.SCP: notifyCondition condition://android/schedule?days=1.2.3.4.5.6.7&start=22.0&end=7.0&exitAtAlarm=true STATE_FALSE reason=!meetsSchedule
07-26 13:18:48.552  1658  1658 D ConditionProviders.SCP: Scheduling evaluate for Mon Jul 26 22:00:00 GMT+07:00 2021 (1627311600000), in +8h41m11s451ms, now=Mon Jul 26 13:18:48 GMT+07:00 2021 (1627280328549)
07-26 13:18:48.557  1658  1793 D ColorDisplayService: Setting saturation level: 100
07-26 13:18:48.585  1658  1793 D ColorDisplayService: Setting saturation level: 100
07-26 13:18:48.585  1658  1793 D ColorDisplayService: GlobalSaturationTintController Animation cancelled: true to matrix: 
07-26 13:18:48.585  1658  1793 D ColorDisplayService:        1,000000 0,000000 0,000000 0,000000 0,000000 1,000000 0,000000 0,000000 0,000000 0,000000 1,000000 0,000000 0,000000 0,000000 0,000000 1,000000
07-26 13:18:51.593  1658  1793 D ColorDisplayService: GlobalSaturationTintController Animation cancelled: false to matrix: 
07-26 13:18:51.593  1658  1793 D ColorDisplayService:        1,000000 0,000000 0,000000 0,000000 0,000000 1,000000 0,000000 0,000000 0,000000 0,000000 1,000000 0,000000 0,000000 0,000000 0,000000 1,000000
07-26 13:18:57.638  1658  1837 V DisplayPowerController: Brightness [10] reason changing to: 'manual [ dim ]', previous reason: 'manual'.
07-26 13:19:03.555  1658  1658 D ConditionProviders.SCP: onReceive android.app.action.NEXT_ALARM_CLOCK_CHANGED
07-26 13:19:03.555  1658  1658 D ConditionProviders.SCP: evaluateSubscriptionLocked cal=ScheduleCalendar[mDays={1, 2, 3, 4, 5, 6, 7}, mSchedule=ScheduleInfo{days=[1, 2, 3, 4, 5, 6, 7], startHour=22, startMinute=0, endHour=7, endMinute=0, exitAtAlarm=true, nextAlarm=Mon Jul 26 13:19:03 GMT+07:00 2021 (1627280343545)}], now=Mon Jul 26 13:19:03 GMT+07:00 2021 (1627280343555), nextUserAlarmTime=Mon Jul 26 13:19:24 GMT+07:00 2021 (1627280364548)
07-26 13:19:03.555  1658  1658 D ConditionProviders.SCP: notifyCondition condition://android/schedule?days=1.2.3.4.5.6.7&start=22.0&end=7.0&exitAtAlarm=true STATE_FALSE reason=!meetsSchedule
07-26 13:19:03.560  1658  1658 D ConditionProviders.SCP: Scheduling evaluate for Mon Jul 26 22:00:00 GMT+07:00 2021 (1627311600000), in +8h40m56s445ms, now=Mon Jul 26 13:19:03 GMT+07:00 2021 (1627280343555)
07-26 13:19:03.571  1658  1793 D ColorDisplayService: Setting saturation level: 100
07-26 13:19:03.576  1658  1658 D ConditionProviders.SCP: onReceive android.app.action.NEXT_ALARM_CLOCK_CHANGED
07-26 13:19:03.578  1658  1658 D ConditionProviders.SCP: evaluateSubscriptionLocked cal=ScheduleCalendar[mDays={1, 2, 3, 4, 5, 6, 7}, mSchedule=ScheduleInfo{days=[1, 2, 3, 4, 5, 6, 7], startHour=22, startMinute=0, endHour=7, endMinute=0, exitAtAlarm=true, nextAlarm=Mon Jul 26 13:19:24 GMT+07:00 2021 (1627280364548)}], now=Mon Jul 26 13:19:03 GMT+07:00 2021 (1627280343577), nextUserAlarmTime=Mon Jul 26 13:19:18 GMT+07:00 2021 (1627280358572)
07-26 13:19:03.578  1658  1658 D ConditionProviders.SCP: notifyCondition condition://android/schedule?days=1.2.3.4.5.6.7&start=22.0&end=7.0&exitAtAlarm=true STATE_FALSE reason=!meetsSchedule
07-26 13:19:03.580  1658  1658 D ConditionProviders.SCP: Scheduling evaluate for Mon Jul 26 22:00:00 GMT+07:00 2021 (1627311600000), in +8h40m56s423ms, now=Mon Jul 26 13:19:03 GMT+07:00 2021 (1627280343577)
07-26 13:19:03.652  1658  1793 D ColorDisplayService: Setting saturation level: 100
07-26 13:19:03.652  1658  1793 D ColorDisplayService: GlobalSaturationTintController Animation cancelled: true to matrix: 
07-26 13:19:03.652  1658  1793 D ColorDisplayService:        1,000000 0,000000 0,000000 0,000000 0,000000 1,000000 0,000000 0,000000 0,000000 0,000000 1,000000 0,000000 0,000000 0,000000 0,000000 1,000000
07-26 13:19:06.667  1658  1793 D ColorDisplayService: GlobalSaturationTintController Animation cancelled: false to matrix: 
07-26 13:19:06.667  1658  1793 D ColorDisplayService:        1,000000 0,000000 0,000000 0,000000 0,000000 1,000000 0,000000 0,000000 0,000000 0,000000 1,000000 0,000000 0,000000 0,000000 0,000000 1,000000
07-26 13:19:11.159  1658  4748 W ActivityManager: Background start not allowed: service Intent { cmp=com.google.android.apps.messaging/.shared.datamodel.action.execution.ActionExecutorImpl$EmptyService } to com.google.android.apps.messaging/.shared.datamodel.action.execution.ActionExecutorImpl$EmptyService from pid=21254 uid=10166 pkg=com.google.android.apps.messaging startFg?=false
07-26 13:19:18.579  1658  1658 D ConditionProviders.SCP: onReceive android.app.action.NEXT_ALARM_CLOCK_CHANGED
07-26 13:19:18.580  1658  1658 D ConditionProviders.SCP: evaluateSubscriptionLocked cal=ScheduleCalendar[mDays={1, 2, 3, 4, 5, 6, 7}, mSchedule=ScheduleInfo{days=[1, 2, 3, 4, 5, 6, 7], startHour=22, startMinute=0, endHour=7, endMinute=0, exitAtAlarm=true, nextAlarm=Mon Jul 26 13:19:18 GMT+07:00 2021 (1627280358572)}], now=Mon Jul 26 13:19:18 GMT+07:00 2021 (1627280358579), nextUserAlarmTime=Mon Jul 26 13:19:24 GMT+07:00 2021 (1627280364548)
07-26 13:19:18.580  1658  1658 D ConditionProviders.SCP: notifyCondition condition://android/schedule?days=1.2.3.4.5.6.7&start=22.0&end=7.0&exitAtAlarm=true STATE_FALSE reason=!meetsSchedule
07-26 13:19:18.585  1658  1658 D ConditionProviders.SCP: Scheduling evaluate for Mon Jul 26 22:00:00 GMT+07:00 2021 (1627311600000), in +8h40m41s421ms, now=Mon Jul 26 13:19:18 GMT+07:00 2021 (1627280358579)
07-26 13:19:18.600  1658  1793 D ColorDisplayService: Setting saturation level: 100
07-26 13:19:21.622  1658  1793 D ColorDisplayService: GlobalSaturationTintController Animation cancelled: false to matrix: 
07-26 13:19:21.622  1658  1793 D ColorDisplayService:        1,000000 0,000000 0,000000 0,000000 0,000000 1,000000 0,000000 0,000000 0,000000 0,000000 1,000000 0,000000 0,000000 0,000000 0,000000 1,000000
07-26 13:19:24.553  1658  1658 D ConditionProviders.SCP: onReceive android.app.action.NEXT_ALARM_CLOCK_CHANGED
07-26 13:19:24.554  1658  1658 D ConditionProviders.SCP: evaluateSubscriptionLocked cal=ScheduleCalendar[mDays={1, 2, 3, 4, 5, 6, 7}, mSchedule=ScheduleInfo{days=[1, 2, 3, 4, 5, 6, 7], startHour=22, startMinute=0, endHour=7, endMinute=0, exitAtAlarm=true, nextAlarm=Mon Jul 26 13:19:24 GMT+07:00 2021 (1627280364548)}], now=Mon Jul 26 13:19:24 GMT+07:00 2021 (1627280364553), nextUserAlarmTime=Mon Jul 26 13:19:33 GMT+07:00 2021 (1627280373594)
07-26 13:19:24.554  1658  1658 D ConditionProviders.SCP: notifyCondition condition://android/schedule?days=1.2.3.4.5.6.7&start=22.0&end=7.0&exitAtAlarm=true STATE_FALSE reason=!meetsSchedule
07-26 13:19:24.562  1658  1658 D ConditionProviders.SCP: Scheduling evaluate for Mon Jul 26 22:00:00 GMT+07:00 2021 (1627311600000), in +8h40m35s447ms, now=Mon Jul 26 13:19:24 GMT+07:00 2021 (1627280364553)
07-26 13:19:24.572  1658  1793 D ColorDisplayService: Setting saturation level: 100
07-26 13:19:27.587  1658  1793 D ColorDisplayService: GlobalSaturationTintController Animation cancelled: false to matrix: 
07-26 13:19:27.587  1658  1793 D ColorDisplayService:        1,000000 0,000000 0,000000 0,000000 0,000000 1,000000 0,000000 0,000000 0,000000 0,000000 1,000000 0,000000 0,000000 0,000000 0,000000 1,000000
07-26 13:19:33.609  1658  1658 V SettingsProvider: Notifying for 0: content://settings/system/next_alarm_formatted
07-26 13:19:33.610  1658  1658 D ConditionProviders.SCP: onReceive android.app.action.NEXT_ALARM_CLOCK_CHANGED
07-26 13:19:33.610  1658  1658 D ConditionProviders.SCP: evaluateSubscriptionLocked cal=ScheduleCalendar[mDays={1, 2, 3, 4, 5, 6, 7}, mSchedule=ScheduleInfo{days=[1, 2, 3, 4, 5, 6, 7], startHour=22, startMinute=0, endHour=7, endMinute=0, exitAtAlarm=true, nextAlarm=Mon Jul 26 13:19:33 GMT+07:00 2021 (1627280373594)}], now=Mon Jul 26 13:19:33 GMT+07:00 2021 (1627280373610), nextUserAlarmTime=Mon Jul 26 13:23:45 GMT+07:00 2021 (1627280625618)
07-26 13:19:33.610  1658  1658 D ConditionProviders.SCP: notifyCondition condition://android/schedule?days=1.2.3.4.5.6.7&start=22.0&end=7.0&exitAtAlarm=true STATE_FALSE reason=!meetsSchedule
07-26 13:19:33.613  1658  1793 D ColorDisplayService: Setting saturation level: 100
07-26 13:19:33.618  1658  1658 D ConditionProviders.SCP: Scheduling evaluate for Mon Jul 26 22:00:00 GMT+07:00 2021 (1627311600000), in +8h40m26s390ms, now=Mon Jul 26 13:19:33 GMT+07:00 2021 (1627280373610)
07-26 13:19:33.630  1658  1658 V SettingsProvider: Notifying for 0: content://settings/system/next_alarm_formatted
07-26 13:19:33.630  1658  1658 D ConditionProviders.SCP: onReceive android.app.action.NEXT_ALARM_CLOCK_CHANGED
07-26 13:19:33.631  1658  1658 D ConditionProviders.SCP: evaluateSubscriptionLocked cal=ScheduleCalendar[mDays={1, 2, 3, 4, 5, 6, 7}, mSchedule=ScheduleInfo{days=[1, 2, 3, 4, 5, 6, 7], startHour=22, startMinute=0, endHour=7, endMinute=0, exitAtAlarm=true, nextAlarm=Mon Jul 26 13:23:45 GMT+07:00 2021 (1627280625618)}], now=Mon Jul 26 13:19:33 GMT+07:00 2021 (1627280373630), nextUserAlarmTime=Mon Jul 26 13:19:48 GMT+07:00 2021 (1627280388624)
07-26 13:19:33.631  1658  1658 D ConditionProviders.SCP: notifyCondition condition://android/schedule?days=1.2.3.4.5.6.7&start=22.0&end=7.0&exitAtAlarm=true STATE_FALSE reason=!meetsSchedule
07-26 13:19:33.632  1658  1658 D ConditionProviders.SCP: Scheduling evaluate for Mon Jul 26 22:00:00 GMT+07:00 2021 (1627311600000), in +8h40m26s370ms, now=Mon Jul 26 13:19:33 GMT+07:00 2021 (1627280373630)
07-26 13:19:33.661  1658  1793 D ColorDisplayService: Setting saturation level: 100
07-26 13:19:33.662  1658  1793 D ColorDisplayService: GlobalSaturationTintController Animation cancelled: true to matrix: 
07-26 13:19:33.662  1658  1793 D ColorDisplayService:        1,000000 0,000000 0,000000 0,000000 0,000000 1,000000 0,000000 0,000000 0,000000 0,000000 1,000000 0,000000 0,000000 0,000000 0,000000 1,000000
07-26 13:19:36.674  1658  1793 D ColorDisplayService: GlobalSaturationTintController Animation cancelled: false to matrix: 
07-26 13:19:36.674  1658  1793 D ColorDisplayService:        1,000000 0,000000 0,000000 0,000000 0,000000 1,000000 0,000000 0,000000 0,000000 0,000000 1,000000 0,000000 0,000000 0,000000 0,000000 1,000000
07-26 13:19:48.634  1658  1658 V SettingsProvider: Notifying for 0: content://settings/system/next_alarm_formatted
07-26 13:19:48.635  1658  1658 D ConditionProviders.SCP: onReceive android.app.action.NEXT_ALARM_CLOCK_CHANGED
07-26 13:19:48.635  1658  1658 D ConditionProviders.SCP: evaluateSubscriptionLocked cal=ScheduleCalendar[mDays={1, 2, 3, 4, 5, 6, 7}, mSchedule=ScheduleInfo{days=[1, 2, 3, 4, 5, 6, 7], startHour=22, startMinute=0, endHour=7, endMinute=0, exitAtAlarm=true, nextAlarm=Mon Jul 26 13:19:48 GMT+07:00 2021 (1627280388624)}], now=Mon Jul 26 13:19:48 GMT+07:00 2021 (1627280388635), nextUserAlarmTime=Mon Jul 26 13:23:45 GMT+07:00 2021 (1627280625618)
07-26 13:19:48.635  1658  1658 D ConditionProviders.SCP: notifyCondition condition://android/schedule?days=1.2.3.4.5.6.7&start=22.0&end=7.0&exitAtAlarm=true STATE_FALSE reason=!meetsSchedule
07-26 13:19:48.637  1658  1658 D ConditionProviders.SCP: Scheduling evaluate for Mon Jul 26 22:00:00 GMT+07:00 2021 (1627311600000), in +8h40m11s365ms, now=Mon Jul 26 13:19:48 GMT+07:00 2021 (1627280388635)
07-26 13:19:48.645  1658  1658 V SettingsProvider: Notifying for 0: content://settings/system/next_alarm_formatted
07-26 13:19:48.646  1658  1658 D ConditionProviders.SCP: onReceive android.app.action.NEXT_ALARM_CLOCK_CHANGED
07-26 13:19:48.647  1658  1658 D ConditionProviders.SCP: evaluateSubscriptionLocked cal=ScheduleCalendar[mDays={1, 2, 3, 4, 5, 6, 7}, mSchedule=ScheduleInfo{days=[1, 2, 3, 4, 5, 6, 7], startHour=22, startMinute=0, endHour=7, endMinute=0, exitAtAlarm=true, nextAlarm=Mon Jul 26 13:23:45 GMT+07:00 2021 (1627280625618)}], now=Mon Jul 26 13:19:48 GMT+07:00 2021 (1627280388646), nextUserAlarmTime=Mon Jul 26 13:20:03 GMT+07:00 2021 (1627280403642)
07-26 13:19:48.647  1658  1658 D ConditionProviders.SCP: notifyCondition condition://android/schedule?days=1.2.3.4.5.6.7&start=22.0&end=7.0&exitAtAlarm=true STATE_FALSE reason=!meetsSchedule
07-26 13:19:48.648  1658  1793 D ColorDisplayService: Setting saturation level: 100
07-26 13:19:48.649  1658  1658 D ConditionProviders.SCP: Scheduling evaluate for Mon Jul 26 22:00:00 GMT+07:00 2021 (1627311600000), in +8h40m11s354ms, now=Mon Jul 26 13:19:48 GMT+07:00 2021 (1627280388646)
07-26 13:19:48.700  1658  1793 D ColorDisplayService: Setting saturation level: 100
07-26 13:19:48.701  1658  1793 D ColorDisplayService: GlobalSaturationTintController Animation cancelled: true to matrix: 
07-26 13:19:48.701  1658  1793 D ColorDisplayService:        1,000000 0,000000 0,000000 0,000000 0,000000 1,000000 0,000000 0,000000 0,000000 0,000000 1,000000 0,000000 0,000000 0,000000 0,000000 1,000000
07-26 13:19:51.713  1658  1793 D ColorDisplayService: GlobalSaturationTintController Animation cancelled: false to matrix: 
07-26 13:19:51.713  1658  1793 D ColorDisplayService:        1,000000 0,000000 0,000000 0,000000 0,000000 1,000000 0,000000 0,000000 0,000000 0,000000 1,000000 0,000000 0,000000 0,000000 0,000000 1,000000
07-26 13:20:03.654  1658  1658 V SettingsProvider: Notifying for 0: content://settings/system/next_alarm_formatted
07-26 13:20:03.654  1658  1658 D ConditionProviders.SCP: onReceive android.app.action.NEXT_ALARM_CLOCK_CHANGED
07-26 13:20:03.655  1658  1658 D ConditionProviders.SCP: evaluateSubscriptionLocked cal=ScheduleCalendar[mDays={1, 2, 3, 4, 5, 6, 7}, mSchedule=ScheduleInfo{days=[1, 2, 3, 4, 5, 6, 7], startHour=22, startMinute=0, endHour=7, endMinute=0, exitAtAlarm=true, nextAlarm=Mon Jul 26 13:20:03 GMT+07:00 2021 (1627280403642)}], now=Mon Jul 26 13:20:03 GMT+07:00 2021 (1627280403654), nextUserAlarmTime=Mon Jul 26 13:23:45 GMT+07:00 2021 (1627280625618)
07-26 13:20:03.655  1658  1658 D ConditionProviders.SCP: notifyCondition condition://android/schedule?days=1.2.3.4.5.6.7&start=22.0&end=7.0&exitAtAlarm=true STATE_FALSE reason=!meetsSchedule
07-26 13:20:03.657  1658  1658 D ConditionProviders.SCP: Scheduling evaluate for Mon Jul 26 22:00:00 GMT+07:00 2021 (1627311600000), in +8h39m56s346ms, now=Mon Jul 26 13:20:03 GMT+07:00 2021 (1627280403654)
07-26 13:20:03.671  1658  1793 D ColorDisplayService: Setting saturation level: 100
07-26 13:20:03.671  1658  1658 V SettingsProvider: Notifying for 0: content://settings/system/next_alarm_formatted
07-26 13:20:03.672  1658  1658 D ConditionProviders.SCP: onReceive android.app.action.NEXT_ALARM_CLOCK_CHANGED
07-26 13:20:03.672  1658  1658 D ConditionProviders.SCP: evaluateSubscriptionLocked cal=ScheduleCalendar[mDays={1, 2, 3, 4, 5, 6, 7}, mSchedule=ScheduleInfo{days=[1, 2, 3, 4, 5, 6, 7], startHour=22, startMinute=0, endHour=7, endMinute=0, exitAtAlarm=true, nextAlarm=Mon Jul 26 13:23:45 GMT+07:00 2021 (1627280625618)}], now=Mon Jul 26 13:20:03 GMT+07:00 2021 (1627280403672), nextUserAlarmTime=Mon Jul 26 13:20:18 GMT+07:00 2021 (1627280418667)
07-26 13:20:03.672  1658  1658 D ConditionProviders.SCP: notifyCondition condition://android/schedule?days=1.2.3.4.5.6.7&start=22.0&end=7.0&exitAtAlarm=true STATE_FALSE reason=!meetsSchedule
07-26 13:20:03.675  1658  1658 D ConditionProviders.SCP: Scheduling evaluate for Mon Jul 26 22:00:00 GMT+07:00 2021 (1627311600000), in +8h39m56s328ms, now=Mon Jul 26 13:20:03 GMT+07:00 2021 (1627280403672)
07-26 13:20:03.707  1658  1793 D ColorDisplayService: Setting saturation level: 100
07-26 13:20:03.707  1658  1793 D ColorDisplayService: GlobalSaturationTintController Animation cancelled: true to matrix: 
07-26 13:20:03.707  1658  1793 D ColorDisplayService:        1,000000 0,000000 0,000000 0,000000 0,000000 1,000000 0,000000 0,000000 0,000000 0,000000 1,000000 0,000000 0,000000 0,000000 0,000000 1,000000
07-26 13:20:04.080  1658  2082 W ActivityManager: Background start not allowed: service Intent { cmp=com.google.android.apps.messaging/.shared.datamodel.action.execution.ActionExecutorImpl$EmptyService } to com.google.android.apps.messaging/.shared.datamodel.action.execution.ActionExecutorImpl$EmptyService from pid=21254 uid=10166 pkg=com.google.android.apps.messaging startFg?=false
07-26 13:20:04.085  1658  2082 W ActivityManager: Background start not allowed: service Intent { cmp=com.google.android.apps.messaging/.shared.datamodel.action.execution.ActionExecutorImpl$EmptyService } to com.google.android.apps.messaging/.shared.datamodel.action.execution.ActionExecutorImpl$EmptyService from pid=21254 uid=10166 pkg=com.google.android.apps.messaging startFg?=false
07-26 13:20:05.040  1658  1809 I ActivityManager: Start proc 22027:android.process.acore/u0a52 for content provider {com.android.providers.contacts/com.android.providers.contacts.ContactsProvider2}
07-26 13:20:05.057  1658  2178 I ActivityManager: Killing 21398:com.google.android.webview:sandboxed_process0:org.chromium.content.app.SandboxedProcessService0:0/u0a209i145 (adj 965): empty #17
07-26 13:20:05.080  1658  2178 W ActivityManager: Scheduling restart of crashed service com.mservice.momotransfer/org.chromium.content.app.SandboxedProcessService0:0 in 1000ms
07-26 13:20:05.092  1658  1819 E KernelCpuSpeedReader: Failed to read cpu-freq: /sys/devices/system/cpu/cpu0/cpufreq/stats/time_in_state: open failed: ENOENT (No such file or directory)
07-26 13:20:05.302 22027 22027 D ActivityThread: Loading provider contacts;com.android.contacts: com.android.providers.contacts.ContactsProvider2
07-26 13:20:06.717  1658  1793 D ColorDisplayService: GlobalSaturationTintController Animation cancelled: false to matrix: 
07-26 13:20:06.717  1658  1793 D ColorDisplayService:        1,000000 0,000000 0,000000 0,000000 0,000000 1,000000 0,000000 0,000000 0,000000 0,000000 1,000000 0,000000 0,000000 0,000000 0,000000 1,000000
07-26 13:20:08.321  1658  2996 W ActivityManager: Background start not allowed: service Intent { cmp=com.google.android.apps.messaging/.shared.datamodel.action.execution.ActionExecutorImpl$EmptyService } to com.google.android.apps.messaging/.shared.datamodel.action.execution.ActionExecutorImpl$EmptyService from pid=21254 uid=10166 pkg=com.google.android.apps.messaging startFg?=false
07-26 13:20:18.678  1658  1658 V SettingsProvider: Notifying for 0: content://settings/system/next_alarm_formatted
07-26 13:20:18.679  1658  1658 D ConditionProviders.SCP: onReceive android.app.action.NEXT_ALARM_CLOCK_CHANGED
07-26 13:20:18.679  1658  1658 D ConditionProviders.SCP: evaluateSubscriptionLocked cal=ScheduleCalendar[mDays={1, 2, 3, 4, 5, 6, 7}, mSchedule=ScheduleInfo{days=[1, 2, 3, 4, 5, 6, 7], startHour=22, startMinute=0, endHour=7, endMinute=0, exitAtAlarm=true, nextAlarm=Mon Jul 26 13:20:18 GMT+07:00 2021 (1627280418667)}], now=Mon Jul 26 13:20:18 GMT+07:00 2021 (1627280418679), nextUserAlarmTime=Mon Jul 26 13:23:45 GMT+07:00 2021 (1627280625618)
07-26 13:20:18.679  1658  1658 D ConditionProviders.SCP: notifyCondition condition://android/schedule?days=1.2.3.4.5.6.7&start=22.0&end=7.0&exitAtAlarm=true STATE_FALSE reason=!meetsSchedule
07-26 13:20:18.681  1658  1658 D ConditionProviders.SCP: Scheduling evaluate for Mon Jul 26 22:00:00 GMT+07:00 2021 (1627311600000), in +8h39m41s321ms, now=Mon Jul 26 13:20:18 GMT+07:00 2021 (1627280418679)
07-26 13:20:18.692  1658  1658 V SettingsProvider: Notifying for 0: content://settings/system/next_alarm_formatted
07-26 13:20:18.692  1658  1658 D ConditionProviders.SCP: onReceive android.app.action.NEXT_ALARM_CLOCK_CHANGED
07-26 13:20:18.693  1658  1658 D ConditionProviders.SCP: evaluateSubscriptionLocked cal=ScheduleCalendar[mDays={1, 2, 3, 4, 5, 6, 7}, mSchedule=ScheduleInfo{days=[1, 2, 3, 4, 5, 6, 7], startHour=22, startMinute=0, endHour=7, endMinute=0, exitAtAlarm=true, nextAlarm=Mon Jul 26 13:23:45 GMT+07:00 2021 (1627280625618)}], now=Mon Jul 26 13:20:18 GMT+07:00 2021 (1627280418692), nextUserAlarmTime=Mon Jul 26 13:20:33 GMT+07:00 2021 (1627280433687)
07-26 13:20:18.693  1658  1658 D ConditionProviders.SCP: notifyCondition condition://android/schedule?days=1.2.3.4.5.6.7&start=22.0&end=7.0&exitAtAlarm=true STATE_FALSE reason=!meetsSchedule
07-26 13:20:18.695  1658  1658 D ConditionProviders.SCP: Scheduling evaluate for Mon Jul 26 22:00:00 GMT+07:00 2021 (1627311600000), in +8h39m41s308ms, now=Mon Jul 26 13:20:18 GMT+07:00 2021 (1627280418692)
07-26 13:20:18.696  1658  1793 D ColorDisplayService: Setting saturation level: 100
07-26 13:20:18.728  1658  1793 D ColorDisplayService: Setting saturation level: 100
07-26 13:20:18.729  1658  1793 D ColorDisplayService: GlobalSaturationTintController Animation cancelled: true to matrix: 
07-26 13:20:18.729  1658  1793 D ColorDisplayService:        1,000000 0,000000 0,000000 0,000000 0,000000 1,000000 0,000000 0,000000 0,000000 0,000000 1,000000 0,000000 0,000000 0,000000 0,000000 1,000000
07-26 13:20:21.738  1658  1793 D ColorDisplayService: GlobalSaturationTintController Animation cancelled: false to matrix: 
07-26 13:20:21.738  1658  1793 D ColorDisplayService:        1,000000 0,000000 0,000000 0,000000 0,000000 1,000000 0,000000 0,000000 0,000000 0,000000 1,000000 0,000000 0,000000 0,000000 0,000000 1,000000
07-26 13:20:27.648  1658 10556 D ConnectivityService: requestNetwork for uid/pid:1000/1658 NetworkRequest [ REQUEST id=956, legacyType=3, [ Transports: CELLULAR Capabilities: SUPL&NOT_RESTRICTED&TRUSTED&NOT_VPN Uid: 1000] ]
07-26 13:20:28.032  1658  2082 D ConnectivityService: registerNetworkAgent NetworkAgentInfo{ ni{[type: MOBILE[LTE], state: CONNECTED/CONNECTED, reason: connected, extra: m-wap, failover: false, available: true, roaming: false]}  network{149}  nethandle{643355824141}  lp{{InterfaceName: rmnet_data1 LinkAddresses: [ 10.122.144.35/29 ] DnsAddresses: [ /10.53.120.33,/10.51.52.225 ] Domains: null MTU: 1500 TcpBufferSizes: 2097152,4194304,8388608,262144,524288,1048576 Routes: [ 0.0.0.0/0 -> 10.122.144.36 rmnet_data1,10.122.144.32/29 -> 0.0.0.0 rmnet_data1 ]}}  nc{[ Transports: CELLULAR Capabilities: SUPL&INTERNET&NOT_RESTRICTED&TRUSTED&NOT_VPN&NOT_ROAMING&FOREGROUND&NOT_CONGESTED&NOT_SUSPENDED LinkUpBandwidth>=51200Kbps LinkDnBandwidth>=102400Kbps Specifier: <2>]}  Score{5}  everValidated{false}  lastValidated{false}  created{false} lingering{false} explicitlySelected{false} acceptUnvalidated{false} everCaptivePortalDetected{false} lastCaptivePortalDetected{false} captivePortalValidationPending{false} partialConnectivity{false} acceptPartialConnectivity{false} clat{mBaseIface: null, mIface: null, mState: IDLE} }
07-26 13:20:28.051  1658  2138 D ConnectivityService: NetworkAgentInfo [MOBILE (LTE) - 149] EVENT_NETWORK_INFO_CHANGED, going from null to CONNECTED
07-26 13:20:28.062  1658  2138 W DnsManager: updatePrivateDns(149, PrivateDnsConfig{true:/[]})
07-26 13:20:28.062  1658  2138 D ConnectivityService: Setting DNS servers for network 149 to [/10.53.120.33, /10.51.52.225]
07-26 13:20:28.063  1658  2138 D DnsManager: setDnsConfigurationForNetwork(149, [10.53.120.33, 10.51.52.225], [], 1800, 25, 8, 64, 0, 0, , [10.53.120.33, 10.51.52.225])
07-26 13:20:28.071  1658  2138 D ConnectivityService: Adding iface rmnet_data1 to network 149
07-26 13:20:28.099  1658  2138 D ConnectivityService: Setting DNS servers for network 149 to [/10.53.120.33, /10.51.52.225]
07-26 13:20:28.100  1658  2138 D DnsManager: setDnsConfigurationForNetwork(149, [10.53.120.33, 10.51.52.225], [], 1800, 25, 8, 64, 0, 0, , [10.53.120.33, 10.51.52.225])
07-26 13:20:28.107  1658  2138 I Nat464Xlat: Android Xlat is disabled
07-26 13:20:28.126  1658  2138 D ConnectivityService: Sending CONNECTED broadcast for type 3 NetworkAgentInfo [MOBILE (LTE) - 149] isDefaultNetwork=false
07-26 13:20:28.481  1658  1808 W BroadcastQueue: Background execution not allowed: receiving Intent { act=android.net.conn.NETWORK_CONDITIONS_MEASURED flg=0x10 (has extras) } to com.google.android.gms/.chimera.GmsIntentOperationService$PersistentTrustedReceiver
07-26 13:20:28.483  1658  2138 D ConnectivityService: NetworkAgentInfo [MOBILE (LTE) - 149] validation passed
07-26 13:20:28.491  1658  2138 D ConnectivityService: Setting DNS servers for network 149 to [/10.53.120.33, /10.51.52.225]
07-26 13:20:28.492  1658  2138 D DnsManager: setDnsConfigurationForNetwork(149, [10.53.120.33, 10.51.52.225], [], 1800, 25, 8, 64, 0, 0, , [10.53.120.33, 10.51.52.225])
07-26 13:20:28.955  1658  2138 D ConnectivityService: releasing NetworkRequest [ REQUEST id=956, legacyType=3, [ Transports: CELLULAR Capabilities: SUPL&NOT_RESTRICTED&TRUSTED&NOT_VPN Uid: 1000] ] (release request)
07-26 13:20:28.973  1658  2138 D ConnectivityService: Sending DISCONNECTED broadcast for type 3 NetworkAgentInfo [MOBILE (LTE) - 149] isDefaultNetwork=false
07-26 13:20:28.981  1658  2138 D ConnectivityService: NetworkAgentInfo [MOBILE (LTE) - 149] EVENT_NETWORK_INFO_CHANGED, going from CONNECTED to DISCONNECTED
07-26 13:20:28.982  1658  2138 D ConnectivityService: NetworkAgentInfo [MOBILE (LTE) - 149] got DISCONNECTED, was satisfying 8
07-26 13:20:28.999  1658  2138 I Nat464Xlat: Android Xlat is disabled
07-26 13:20:33.361  1658  1809 I ActivityManager: Start proc 22185:com.huawei.hwid.core/u0a229 for service {com.huawei.hwid/com.huawei.hwid.cloudsettings.services.CloudAccountService}
07-26 13:20:33.694  1658  1658 V SettingsProvider: Notifying for 0: content://settings/system/next_alarm_formatted
07-26 13:20:33.695  1658  1658 D ConditionProviders.SCP: onReceive android.app.action.NEXT_ALARM_CLOCK_CHANGED
07-26 13:20:33.696  1658  1658 D ConditionProviders.SCP: evaluateSubscriptionLocked cal=ScheduleCalendar[mDays={1, 2, 3, 4, 5, 6, 7}, mSchedule=ScheduleInfo{days=[1, 2, 3, 4, 5, 6, 7], startHour=22, startMinute=0, endHour=7, endMinute=0, exitAtAlarm=true, nextAlarm=Mon Jul 26 13:20:33 GMT+07:00 2021 (1627280433687)}], now=Mon Jul 26 13:20:33 GMT+07:00 2021 (1627280433695), nextUserAlarmTime=Mon Jul 26 13:23:45 GMT+07:00 2021 (1627280625618)
07-26 13:20:33.696  1658  1658 D ConditionProviders.SCP: notifyCondition condition://android/schedule?days=1.2.3.4.5.6.7&start=22.0&end=7.0&exitAtAlarm=true STATE_FALSE reason=!meetsSchedule
07-26 13:20:33.697  1658  1658 D ConditionProviders.SCP: Scheduling evaluate for Mon Jul 26 22:00:00 GMT+07:00 2021 (1627311600000), in +8h39m26s305ms, now=Mon Jul 26 13:20:33 GMT+07:00 2021 (1627280433695)
07-26 13:20:33.725  1658  1793 D ColorDisplayService: Setting saturation level: 100
07-26 13:20:33.732  1658  1658 V SettingsProvider: Notifying for 0: content://settings/system/next_alarm_formatted
07-26 13:20:33.732  1658  1658 D ConditionProviders.SCP: onReceive android.app.action.NEXT_ALARM_CLOCK_CHANGED
07-26 13:20:33.733  1658  1658 D ConditionProviders.SCP: evaluateSubscriptionLocked cal=ScheduleCalendar[mDays={1, 2, 3, 4, 5, 6, 7}, mSchedule=ScheduleInfo{days=[1, 2, 3, 4, 5, 6, 7], startHour=22, startMinute=0, endHour=7, endMinute=0, exitAtAlarm=true, nextAlarm=Mon Jul 26 13:23:45 GMT+07:00 2021 (1627280625618)}], now=Mon Jul 26 13:20:33 GMT+07:00 2021 (1627280433732), nextUserAlarmTime=Mon Jul 26 13:20:48 GMT+07:00 2021 (1627280448729)
07-26 13:20:33.733  1658  1658 D ConditionProviders.SCP: notifyCondition condition://android/schedule?days=1.2.3.4.5.6.7&start=22.0&end=7.0&exitAtAlarm=true STATE_FALSE reason=!meetsSchedule
07-26 13:20:33.736  1658  1658 D ConditionProviders.SCP: Scheduling evaluate for Mon Jul 26 22:00:00 GMT+07:00 2021 (1627311600000), in +8h39m26s268ms, now=Mon Jul 26 13:20:33 GMT+07:00 2021 (1627280433732)
07-26 13:20:33.815  1658  1793 D ColorDisplayService: Setting saturation level: 100
07-26 13:20:33.816  1658  1793 D ColorDisplayService: GlobalSaturationTintController Animation cancelled: true to matrix: 
07-26 13:20:33.816  1658  1793 D ColorDisplayService:        1,000000 0,000000 0,000000 0,000000 0,000000 1,000000 0,000000 0,000000 0,000000 0,000000 1,000000 0,000000 0,000000 0,000000 0,000000 1,000000
07-26 13:20:33.903  1658  1809 I ActivityManager: Start proc 22213:com.huawei.hwid.persistent/u0a229 for service {com.huawei.hwid/com.huawei.hms.fwksdk.service.DummyPersistService}
07-26 13:20:34.307 22185 22257 D ActivityThread: Loading provider com.huawei.hms.runtimekit.kitcontainerservice.KitProcessAgentCoreProvider: com.huawei.hms.runtimekit.kitcontainerservice.KitProcessAgentCoreProvider
07-26 13:20:34.776  1658  2605 I ActivityManager: Killing 20635:com.mservice.momotransfer/u0a209 (adj 975): empty #17
07-26 13:20:34.778  1658  2605 I ActivityManager: Killing 20727:com.facebook.katana/u0a260 (adj 985): empty #18
07-26 13:20:35.936  1658  4745 D ConnectivityService: ConnectivityService NetworkRequestInfo binderDied(NetworkRequest [ TRACK_DEFAULT id=949, [ Capabilities: INTERNET&NOT_RESTRICTED&TRUSTED Uid: 10209] ], android.os.BinderProxy@ab68a70)
07-26 13:20:35.936  1658  2138 D ConnectivityService: releasing NetworkRequest [ TRACK_DEFAULT id=949, [ Capabilities: INTERNET&NOT_RESTRICTED&TRUSTED Uid: 10209] ] (release request)
07-26 13:20:36.824  1658  1793 D ColorDisplayService: GlobalSaturationTintController Animation cancelled: false to matrix: 
07-26 13:20:36.824  1658  1793 D ColorDisplayService:        1,000000 0,000000 0,000000 0,000000 0,000000 1,000000 0,000000 0,000000 0,000000 0,000000 1,000000 0,000000 0,000000 0,000000 0,000000 1,000000
07-26 13:20:37.706  1658  1809 I ActivityManager: Start proc 22514:com.huawei.hwid.container1/u0a229 for content provider {com.huawei.hwid/com.huawei.hms.runtimekit.kitcontainerservice.KitProcessAgent1Provider}
07-26 13:20:37.728  1658  4794 I ActivityManager: Killing 21600:com.android.chrome/u0a162 (adj 975): empty #17
07-26 13:20:38.217  1658  1658 I RoleManagerService: Granting default permissions...
07-26 13:20:38.444  1658  1658 W Looper  : Slow dispatch took 225ms main h=android.app.ActivityThread$H c=android.app.-$$Lambda$LoadedApk$ReceiverDispatcher$Args$_BumDX2UKsnxLVrE6UJsJZkotuA@5d943e4 m=0
07-26 13:20:38.445  1658  1658 W Looper  : Slow delivery took 239ms main h=android.app.ActivityThread$H c=android.app.-$$Lambda$LoadedApk$ReceiverDispatcher$Args$_BumDX2UKsnxLVrE6UJsJZkotuA@689904d m=0
07-26 13:20:38.548  1658  1658 I Telecom : DefaultDialerCache: Refreshing default dialer for user 0: now com.google.android.dialer: DDC.oR@CC4
07-26 13:20:38.559  1658  1658 W Looper  : Drained
07-26 13:20:38.585  1658  1809 I ActivityManager: Start proc 22583:com.mservice.momotransfer/u0a209 for service {com.mservice.momotransfer/com.transistorsoft.tsbackgroundfetch.FetchJobService}
07-26 13:20:38.587  1658  2848 W ActivityManager: Background start not allowed: service Intent { cmp=com.google.android.apps.messaging/.shared.datamodel.action.execution.ActionExecutorImpl$EmptyService } to com.google.android.apps.messaging/.shared.datamodel.action.execution.ActionExecutorImpl$EmptyService from pid=21254 uid=10166 pkg=com.google.android.apps.messaging startFg?=false
07-26 13:20:38.901  1658  1809 I ActivityManager: Start proc 22629:com.facebook.katana/u0a260 for content provider {com.facebook.katana/com.facebook.platform.common.provider.PlatformProviderBase}
07-26 13:20:39.170  1658  1806 I RoleUserState: Wrote roles.xml successfully
07-26 13:20:39.735  1658  1658 I RoleManagerService: Granting default permissions...
07-26 13:20:39.883  1658  7092 D ConnectivityService: requestNetwork for uid/pid:10209/22583 NetworkRequest [ TRACK_DEFAULT id=957, [ Capabilities: INTERNET&NOT_RESTRICTED&TRUSTED Uid: 10209] ]
07-26 13:20:39.894  1658  1658 I Telecom : DefaultDialerCache: Refreshing default dialer for user 0: now com.google.android.dialer: DDC.oR@CC8
07-26 13:20:40.016  1658  1789 W Looper  : Slow delivery took 210ms android.fg h=android.os.Handler c=<recycled PooledLambda@20db42e> m=0
07-26 13:20:40.022  1658  1789 W Looper  : Drained
07-26 13:20:40.645  1658  1790 W Looper  : Slow dispatch took 104ms android.ui h=com.android.server.am.ActivityManagerService$UiHandler c=null m=53
07-26 13:20:40.727  1658  1806 I RoleUserState: Wrote roles.xml successfully
07-26 13:20:40.844  1658  1809 I ActivityManager: Start proc 22770:com.huawei.hwid/u0a229 for broadcast {com.huawei.hwid/com.huawei.sns.logic.push.PushSnsAarReceiver}
07-26 13:20:42.252  1658  1809 I ActivityManager: Start proc 22858:com.google.android.webview:sandboxed_process0:org.chromium.content.app.SandboxedProcessService0:0/u0i148 for  {com.huawei.hwid/org.chromium.content.app.SandboxedProcessService0:0}
07-26 13:20:42.484  1658  3416 D ConnectivityService: requestNetwork for uid/pid:10229/22770 NetworkRequest [ TRACK_DEFAULT id=959, [ Capabilities: INTERNET&NOT_RESTRICTED&TRUSTED Uid: 10229] ]
07-26 13:20:42.560  1658  2138 D ConnectivityService: releasing NetworkRequest [ TRACK_DEFAULT id=959, [ Capabilities: INTERNET&NOT_RESTRICTED&TRUSTED Uid: 10229] ] (release request)
07-26 13:20:43.141  1658  3416 I ActivityManager: Killing 21614:com.google.android.dialer/u0a120 (adj 965): empty #17
07-26 13:20:43.999 22950 22950 F linker  : CANNOT LINK EXECUTABLE "/data/data/com.facebook.katana/app_errorreporting/sess__000007719-1627280439367-096d5cae-bc68-951c-a2fe-4812ea37d7eb/nightwatch.txt": library "libclang_rt.xray.so" not found
07-26 13:20:44.193  1658  1809 I ActivityManager: Start proc 22966:com.google.android.webview:sandboxed_process0:org.chromium.content.app.SandboxedProcessService0:0/u0i149 for  {com.mservice.momotransfer/org.chromium.content.app.SandboxedProcessService0:0}
07-26 13:20:44.848  1658  2138 D ConnectivityService: Blocked status changed to true for 10209(957) on netId 145
07-26 13:20:46.883  1658  2996 W ActivityManager: Background start not allowed: service Intent { act=Orca.START cmp=com.facebook.katana/com.facebook.mqttlite.MqttService (has extras) } to com.facebook.katana/com.facebook.mqttlite.MqttService from pid=22629 uid=10260 pkg=com.facebook.katana startFg?=false
07-26 13:20:48.184  1658  1808 W BroadcastQueue: Permission Denial: broadcasting Intent { act=android.net.conn.CONNECTIVITY_CHANGE flg=0x4200010 (has extras) } from null (pid=-1, uid=-1) requires com.facebook.permission.prod.FB_APP_COMMUNICATION due to registered receiver BroadcastFilter{b877d8 10260/u0 ReceiverList{65a36bb 22629 com.facebook.katana/10260/u0 remote:56fe74a}}
07-26 13:20:48.184  1658  1808 W BroadcastQueue: Permission Denial: broadcasting Intent { act=android.net.conn.INET_CONDITION_ACTION flg=0x4000010 (has extras) } from null (pid=-1, uid=-1) requires com.facebook.permission.prod.FB_APP_COMMUNICATION due to registered receiver BroadcastFilter{b877d8 10260/u0 ReceiverList{65a36bb 22629 com.facebook.katana/10260/u0 remote:56fe74a}}
07-26 13:20:48.243  1658  1808 W BroadcastQueue: Permission Denial: broadcasting Intent { act=android.net.conn.CONNECTIVITY_CHANGE flg=0x4200010 (has extras) } from null (pid=-1, uid=-1) requires com.facebook.permission.prod.FB_APP_COMMUNICATION due to registered receiver BroadcastFilter{5eb8397 10260/u0 ReceiverList{e4d2e16 22629 com.facebook.katana/10260/u0 remote:c1f0731}}
07-26 13:20:48.440  1658  1809 I ActivityManager: Start proc 23122:com.facebook.orca/u0a178 for content provider {com.facebook.orca/com.facebook.messenger.app.MessengerLoggedInUserProvider}
07-26 13:20:48.737  1658  1658 V SettingsProvider: Notifying for 0: content://settings/system/next_alarm_formatted
07-26 13:20:48.740  1658  1658 D ConditionProviders.SCP: onReceive android.app.action.NEXT_ALARM_CLOCK_CHANGED
07-26 13:20:48.740  1658  1658 D ConditionProviders.SCP: evaluateSubscriptionLocked cal=ScheduleCalendar[mDays={1, 2, 3, 4, 5, 6, 7}, mSchedule=ScheduleInfo{days=[1, 2, 3, 4, 5, 6, 7], startHour=22, startMinute=0, endHour=7, endMinute=0, exitAtAlarm=true, nextAlarm=Mon Jul 26 13:20:48 GMT+07:00 2021 (1627280448729)}], now=Mon Jul 26 13:20:48 GMT+07:00 2021 (1627280448740), nextUserAlarmTime=Mon Jul 26 13:23:45 GMT+07:00 2021 (1627280625618)
07-26 13:20:48.740  1658  1658 D ConditionProviders.SCP: notifyCondition condition://android/schedule?days=1.2.3.4.5.6.7&start=22.0&end=7.0&exitAtAlarm=true STATE_FALSE reason=!meetsSchedule
07-26 13:20:48.742  1658  1658 D ConditionProviders.SCP: Scheduling evaluate for Mon Jul 26 22:00:00 GMT+07:00 2021 (1627311600000), in +8h39m11s260ms, now=Mon Jul 26 13:20:48 GMT+07:00 2021 (1627280448740)
07-26 13:20:48.757  1658  1658 V SettingsProvider: Notifying for 0: content://settings/system/next_alarm_formatted
07-26 13:20:48.758  1658  1658 D ConditionProviders.SCP: onReceive android.app.action.NEXT_ALARM_CLOCK_CHANGED
07-26 13:20:48.758  1658  1658 D ConditionProviders.SCP: evaluateSubscriptionLocked cal=ScheduleCalendar[mDays={1, 2, 3, 4, 5, 6, 7}, mSchedule=ScheduleInfo{days=[1, 2, 3, 4, 5, 6, 7], startHour=22, startMinute=0, endHour=7, endMinute=0, exitAtAlarm=true, nextAlarm=Mon Jul 26 13:23:45 GMT+07:00 2021 (1627280625618)}], now=Mon Jul 26 13:20:48 GMT+07:00 2021 (1627280448758), nextUserAlarmTime=Mon Jul 26 13:21:03 GMT+07:00 2021 (1627280463754)
07-26 13:20:48.759  1658  1658 D ConditionProviders.SCP: notifyCondition condition://android/schedule?days=1.2.3.4.5.6.7&start=22.0&end=7.0&exitAtAlarm=true STATE_FALSE reason=!meetsSchedule
07-26 13:20:48.760  1658  1658 D ConditionProviders.SCP: Scheduling evaluate for Mon Jul 26 22:00:00 GMT+07:00 2021 (1627311600000), in +8h39m11s242ms, now=Mon Jul 26 13:20:48 GMT+07:00 2021 (1627280448758)
07-26 13:20:48.766  1658  1793 D ColorDisplayService: Setting saturation level: 100
07-26 13:20:48.859  1658  1793 D ColorDisplayService: Setting saturation level: 100
07-26 13:20:48.860  1658  1793 D ColorDisplayService: GlobalSaturationTintController Animation cancelled: true to matrix: 
07-26 13:20:48.860  1658  1793 D ColorDisplayService:        1,000000 0,000000 0,000000 0,000000 0,000000 1,000000 0,000000 0,000000 0,000000 0,000000 1,000000 0,000000 0,000000 0,000000 0,000000 1,000000
07-26 13:20:48.886 22629 22928 E ActivityThread: Failed to find provider info for com.facebook.appmanager.firstparty.crashreporter
07-26 13:20:50.644  1658  3963 W ActivityManager: Background start not allowed: service Intent { act=Orca.START cmp=com.facebook.orca/com.facebook.mqttlite.MqttService (has extras) } to com.facebook.orca/com.facebook.mqttlite.MqttService from pid=23122 uid=10178 pkg=com.facebook.orca startFg?=false
07-26 13:20:50.921  1658  3963 I ActivityManager: Killing 21629:com.google.android.googlequicksearchbox/u0a135 (adj 975): empty #17
07-26 13:20:51.878  1658  1793 D ColorDisplayService: GlobalSaturationTintController Animation cancelled: false to matrix: 
07-26 13:20:51.878  1658  1793 D ColorDisplayService:        1,000000 0,000000 0,000000 0,000000 0,000000 1,000000 0,000000 0,000000 0,000000 0,000000 1,000000 0,000000 0,000000 0,000000 0,000000 1,000000
07-26 13:20:53.929  1658  7674 W ActivityManager: Background start not allowed: service Intent { act=Orca.PERSISTENT_KICK_SKIP_PING cmp=com.facebook.orca/com.facebook.mqttlite.MqttService (has extras) } to com.facebook.orca/com.facebook.mqttlite.MqttService from pid=23122 uid=10178 pkg=com.facebook.orca startFg?=false
07-26 13:20:54.338  1658  1808 W BroadcastQueue: Permission Denial: broadcasting Intent { act=android.net.conn.CONNECTIVITY_CHANGE flg=0x4200010 (has extras) } from null (pid=-1, uid=-1) requires com.facebook.permission.prod.FB_APP_COMMUNICATION due to registered receiver BroadcastFilter{b4c602a 10178/u0 ReceiverList{83a2515 23122 com.facebook.orca/10178/u0 remote:d9f8ecc}}
07-26 13:20:54.339  1658  1808 W BroadcastQueue: Permission Denial: broadcasting Intent { act=android.net.conn.INET_CONDITION_ACTION flg=0x4000010 (has extras) } from null (pid=-1, uid=-1) requires com.facebook.permission.prod.FB_APP_COMMUNICATION due to registered receiver BroadcastFilter{b4c602a 10178/u0 ReceiverList{83a2515 23122 com.facebook.orca/10178/u0 remote:d9f8ecc}}
07-26 13:20:54.343  1658  3963 D ConnectivityService: requestNetwork for uid/pid:10178/23122 NetworkRequest [ TRACK_DEFAULT id=961, [ Capabilities: INTERNET&NOT_RESTRICTED&TRUSTED Uid: 10178] ]
07-26 13:20:54.365  1658  1808 W BroadcastQueue: Permission Denial: broadcasting Intent { act=android.net.conn.CONNECTIVITY_CHANGE flg=0x4200010 (has extras) } from null (pid=-1, uid=-1) requires com.facebook.permission.prod.FB_APP_COMMUNICATION due to registered receiver BroadcastFilter{f24fd91 10178/u0 ReceiverList{69ccbb8 23122 com.facebook.orca/10178/u0 remote:f4dee1b}}
07-26 13:20:55.028  1658  3961 I ActivityManager: Killing 21622:com.skype.raider/u0a187 (adj 975): empty #17
07-26 13:20:55.091  1658  3963 D ConnectivityService: ConnectivityService NetworkRequestInfo binderDied(NetworkRequest [ TRACK_DEFAULT id=953, [ Capabilities: INTERNET&NOT_RESTRICTED&TRUSTED Uid: 10187] ], android.os.BinderProxy@25d9b3a)
07-26 13:20:55.092  1658  2138 D ConnectivityService: releasing NetworkRequest [ TRACK_DEFAULT id=953, [ Capabilities: INTERNET&NOT_RESTRICTED&TRUSTED Uid: 10187] ] (release request)
07-26 13:21:03.763  1658  1658 V SettingsProvider: Notifying for 0: content://settings/system/next_alarm_formatted
07-26 13:21:03.764  1658  1658 D ConditionProviders.SCP: onReceive android.app.action.NEXT_ALARM_CLOCK_CHANGED
07-26 13:21:03.765  1658  1658 D ConditionProviders.SCP: evaluateSubscriptionLocked cal=ScheduleCalendar[mDays={1, 2, 3, 4, 5, 6, 7}, mSchedule=ScheduleInfo{days=[1, 2, 3, 4, 5, 6, 7], startHour=22, startMinute=0, endHour=7, endMinute=0, exitAtAlarm=true, nextAlarm=Mon Jul 26 13:21:03 GMT+07:00 2021 (1627280463754)}], now=Mon Jul 26 13:21:03 GMT+07:00 2021 (1627280463764), nextUserAlarmTime=Mon Jul 26 13:23:45 GMT+07:00 2021 (1627280625618)
07-26 13:21:03.765  1658  1658 D ConditionProviders.SCP: notifyCondition condition://android/schedule?days=1.2.3.4.5.6.7&start=22.0&end=7.0&exitAtAlarm=true STATE_FALSE reason=!meetsSchedule
07-26 13:21:03.766  1658  1658 D ConditionProviders.SCP: Scheduling evaluate for Mon Jul 26 22:00:00 GMT+07:00 2021 (1627311600000), in +8h38m56s236ms, now=Mon Jul 26 13:21:03 GMT+07:00 2021 (1627280463764)
07-26 13:21:03.788  1658  1658 V SettingsProvider: Notifying for 0: content://settings/system/next_alarm_formatted
07-26 13:21:03.788  1658  1658 D ConditionProviders.SCP: onReceive android.app.action.NEXT_ALARM_CLOCK_CHANGED
07-26 13:21:03.789  1658  1658 D ConditionProviders.SCP: evaluateSubscriptionLocked cal=ScheduleCalendar[mDays={1, 2, 3, 4, 5, 6, 7}, mSchedule=ScheduleInfo{days=[1, 2, 3, 4, 5, 6, 7], startHour=22, startMinute=0, endHour=7, endMinute=0, exitAtAlarm=true, nextAlarm=Mon Jul 26 13:23:45 GMT+07:00 2021 (1627280625618)}], now=Mon Jul 26 13:21:03 GMT+07:00 2021 (1627280463788), nextUserAlarmTime=Mon Jul 26 13:21:18 GMT+07:00 2021 (1627280478784)
07-26 13:21:03.789  1658  1658 D ConditionProviders.SCP: notifyCondition condition://android/schedule?days=1.2.3.4.5.6.7&start=22.0&end=7.0&exitAtAlarm=true STATE_FALSE reason=!meetsSchedule
07-26 13:21:03.790  1658  1658 D ConditionProviders.SCP: Scheduling evaluate for Mon Jul 26 22:00:00 GMT+07:00 2021 (1627311600000), in +8h38m56s212ms, now=Mon Jul 26 13:21:03 GMT+07:00 2021 (1627280463788)
07-26 13:21:03.794  1658  1793 D ColorDisplayService: Setting saturation level: 100
07-26 13:21:03.835  1658  1793 D ColorDisplayService: Setting saturation level: 100
07-26 13:21:03.835  1658  1793 D ColorDisplayService: GlobalSaturationTintController Animation cancelled: true to matrix: 
07-26 13:21:03.835  1658  1793 D ColorDisplayService:        1,000000 0,000000 0,000000 0,000000 0,000000 1,000000 0,000000 0,000000 0,000000 0,000000 1,000000 0,000000 0,000000 0,000000 0,000000 1,000000
07-26 13:21:03.852  1658  2605 I ActivityManager: Killing 21769:com.google.android.tts/u0a137 (adj 975): empty #17
07-26 13:21:06.850  1658  1793 D ColorDisplayService: GlobalSaturationTintController Animation cancelled: false to matrix: 
07-26 13:21:06.850  1658  1793 D ColorDisplayService:        1,000000 0,000000 0,000000 0,000000 0,000000 1,000000 0,000000 0,000000 0,000000 0,000000 1,000000 0,000000 0,000000 0,000000 0,000000 1,000000
07-26 13:21:10.026  1658  1806 I ActivityManager: Killing 20589:com.microsoft.office.outlook/u0a176 (adj 965): empty #17
07-26 13:21:10.030  1658  1806 I ActivityManager: Killing 24415:com.google.process.gservices/u0a116 (adj 975): empty #18
07-26 13:21:10.064  1658  1809 I ActivityManager: Start proc 23297:com.android.vending/u0a62 for broadcast {com.android.vending/com.google.android.finsky.verifier.impl.PackageVerificationReceiver}
07-26 13:21:10.110  1658  2178 D ConnectivityService: ConnectivityService NetworkRequestInfo binderDied(NetworkRequest [ LISTEN id=944, [ Capabilities: INTERNET&NOT_RESTRICTED&TRUSTED&NOT_VPN&FOREGROUND Uid: 10176] ], android.os.BinderProxy@1048f6f)
07-26 13:21:10.110  1658  2392 D ConnectivityService: ConnectivityService NetworkRequestInfo binderDied(NetworkRequest [ TRACK_DEFAULT id=946, [ Capabilities: INTERNET&NOT_RESTRICTED&TRUSTED Uid: 10176] ], android.os.BinderProxy@17f147c)
07-26 13:21:10.110  1658  2998 D ConnectivityService: ConnectivityService NetworkRequestInfo binderDied(NetworkRequest [ TRACK_DEFAULT id=952, [ Capabilities: INTERNET&NOT_RESTRICTED&TRUSTED Uid: 10176] ], android.os.BinderProxy@f41b105)
07-26 13:21:10.110  1658  2138 D ConnectivityService: releasing NetworkRequest [ TRACK_DEFAULT id=952, [ Capabilities: INTERNET&NOT_RESTRICTED&TRUSTED Uid: 10176] ] (release request)
07-26 13:21:10.114  1658  2138 D ConnectivityService: releasing NetworkRequest [ TRACK_DEFAULT id=946, [ Capabilities: INTERNET&NOT_RESTRICTED&TRUSTED Uid: 10176] ] (release request)
07-26 13:21:10.436  1658  1809 I ActivityManager: Start proc 23326:com.google.process.gservices/u0a116 for content provider {com.google.android.gsf/com.google.android.gsf.gservices.GservicesProvider}
07-26 13:21:10.651  1658  2392 D ConnectivityService: requestNetwork for uid/pid:10062/23297 NetworkRequest [ TRACK_DEFAULT id=962, [ Capabilities: INTERNET&NOT_RESTRICTED&TRUSTED Uid: 10062] ]
07-26 13:21:10.817  1658  1809 I ActivityManager: Start proc 23387:com.google.process.gapps/u0a116 for content provider {com.google.android.gsf/com.google.android.gsf.settings.GoogleSettingsProvider}
07-26 13:21:11.221  1658  1809 I ActivityManager: Start proc 23431:com.android.vending:download_service/u0a62 for service {com.android.vending/com.google.android.finsky.ipcservers.downloadservice.DownloadServiceGrpcServerAndroidService}
07-26 13:21:11.448  1658  7674 D ConnectivityService: requestNetwork for uid/pid:10062/23431 NetworkRequest [ TRACK_DEFAULT id=964, [ Capabilities: INTERNET&NOT_RESTRICTED&TRUSTED Uid: 10062] ]
07-26 13:21:11.820  1658  1808 I ActivityManager: Force stopping com.example.testcameramediacodec appid=10291 user=-1: installPackageLI
07-26 13:21:11.821  1658  1851 I PackageManager: Update package com.example.testcameramediacodec code path from /data/app/com.example.testcameramediacodec-3whSvOj8IKKslQLYsvl7hQ== to /data/app/com.example.testcameramediacodec-2uLBknkEctUkiOxxGbKitw==; Retain data and using new
07-26 13:21:11.821  1658  1851 I PackageManager: Update package com.example.testcameramediacodec resource path from /data/app/com.example.testcameramediacodec-3whSvOj8IKKslQLYsvl7hQ== to /data/app/com.example.testcameramediacodec-2uLBknkEctUkiOxxGbKitw==; Retain data and using new
07-26 13:21:11.913  1658  1851 I PackageManager: Un-granting permission android.permission.WRITE_SETTINGS from package com.skype.raider (protectionLevel=1218 flags=0x30c83e44)
07-26 13:21:11.913  1658  1851 I PackageManager: Un-granting permission android.permission.SYSTEM_ALERT_WINDOW from package com.skype.raider (protectionLevel=1250 flags=0x30c83e44)
07-26 13:21:11.913  1658  1851 I PackageManager: Un-granting permission android.permission.MANAGE_DOCUMENTS from package com.google.android.youtube (protectionLevel=262146 flags=0x30dbbec5)
07-26 13:21:11.913  1658  1851 I PackageManager: Un-granting permission android.permission.SYSTEM_ALERT_WINDOW from package com.microsoft.appmanager (protectionLevel=1250 flags=0x30c8be44)
07-26 13:21:11.913  1658  1851 I PackageManager: Un-granting permission android.permission.WRITE_SETTINGS from package com.microsoft.appmanager (protectionLevel=1218 flags=0x30c8be44)
07-26 13:21:11.915  1658  1851 I PackageManager: Un-granting permission com.google.android.googleapps.permission.GOOGLE_AUTH from package com.android.providers.calendar (protectionLevel=2 flags=0x30883e45)
