--------- beginning of system
07-26 13:01:50.127  1159  1159 E TLOC    : [TLOCChannel]"Can't receive message due to timeout"
07-26 13:01:50.127  1159  1159 I TLOC    : [TLOCDaemon ]"timeout passed with no location fix - close the session"
07-26 13:01:50.129  1159  1159 I TLOC    : [ModemComm  ]"Stopped the session successfully"
07-26 13:01:50.129  1159  1159 D TLOC    : [TLOCDaemon ]"The command finished successfully"
07-26 13:01:50.129  1159  1159 D TLOC    : [TLOCDaemon ]"waiting for command"
07-26 13:01:50.129  1159  1159 D TLOC    : [TLOCChannel] "Going to receive message for TLOCD"
07-26 13:01:50.129  1159  1159 D TLOC    : [TLOCChannel] "wait for message for user TLOCD"
07-26 13:01:50.129  1159  1452 I TLOC    : [Modem      ]"Received event indication of position report with status USER_END"
07-26 13:01:58.217  1658  1809 I chatty  : uid=1000(system) ActivityManager expire 7 lines
07-26 13:01:58.359  1658  2178 I chatty  : uid=1000(system) Binder:1658_4 expire 8 lines
07-26 13:01:59.112  1658  5316 I chatty  : uid=1000(system) Binder:1658_1D expire 1 line
07-26 13:01:59.177  1658  2138 I chatty  : uid=1000(system) ConnectivitySer expire 2 lines
07-26 13:02:01.673  1658  1658 I chatty  : uid=1000 system_server expire 49 lines
07-26 13:02:01.691  1658  1793 I chatty  : uid=1000(system) android.display expire 20 lines
07-26 13:02:04.375  1658  7092 I chatty  : uid=1000(system) Binder:1658_1F expire 4 lines
07-26 13:02:04.726  1658  4793 I chatty  : uid=1000(system) Binder:1658_1A expire 3 lines
07-26 13:02:10.378  1658  1808 I chatty  : uid=1000(system) ActivityManager expire 7 lines
07-26 13:02:15.035  1658  1728 I chatty  : uid=1000(system) Binder:1658_1 expire 2 lines
07-26 13:02:23.538  1658  1806 I chatty  : uid=1000(system) android.bg expire 1 line
07-26 13:02:43.962  1658  1819 I chatty  : uid=1000(system) batterystats-wo expire 3 lines
07-26 13:03:05.933  1658  6727 I chatty  : uid=1000(system) Binder:1658_1E expire 1 line
--------- beginning of crash
07-26 13:03:05.964 16833 16833 F linker  : CANNOT LINK EXECUTABLE "/data/data/com.facebook.katana/app_errorreporting/sess__000007717-1627279383933-50e7567e-8865-b696-9567-db724004f700/nightwatch.txt": library "libclang_rt.xray.so" not found
07-26 13:03:06.438  1658  3920 I chatty  : uid=1000(system) Binder:1658_10 expire 3 lines
07-26 13:03:07.959  1658  3963 I chatty  : uid=1000(system) Binder:1658_15 expire 3 lines
07-26 13:03:07.960  1658  4778 I chatty  : uid=1000(system) Binder:1658_19 expire 2 lines
07-26 13:03:13.143 16555 16772 E ActivityThread: Failed to find provider info for com.facebook.appmanager.firstparty.crashreporter
07-26 13:03:16.803  1658  1658 I chatty  : uid=1000 system_server expire 8 lines
07-26 13:03:16.842  1658  1793 I chatty  : uid=1000(system) android.display expire 4 lines
07-26 13:03:18.286  1658  3906 I chatty  : uid=1000(system) Binder:1658_F expire 3 lines
07-26 13:03:29.306  1658  1837 I chatty  : uid=1000(system) PowerManagerSer expire 1 line
07-26 13:03:29.817 16264 17138 F libc    : Fatal signal 11 (SIGSEGV), code 1 (SEGV_MAPERR), fault addr 0xffffffffffffffc0 in tid 17138 (startStream), pid 16264 (ameramediacodec)
07-26 13:03:29.965 17142 17142 F DEBUG   : *** *** *** *** *** *** *** *** *** *** *** *** *** *** *** ***
07-26 13:03:29.965 17142 17142 F DEBUG   : Build fingerprint: 'Nokia/CaptainAmerica_00WW/CAP_sprout:10/QKQ1.200114.002/00WW_1_29G:user/release-keys'
07-26 13:03:29.965 17142 17142 F DEBUG   : Revision: '0'
07-26 13:03:29.965 17142 17142 F DEBUG   : ABI: 'arm64'
07-26 13:03:29.966 17142 17142 F DEBUG   : Timestamp: 2021-07-26 13:03:29+0700
07-26 13:03:29.966 17142 17142 F DEBUG   : pid: 16264, tid: 17138, name: startStream  >>> com.example.testcameramediacodec <<<
07-26 13:03:29.966 17142 17142 F DEBUG   : uid: 10291
07-26 13:03:29.966 17142 17142 F DEBUG   : signal 11 (SIGSEGV), code 1 (SEGV_MAPERR), fault addr 0xffffffffffffffc0
07-26 13:03:29.966 17142 17142 F DEBUG   :     x0  0000007bc98001f0  x1  0000007bc9a008c0  x2  0000007b65b3b1c8  x3  0000007b65b3b1d8
07-26 13:03:29.966 17142 17142 F DEBUG   :     x4  0000000000000000  x5  0000000000000000  x6  0000000000000033  x7  0000007bc989edf0
07-26 13:03:29.966 17142 17142 F DEBUG   :     x8  ffffffffffffffc0  x9  000000062000f001  x10 000000000000003e  x11 0000000000000000
07-26 13:03:29.966 17142 17142 F DEBUG   :     x12 0000007bc9800000  x13 fffffffffc000000  x14 0000000000000008  x15 4000000000000000
07-26 13:03:29.966 17142 17142 F DEBUG   :     x16 0000007c59dd18d8  x17 0000007c59dc3b00  x18 0000007b5e182000  x19 0000007bc9a008c0
07-26 13:03:29.966 17142 17142 F DEBUG   :     x20 0000007b65b3b008  x21 0000007b65b3b1d8  x22 0000007c59cfedc0  x23 0000000000000000
07-26 13:03:29.966 17142 17142 F DEBUG   :     x24 0000007bc9a04898  x25 0000000000000000  x26 0000007bc9a008c0  x27 0000000000000008
07-26 13:03:29.966 17142 17142 F DEBUG   :     x28 fffffffffffffff8  x29 0000007bc599b570
07-26 13:03:29.966 17142 17142 F DEBUG   :     sp  0000007bc599b510  lr  0000007c59d2ca48  pc  0000007c59d2cb64
07-26 13:03:29.988 17142 17142 F DEBUG   : 
07-26 13:03:29.988 17142 17142 F DEBUG   : backtrace:
07-26 13:03:29.988 17142 17142 F DEBUG   :       #00 pc 0000000000050b64  /apex/com.android.runtime/lib64/bionic/libc.so (je_arena_tcache_fill_small+372) (BuildId: 87ed7ba713785c50670d166a6a1664a7)
07-26 13:03:29.988 17142 17142 F DEBUG   :       #01 pc 000000000007af7c  /apex/com.android.runtime/lib64/bionic/libc.so (je_tcache_alloc_small_hard+24) (BuildId: 87ed7ba713785c50670d166a6a1664a7)
07-26 13:03:29.988 17142 17142 F DEBUG   :       #02 pc 00000000000453f0  /apex/com.android.runtime/lib64/bionic/libc.so (je_malloc+552) (BuildId: 87ed7ba713785c50670d166a6a1664a7)
07-26 13:03:29.988 17142 17142 F DEBUG   :       #03 pc 000000000004136c  /apex/com.android.runtime/lib64/bionic/libc.so (malloc+40) (BuildId: 87ed7ba713785c50670d166a6a1664a7)
07-26 13:03:29.988 17142 17142 F DEBUG   :       #04 pc 0000000000068a20  /system/lib64/libc++.so (operator new(unsigned long)+32) (BuildId: 9587884aecc7c8f3f7f86956ad516fed)
07-26 13:03:29.988 17142 17142 F DEBUG   :       #05 pc 0000000000089a68  /system/lib64/libgui.so (android::hardware::graphics::bufferqueue::V1_0::utils::H2BGraphicBufferProducer::dequeueBuffer(int*, android::sp<android::Fence>*, unsigned int, unsigned int, int, unsigned long, unsigned long*, android::FrameEventHistoryDelta*)+84) (BuildId: d01a841b12f445c4a2698c7106f6bca6)
07-26 13:03:29.988 17142 17142 F DEBUG   :       #06 pc 00000000000b9e98  /system/lib64/libgui.so (android::Surface::dequeueBuffer(ANativeWindowBuffer**, int*)+392) (BuildId: d01a841b12f445c4a2698c7106f6bca6)
07-26 13:03:29.988 17142 17142 F DEBUG   :       #07 pc 00000000000be260  /system/lib64/libgui.so (android::Surface::lock(ANativeWindow_Buffer*, ARect*)+132) (BuildId: d01a841b12f445c4a2698c7106f6bca6)
07-26 13:03:29.988 17142 17142 F DEBUG   :       #08 pc 00000000000bb904  /system/lib64/libgui.so (android::Surface::perform(int, std::__va_list)+1064) (BuildId: d01a841b12f445c4a2698c7106f6bca6)
07-26 13:03:29.988 17142 17142 F DEBUG   :       #09 pc 00000000000b89e8  /system/lib64/libgui.so (android::Surface::hook_perform(ANativeWindow*, int, ...)+128) (BuildId: d01a841b12f445c4a2698c7106f6bca6)
07-26 13:03:29.988 17142 17142 F DEBUG   :       #10 pc 0000000000017af8  /data/app/com.example.testcameramediacodec-EUm2o2q0l6W3ZvTlReOdPw==/base.apk!libnativeCamera-jni.so (offset 0x3000) (CameraDevice::drawFrameToSurfaceStream(void*)+928) (BuildId: 8003850bb2518d0a310a378723aaa77ffdc8e4d5)
07-26 13:03:29.988 17142 17142 F DEBUG   :       #11 pc 0000000000018fd4  /data/app/com.example.testcameramediacodec-EUm2o2q0l6W3ZvTlReOdPw==/base.apk!libnativeCamera-jni.so (offset 0x3000) (BuildId: 8003850bb2518d0a310a378723aaa77ffdc8e4d5)
07-26 13:03:29.988 17142 17142 F DEBUG   :       #12 pc 0000000000018f18  /data/app/com.example.testcameramediacodec-EUm2o2q0l6W3ZvTlReOdPw==/base.apk!libnativeCamera-jni.so (offset 0x3000) (BuildId: 8003850bb2518d0a310a378723aaa77ffdc8e4d5)
07-26 13:03:29.988 17142 17142 F DEBUG   :       #13 pc 00000000000187f8  /data/app/com.example.testcameramediacodec-EUm2o2q0l6W3ZvTlReOdPw==/base.apk!libnativeCamera-jni.so (offset 0x3000) (_ZNSt6__ndk114__thread_proxyINS_5tupleIJNS_10unique_ptrINS_15__thread_structENS_14default_deleteIS3_EEEEPFvPvES7_EEEEES7_S7_+128) (BuildId: 8003850bb2518d0a310a378723aaa77ffdc8e4d5)
07-26 13:03:29.988 17142 17142 F DEBUG   :       #14 pc 00000000000e68a0  /apex/com.android.runtime/lib64/bionic/libc.so (__pthread_start(void*)+36) (BuildId: 87ed7ba713785c50670d166a6a1664a7)
07-26 13:03:29.988 17142 17142 F DEBUG   :       #15 pc 0000000000084b6c  /apex/com.android.runtime/lib64/bionic/libc.so (__start_thread+64) (BuildId: 87ed7ba713785c50670d166a6a1664a7)
07-26 13:03:31.278  1658 17148 I chatty  : uid=1000 system_server expire 1 line
07-26 13:03:31.284  1658  1830 I chatty  : uid=1000(system) FileObserver expire 2 lines
07-26 13:03:31.286  1658 17147 I chatty  : uid=1000 system_server expire 2 lines
07-26 13:03:31.421  1658  1789 I chatty  : uid=1000(system) android.fg expire 1 line
07-26 13:03:31.466  1658  1808 I chatty  : uid=1000(system) ActivityManager expire 4 lines
07-26 13:03:31.474  1658  1793 I chatty  : uid=1000(system) android.display expire 19 lines
07-26 13:03:31.632  1658  1658 I chatty  : uid=1000 system_server expire 43 lines
07-26 13:03:31.718  1658  1809 I chatty  : uid=1000(system) ActivityManager expire 7 lines
07-26 13:03:31.853  1658  2605 I chatty  : uid=1000(system) Binder:1658_6 expire 4 lines
07-26 13:03:31.920  1658  2848 I chatty  : uid=1000(system) Binder:1658_9 expire 5 lines
07-26 13:03:31.956  1658  1819 I chatty  : uid=1000(system) batterystats-wo expire 2 lines
07-26 13:03:32.019  1658  3906 I chatty  : uid=1000(system) Binder:1658_F expire 1 line
07-26 13:03:32.276  1658  7674 I chatty  : uid=1000(system) Binder:1658_20 expire 1 line
07-26 13:03:33.594  1658  1729 I chatty  : uid=1000(system) Binder:1658_2 expire 3 lines
07-26 13:03:33.765  1658  3243 I chatty  : uid=1000(system) Binder:1658_C expire 4 lines
07-26 13:03:34.222  1658  2138 I chatty  : uid=1000(system) ConnectivitySer expire 2 lines
07-26 13:03:36.547  1658  1806 I chatty  : uid=1000(system) android.bg expire 2 lines
07-26 13:03:54.401  1658  4794 I chatty  : uid=1000(system) Binder:1658_1B expire 5 lines
07-26 13:04:22.391  1658  1837 I chatty  : uid=1000(system) PowerManagerSer expire 2 lines
07-26 13:04:31.475  1658  4748 I chatty  : uid=1000(system) Binder:1658_18 expire 4 lines
07-26 13:04:31.683 17392 17540 E ActivityThread: Failed to find provider info for com.qti.smq.Feedback.provider
07-26 13:04:31.951  1658  1658 I chatty  : uid=1000 system_server expire 36 lines
07-26 13:04:31.978  1658  1793 I chatty  : uid=1000(system) android.display expire 26 lines
07-26 13:05:17.055  1658  1658 I chatty  : uid=1000 system_server expire 26 lines
07-26 13:05:21.159  1658  1808 I chatty  : uid=1000(system) ActivityManager expire 2 lines
07-26 13:05:21.588  1658  3963 I chatty  : uid=1000(system) Binder:1658_15 expire 2 lines
07-26 13:05:34.058  1658  1809 I chatty  : uid=1000(system) ActivityManager expire 7 lines
07-26 13:05:35.564  1658  3920 I chatty  : uid=1000(system) Binder:1658_10 expire 1 line
07-26 13:05:35.862  1658  2605 I chatty  : uid=1000(system) Binder:1658_6 expire 2 lines
07-26 13:05:36.045  1658  2138 I chatty  : uid=1000(system) ConnectivitySer expire 1 line
07-26 13:05:36.601  1658  2828 I chatty  : uid=1000(system) Binder:1658_8 expire 1 line
07-26 13:05:48.376  1658  3942 I chatty  : uid=1000(system) Binder:1658_12 expire 2 lines
07-26 13:05:49.631 17781 17781 D ActivityThread: Loading provider contacts;com.android.contacts: com.android.providers.contacts.ContactsProvider2
07-26 13:05:50.216  1658  1793 I chatty  : uid=1000(system) android.display expire 9 lines
07-26 13:05:51.630  1658  1729 I chatty  : uid=1000(system) Binder:1658_2 expire 2 lines
07-26 13:06:02.135  1658  1658 I chatty  : uid=1000 system_server expire 20 lines
07-26 13:06:14.264  1658  4748 I chatty  : uid=1000(system) Binder:1658_18 expire 2 lines
07-26 13:06:20.908  1658  1851 I chatty  : uid=1000(system) PackageManager expire 138 lines
07-26 13:06:21.164  1658  1808 I chatty  : uid=1000(system) ActivityManager expire 39 lines
07-26 13:06:21.252  1658  1809 I chatty  : uid=1000(system) ActivityManager expire 2 lines
07-26 13:06:21.365  1658  3906 I chatty  : uid=1000(system) Binder:1658_F expire 3 lines
07-26 13:06:21.748  1658  1728 I chatty  : uid=1000(system) Binder:1658_1 expire 1 line
07-26 13:06:22.158  1658  1658 I chatty  : uid=1000 system_server expire 22 lines
07-26 13:06:22.848  1658  1729 I chatty  : uid=1000(system) Binder:1658_2 expire 1 line
07-26 13:06:23.842  1658  2996 I chatty  : uid=1000(system) Binder:1658_A expire 2 lines
07-26 13:06:24.236  1658  2138 I chatty  : uid=1000(system) ConnectivitySer expire 2 lines
07-26 13:06:24.300  1658  3937 I chatty  : uid=1000(system) Binder:1658_11 expire 2 lines
07-26 13:06:30.495  1658  1837 I chatty  : uid=1000(system) PowerManagerSer expire 1 line
07-26 13:06:32.220  1658  1793 I chatty  : uid=1000(system) android.display expire 16 lines
07-26 13:06:37.369  1658  2996 I chatty  : uid=1000(system) Binder:1658_A expire 3 lines
07-26 13:06:37.426  1658  7092 I chatty  : uid=1000(system) Binder:1658_1F expire 1 line
07-26 13:06:37.426  1658  2138 I chatty  : uid=1000(system) ConnectivitySer expire 2 lines
07-26 13:06:47.229  1658  1658 I chatty  : uid=1000 system_server expire 30 lines
07-26 13:06:47.349  1658  4748 I chatty  : uid=1000(system) Binder:1658_18 expire 5 lines
07-26 13:07:25.166 15710 15721 F libc    : Fatal signal 6 (SIGABRT), code -1 (SI_QUEUE) in tid 15721 (UsbFfs-worker), pid 15710 (adbd)
07-26 13:07:25.219 18337 18337 F DEBUG   : *** *** *** *** *** *** *** *** *** *** *** *** *** *** *** ***
07-26 13:07:25.219 18337 18337 F DEBUG   : Build fingerprint: 'Nokia/CaptainAmerica_00WW/CAP_sprout:10/QKQ1.200114.002/00WW_1_29G:user/release-keys'
07-26 13:07:25.219 18337 18337 F DEBUG   : Revision: '0'
07-26 13:07:25.219 18337 18337 F DEBUG   : ABI: 'arm64'
07-26 13:07:25.220 18337 18337 F DEBUG   : Timestamp: 2021-07-26 13:07:25+0700
07-26 13:07:25.220 18337 18337 F DEBUG   : pid: 15710, tid: 15721, name: UsbFfs-worker  >>> /system/bin/adbd <<<
07-26 13:07:25.220 18337 18337 F DEBUG   : uid: 2000
07-26 13:07:25.220 18337 18337 F DEBUG   : signal 6 (SIGABRT), code -1 (SI_QUEUE), fault addr --------
07-26 13:07:25.220 18337 18337 F DEBUG   : Abort message: 'Check failed: payload.size() <= bytes_left (payload.size()=24, bytes_left=11) '
07-26 13:07:25.220 18337 18337 F DEBUG   :     x0  0000000000000000  x1  0000000000003d69  x2  0000000000000006  x3  00000074728fe770
07-26 13:07:25.220 18337 18337 F DEBUG   :     x4  fefefefefefefeff  x5  fefefefefefefeff  x6  fefefefefefefeff  x7  7f7f7f7f7f7f7f7f
07-26 13:07:25.220 18337 18337 F DEBUG   :     x8  00000000000000f0  x9  11de1679f2178107  x10 0000000000000001  x11 0000000000000000
07-26 13:07:25.220 18337 18337 F DEBUG   :     x12 fffffff0ffffffdf  x13 ffffffffffffffff  x14 0000000000000004  x15 ffffffffffffffff
07-26 13:07:25.220 18337 18337 F DEBUG   :     x16 0000007475d5e8c0  x17 0000007475d3a910  x18 0000007471b7a000  x19 0000000000003d5e
07-26 13:07:25.220 18337 18337 F DEBUG   :     x20 0000000000003d69  x21 00000000ffffffff  x22 00000074728fe838  x23 00000074728ff020
07-26 13:07:25.220 18337 18337 F DEBUG   :     x24 000000000000000a  x25 0000007475fd34a9  x26 0000007475fd2121  x27 0000007475fd38d9
07-26 13:07:25.220 18337 18337 F DEBUG   :     x28 0000007475fd153f  x29 00000074728fe810
07-26 13:07:25.220 18337 18337 F DEBUG   :     sp  00000074728fe750  lr  0000007475cec0c4  pc  0000007475cec0f0
07-26 13:07:25.229 18337 18337 F DEBUG   : 
07-26 13:07:25.229 18337 18337 F DEBUG   : backtrace:
07-26 13:07:25.229 18337 18337 F DEBUG   :       #00 pc 00000000000830f0  /apex/com.android.runtime/lib64/bionic/libc.so (abort+160) (BuildId: 87ed7ba713785c50670d166a6a1664a7)
07-26 13:07:25.229 18337 18337 F DEBUG   :       #01 pc 000000000000aa64  /system/lib64/libbase.so (android::base::DefaultAborter(char const*)+12) (BuildId: b2d191935e92ad8ead18aacc334b7a7e)
07-26 13:07:25.229 18337 18337 F DEBUG   :       #02 pc 000000000000b458  /system/lib64/libbase.so (android::base::LogMessage::~LogMessage()+580) (BuildId: b2d191935e92ad8ead18aacc334b7a7e)
07-26 13:07:25.229 18337 18337 F DEBUG   :       #03 pc 0000000000047848  /system/lib64/libadbd.so (UsbFfsConnection::ProcessRead(IoBlock*)+1088) (BuildId: f198a33ee51621b691725bdd4f90db6f)
07-26 13:07:25.229 18337 18337 F DEBUG   :       #04 pc 0000000000047104  /system/lib64/libadbd.so (UsbFfsConnection::HandleRead(TransferId, long)+124) (BuildId: f198a33ee51621b691725bdd4f90db6f)
07-26 13:07:25.229 18337 18337 F DEBUG   :       #05 pc 0000000000046f8c  /system/lib64/libadbd.so (UsbFfsConnection::ReadEvents()+120) (BuildId: f198a33ee51621b691725bdd4f90db6f)
07-26 13:07:25.229 18337 18337 F DEBUG   :       #06 pc 0000000000046d38  /system/lib64/libadbd.so (_ZZN16UsbFfsConnection11StartWorkerEvENKUlvE_clEv+672) (BuildId: f198a33ee51621b691725bdd4f90db6f)
07-26 13:07:25.229 18337 18337 F DEBUG   :       #07 pc 0000000000046a5c  /system/lib64/libadbd.so (_ZNSt3__114__thread_proxyINS_5tupleIJNS_10unique_ptrINS_15__thread_structENS_14default_deleteIS3_EEEEZN16UsbFfsConnection11StartWorkerEvEUlvE_EEEEEPvSA_+44) (BuildId: f198a33ee51621b691725bdd4f90db6f)
07-26 13:07:25.229 18337 18337 F DEBUG   :       #08 pc 00000000000e68a0  /apex/com.android.runtime/lib64/bionic/libc.so (__pthread_start(void*)+36) (BuildId: 87ed7ba713785c50670d166a6a1664a7)
07-26 13:07:25.230 18337 18337 F DEBUG   :       #09 pc 0000000000084b6c  /apex/com.android.runtime/lib64/bionic/libc.so (__start_thread+64) (BuildId: 87ed7ba713785c50670d166a6a1664a7)
07-26 13:07:25.286  1658  2414 I chatty  : uid=1000(system) Thread-13 expire 1 line
07-26 13:07:25.292  1658  1830 I chatty  : uid=1000(system) FileObserver expire 2 lines
07-26 13:07:25.314  1658  1808 I chatty  : uid=1000(system) ActivityManager expire 4 lines
07-26 13:07:25.377  1658  3466 I chatty  : uid=1000(system) AdbDebuggingMan expire 3 lines
07-26 13:07:25.441  1658  3963 I chatty  : uid=1000(system) Binder:1658_15 expire 4 lines
07-26 13:07:25.823  1658  1809 I chatty  : uid=1000(system) ActivityManager expire 10 lines
07-26 13:07:26.502  1658  3937 I chatty  : uid=1000(system) Binder:1658_11 expire 2 lines
07-26 13:07:26.930 18452 18452 E ActivityThread: Failed to find provider info for com.samsung.android.mdx.windowslink.Tile.Provider
07-26 13:07:26.953 18452 18529 E ActivityThread: Failed to find provider info for com.microsoft.yourphonecompanion.contentprovider.featureoverride
07-26 13:07:27.044 18452 18529 E ActivityThread: Failed to find provider info for com.microsoft.yourphonecompanion.contentprovider.featureoverride
07-26 13:07:27.391  1658  1789 I chatty  : uid=1000(system) android.fg expire 1 line
07-26 13:07:28.287  1658  1658 I chatty  : uid=1000 system_server expire 46 lines
07-26 13:07:32.326  1658  1793 I chatty  : uid=1000(system) android.display expire 14 lines
07-26 13:07:43.270  1658  2848 I chatty  : uid=1000(system) Binder:1658_9 expire 1 line
07-26 13:07:49.186  1658  1790 I chatty  : uid=1000(system) android.ui expire 1 line
07-26 13:07:49.314  1658  3906 I chatty  : uid=1000(system) Binder:1658_F expire 3 lines
07-26 13:07:49.414  1658  1819 I chatty  : uid=1000(system) batterystats-wo expire 2 lines
07-26 13:07:50.357  1658  2178 I chatty  : uid=1000(system) Binder:1658_4 expire 2 lines
07-26 13:07:50.442  1658  2828 I chatty  : uid=1000(system) Binder:1658_8 expire 2 lines
07-26 13:07:52.326  1658  1806 I chatty  : uid=1000(system) android.bg expire 2 lines
07-26 13:08:08.519  1658  3246 I chatty  : uid=1000(system) Binder:1658_D expire 1 line
07-26 13:08:14.203  1658  1837 I chatty  : uid=1000(system) PowerManagerSer expire 2 lines
07-26 13:08:17.377  1658  1658 I chatty  : uid=1000 system_server expire 83 lines
07-26 13:08:17.408  1658  1793 I chatty  : uid=1000(system) android.display expire 38 lines
07-26 13:08:56.779 18877 18995 F libc    : Fatal signal 6 (SIGABRT), code -1 (SI_QUEUE) in tid 18995 (Binder:18877_4), pid 18877 (ameramediacodec)
07-26 13:08:56.941 19189 19189 F DEBUG   : *** *** *** *** *** *** *** *** *** *** *** *** *** *** *** ***
07-26 13:08:56.941 19189 19189 F DEBUG   : Build fingerprint: 'Nokia/CaptainAmerica_00WW/CAP_sprout:10/QKQ1.200114.002/00WW_1_29G:user/release-keys'
07-26 13:08:56.941 19189 19189 F DEBUG   : Revision: '0'
07-26 13:08:56.941 19189 19189 F DEBUG   : ABI: 'arm64'
07-26 13:08:56.943 19189 19189 F DEBUG   : Timestamp: 2021-07-26 13:08:56+0700
07-26 13:08:56.943 19189 19189 F DEBUG   : pid: 18877, tid: 18995, name: Binder:18877_4  >>> com.example.testcameramediacodec <<<
07-26 13:08:56.943 19189 19189 F DEBUG   : uid: 10291
07-26 13:08:56.943 19189 19189 F DEBUG   : signal 6 (SIGABRT), code -1 (SI_QUEUE), fault addr --------
07-26 13:08:56.943 19189 19189 F DEBUG   : Abort message: 'decStrong() called on 0x7bca044280 too many times'
07-26 13:08:56.943 19189 19189 F DEBUG   :     x0  0000000000000000  x1  0000000000004a33  x2  0000000000000006  x3  0000007bc50fe3e0
07-26 13:08:56.943 19189 19189 F DEBUG   :     x4  fefeff7ac8f02e57  x5  fefeff7ac8f02e57  x6  fefeff7ac8f02e57  x7  7f7f7f7fffff7f7f
07-26 13:08:56.943 19189 19189 F DEBUG   :     x8  00000000000000f0  x9  e63b7eb9d1e4128f  x10 0000000000000001  x11 0000000000000000
07-26 13:08:56.943 19189 19189 F DEBUG   :     x12 fffffff0fffffbdf  x13 ffffffffffffffff  x14 0000000000000004  x15 ffffffffffffffff
07-26 13:08:56.943 19189 19189 F DEBUG   :     x16 0000007c59dd18c0  x17 0000007c59dad910  x18 0000007b69732000  x19 00000000000049bd
07-26 13:08:56.943 19189 19189 F DEBUG   :     x20 0000000000004a33  x21 00000000ffffffff  x22 0000007bc50ff020  x23 0000007bc985b3b4
07-26 13:08:56.943 19189 19189 F DEBUG   :     x24 0000000000000000  x25 00000000000049bd  x26 0000000000000000  x27 0000007bca1ad020
07-26 13:08:56.943 19189 19189 F DEBUG   :     x28 0000000000000000  x29 0000007bc50fe480
07-26 13:08:56.943 19189 19189 F DEBUG   :     sp  0000007bc50fe3c0  lr  0000007c59d5f0c4  pc  0000007c59d5f0f0
07-26 13:08:56.981 19189 19189 F DEBUG   : 
07-26 13:08:56.981 19189 19189 F DEBUG   : backtrace:
07-26 13:08:56.982 19189 19189 F DEBUG   :       #00 pc 00000000000830f0  /apex/com.android.runtime/lib64/bionic/libc.so (abort+160) (BuildId: 87ed7ba713785c50670d166a6a1664a7)
07-26 13:08:56.982 19189 19189 F DEBUG   :       #01 pc 0000000000008a14  /system/lib64/liblog.so (__android_log_assert+328) (BuildId: b0a676d291f62cc3b051ab65d26fb52d)
07-26 13:08:56.982 19189 19189 F DEBUG   :       #02 pc 000000000000f71c  /system/lib64/libutils.so (android::RefBase::decStrong(void const*) const+168) (BuildId: 815ca64e633a73d7bc518961871a1012)
07-26 13:08:56.982 19189 19189 F DEBUG   :       #03 pc 0000000000059424  /system/lib64/libbinder.so (android::IPCThreadState::executeCommand(int)+1020) (BuildId: dd9859a7c8b1514ff23f2562fc256ac3)
07-26 13:08:56.982 19189 19189 F DEBUG   :       #04 pc 0000000000058f74  /system/lib64/libbinder.so (android::IPCThreadState::getAndExecuteCommand()+156) (BuildId: dd9859a7c8b1514ff23f2562fc256ac3)
07-26 13:08:56.982 19189 19189 F DEBUG   :       #05 pc 00000000000596f4  /system/lib64/libbinder.so (android::IPCThreadState::joinThreadPool(bool)+108) (BuildId: dd9859a7c8b1514ff23f2562fc256ac3)
07-26 13:08:56.982 19189 19189 F DEBUG   :       #06 pc 000000000007f7f4  /system/lib64/libbinder.so (android::PoolThread::threadLoop()+24) (BuildId: dd9859a7c8b1514ff23f2562fc256ac3)
07-26 13:08:56.982 19189 19189 F DEBUG   :       #07 pc 0000000000013654  /system/lib64/libutils.so (android::Thread::_threadLoop(void*)+328) (BuildId: 815ca64e633a73d7bc518961871a1012)
07-26 13:08:56.982 19189 19189 F DEBUG   :       #08 pc 00000000000c2b8c  /system/lib64/libandroid_runtime.so (android::AndroidRuntime::javaThreadShell(void*)+140) (BuildId: b5ecccca4479a58d5335ef985fceb6f8)
07-26 13:08:56.982 19189 19189 F DEBUG   :       #09 pc 00000000000e68a0  /apex/com.android.runtime/lib64/bionic/libc.so (__pthread_start(void*)+36) (BuildId: 87ed7ba713785c50670d166a6a1664a7)
07-26 13:08:56.982 19189 19189 F DEBUG   :       #10 pc 0000000000084b6c  /apex/com.android.runtime/lib64/bionic/libc.so (__start_thread+64) (BuildId: 87ed7ba713785c50670d166a6a1664a7)
07-26 13:08:58.290  1658  1830 I chatty  : uid=1000(system) FileObserver expire 2 lines
07-26 13:08:58.298  1658 19196 I chatty  : uid=1000 system_server expire 1 line
07-26 13:08:58.304  1658 19195 I chatty  : uid=1000 system_server expire 1 line
07-26 13:08:58.332  1658  1808 I chatty  : uid=1000(system) ActivityManager expire 5 lines
07-26 13:08:58.398  1658  2605 I chatty  : uid=1000(system) Binder:1658_6 expire 1 line
07-26 13:08:58.401  1658  3920 I chatty  : uid=1000(system) Binder:1658_10 expire 1 line
07-26 13:08:58.511  1658  1809 I chatty  : uid=1000(system) ActivityManager expire 6 lines
07-26 13:08:59.147  1658  1729 I chatty  : uid=1000(system) Binder:1658_2 expire 2 lines
07-26 13:08:59.751  1658  3246 I chatty  : uid=1000(system) Binder:1658_D expire 2 lines
07-26 13:08:59.781  1658  2828 I chatty  : uid=1000(system) Binder:1658_8 expire 1 line
07-26 13:08:59.782  1658  2138 I chatty  : uid=1000(system) ConnectivitySer expire 2 lines
07-26 13:08:59.819  1658  2392 I chatty  : uid=1000(system) Binder:1658_5 expire 1 line
07-26 13:09:39.367  1658  3961 I chatty  : uid=1000(system) Binder:1658_14 expire 1 line
07-26 13:09:39.513  1658  4778 I chatty  : uid=1000(system) Binder:1658_19 expire 1 line
07-26 13:09:39.583  1658  3937 I chatty  : uid=1000(system) Binder:1658_11 expire 3 lines
07-26 13:09:39.635  1658  3963 I chatty  : uid=1000(system) Binder:1658_15 expire 1 line
07-26 13:09:44.527  1658  3947 I chatty  : uid=1000(system) Binder:1658_13 expire 1 line
07-26 13:10:32.618  1658  1658 D ConditionProviders.SCP: onReceive android.app.action.NEXT_ALARM_CLOCK_CHANGED
07-26 13:10:32.622  1658  1658 D ConditionProviders.SCP: evaluateSubscriptionLocked cal=ScheduleCalendar[mDays={1, 2, 3, 4, 5, 6, 7}, mSchedule=ScheduleInfo{days=[1, 2, 3, 4, 5, 6, 7], startHour=22, startMinute=0, endHour=7, endMinute=0, exitAtAlarm=true, nextAlarm=Mon Jul 26 13:13:41 GMT+07:00 2021 (1627280021428)}], now=Mon Jul 26 13:10:32 GMT+07:00 2021 (1627279832621), nextUserAlarmTime=Mon Jul 26 13:10:47 GMT+07:00 2021 (1627279847613)
07-26 13:10:32.622  1658  1658 D ConditionProviders.SCP: notifyCondition condition://android/schedule?days=1.2.3.4.5.6.7&start=22.0&end=7.0&exitAtAlarm=true STATE_FALSE reason=!meetsSchedule
07-26 13:10:32.623  1658  1658 D ConditionProviders.SCP: Scheduling evaluate for Mon Jul 26 22:00:00 GMT+07:00 2021 (1627311600000), in +8h49m27s379ms, now=Mon Jul 26 13:10:32 GMT+07:00 2021 (1627279832621)
07-26 13:10:32.647  1658  1793 D ColorDisplayService: Setting saturation level: 100
07-26 13:10:32.648  1658  1793 D ColorDisplayService: GlobalSaturationTintController Animation cancelled: true to matrix: 
07-26 13:10:32.648  1658  1793 D ColorDisplayService:        1,000000 0,000000 0,000000 0,000000 0,000000 1,000000 0,000000 0,000000 0,000000 0,000000 1,000000 0,000000 0,000000 0,000000 0,000000 1,000000
07-26 13:10:35.660  1658  1793 D ColorDisplayService: GlobalSaturationTintController Animation cancelled: false to matrix: 
07-26 13:10:35.660  1658  1793 D ColorDisplayService:        1,000000 0,000000 0,000000 0,000000 0,000000 1,000000 0,000000 0,000000 0,000000 0,000000 1,000000 0,000000 0,000000 0,000000 0,000000 1,000000
07-26 13:10:47.623  1658  1658 V SettingsProvider: Notifying for 0: content://settings/system/next_alarm_formatted
07-26 13:10:47.623  1658  1658 D ConditionProviders.SCP: onReceive android.app.action.NEXT_ALARM_CLOCK_CHANGED
07-26 13:10:47.624  1658  1658 D ConditionProviders.SCP: evaluateSubscriptionLocked cal=ScheduleCalendar[mDays={1, 2, 3, 4, 5, 6, 7}, mSchedule=ScheduleInfo{days=[1, 2, 3, 4, 5, 6, 7], startHour=22, startMinute=0, endHour=7, endMinute=0, exitAtAlarm=true, nextAlarm=Mon Jul 26 13:10:47 GMT+07:00 2021 (1627279847613)}], now=Mon Jul 26 13:10:47 GMT+07:00 2021 (1627279847623), nextUserAlarmTime=Mon Jul 26 13:13:41 GMT+07:00 2021 (1627280021428)
07-26 13:10:47.624  1658  1658 D ConditionProviders.SCP: notifyCondition condition://android/schedule?days=1.2.3.4.5.6.7&start=22.0&end=7.0&exitAtAlarm=true STATE_FALSE reason=!meetsSchedule
07-26 13:10:47.628  1658  1658 D ConditionProviders.SCP: Scheduling evaluate for Mon Jul 26 22:00:00 GMT+07:00 2021 (1627311600000), in +8h49m12s377ms, now=Mon Jul 26 13:10:47 GMT+07:00 2021 (1627279847623)
07-26 13:10:47.636  1658  1658 V SettingsProvider: Notifying for 0: content://settings/system/next_alarm_formatted
07-26 13:10:47.636  1658  1658 D ConditionProviders.SCP: onReceive android.app.action.NEXT_ALARM_CLOCK_CHANGED
07-26 13:10:47.637  1658  1658 D ConditionProviders.SCP: evaluateSubscriptionLocked cal=ScheduleCalendar[mDays={1, 2, 3, 4, 5, 6, 7}, mSchedule=ScheduleInfo{days=[1, 2, 3, 4, 5, 6, 7], startHour=22, startMinute=0, endHour=7, endMinute=0, exitAtAlarm=true, nextAlarm=Mon Jul 26 13:13:41 GMT+07:00 2021 (1627280021428)}], now=Mon Jul 26 13:10:47 GMT+07:00 2021 (1627279847637), nextUserAlarmTime=Mon Jul 26 13:11:02 GMT+07:00 2021 (1627279862633)
07-26 13:10:47.637  1658  1658 D ConditionProviders.SCP: notifyCondition condition://android/schedule?days=1.2.3.4.5.6.7&start=22.0&end=7.0&exitAtAlarm=true STATE_FALSE reason=!meetsSchedule
07-26 13:10:47.639  1658  1658 D ConditionProviders.SCP: Scheduling evaluate for Mon Jul 26 22:00:00 GMT+07:00 2021 (1627311600000), in +8h49m12s363ms, now=Mon Jul 26 13:10:47 GMT+07:00 2021 (1627279847637)
07-26 13:10:47.640  1658  1793 D ColorDisplayService: Setting saturation level: 100
07-26 13:10:47.680  1658  1793 D ColorDisplayService: Setting saturation level: 100
07-26 13:10:47.681  1658  1793 D ColorDisplayService: GlobalSaturationTintController Animation cancelled: true to matrix: 
07-26 13:10:47.681  1658  1793 D ColorDisplayService:        1,000000 0,000000 0,000000 0,000000 0,000000 1,000000 0,000000 0,000000 0,000000 0,000000 1,000000 0,000000 0,000000 0,000000 0,000000 1,000000
07-26 13:10:50.698  1658  1793 D ColorDisplayService: GlobalSaturationTintController Animation cancelled: false to matrix: 
07-26 13:10:50.698  1658  1793 D ColorDisplayService:        1,000000 0,000000 0,000000 0,000000 0,000000 1,000000 0,000000 0,000000 0,000000 0,000000 1,000000 0,000000 0,000000 0,000000 0,000000 1,000000
07-26 13:11:02.647  1658  1658 V SettingsProvider: Notifying for 0: content://settings/system/next_alarm_formatted
07-26 13:11:02.648  1658  1658 D ConditionProviders.SCP: onReceive android.app.action.NEXT_ALARM_CLOCK_CHANGED
07-26 13:11:02.648  1658  1658 D ConditionProviders.SCP: evaluateSubscriptionLocked cal=ScheduleCalendar[mDays={1, 2, 3, 4, 5, 6, 7}, mSchedule=ScheduleInfo{days=[1, 2, 3, 4, 5, 6, 7], startHour=22, startMinute=0, endHour=7, endMinute=0, exitAtAlarm=true, nextAlarm=Mon Jul 26 13:11:02 GMT+07:00 2021 (1627279862633)}], now=Mon Jul 26 13:11:02 GMT+07:00 2021 (1627279862648), nextUserAlarmTime=Mon Jul 26 13:13:41 GMT+07:00 2021 (1627280021428)
07-26 13:11:02.648  1658  1658 D ConditionProviders.SCP: notifyCondition condition://android/schedule?days=1.2.3.4.5.6.7&start=22.0&end=7.0&exitAtAlarm=true STATE_FALSE reason=!meetsSchedule
07-26 13:11:02.650  1658  1658 D ConditionProviders.SCP: Scheduling evaluate for Mon Jul 26 22:00:00 GMT+07:00 2021 (1627311600000), in +8h48m57s352ms, now=Mon Jul 26 13:11:02 GMT+07:00 2021 (1627279862648)
07-26 13:11:02.663  1658  1658 V SettingsProvider: Notifying for 0: content://settings/system/next_alarm_formatted
07-26 13:11:02.665  1658  1658 D ConditionProviders.SCP: onReceive android.app.action.NEXT_ALARM_CLOCK_CHANGED
07-26 13:11:02.666  1658  1658 D ConditionProviders.SCP: evaluateSubscriptionLocked cal=ScheduleCalendar[mDays={1, 2, 3, 4, 5, 6, 7}, mSchedule=ScheduleInfo{days=[1, 2, 3, 4, 5, 6, 7], startHour=22, startMinute=0, endHour=7, endMinute=0, exitAtAlarm=true, nextAlarm=Mon Jul 26 13:13:41 GMT+07:00 2021 (1627280021428)}], now=Mon Jul 26 13:11:02 GMT+07:00 2021 (1627279862665), nextUserAlarmTime=Mon Jul 26 13:11:17 GMT+07:00 2021 (1627279877660)
07-26 13:11:02.666  1658  1658 D ConditionProviders.SCP: notifyCondition condition://android/schedule?days=1.2.3.4.5.6.7&start=22.0&end=7.0&exitAtAlarm=true STATE_FALSE reason=!meetsSchedule
07-26 13:11:02.667  1658  1793 D ColorDisplayService: Setting saturation level: 100
07-26 13:11:02.668  1658  1658 D ConditionProviders.SCP: Scheduling evaluate for Mon Jul 26 22:00:00 GMT+07:00 2021 (1627311600000), in +8h48m57s335ms, now=Mon Jul 26 13:11:02 GMT+07:00 2021 (1627279862665)
07-26 13:11:02.746  1658  1793 D ColorDisplayService: Setting saturation level: 100
07-26 13:11:02.746  1658  1793 D ColorDisplayService: GlobalSaturationTintController Animation cancelled: true to matrix: 
07-26 13:11:02.746  1658  1793 D ColorDisplayService:        1,000000 0,000000 0,000000 0,000000 0,000000 1,000000 0,000000 0,000000 0,000000 0,000000 1,000000 0,000000 0,000000 0,000000 0,000000 1,000000
07-26 13:11:05.769  1658  1793 D ColorDisplayService: GlobalSaturationTintController Animation cancelled: false to matrix: 
07-26 13:11:05.769  1658  1793 D ColorDisplayService:        1,000000 0,000000 0,000000 0,000000 0,000000 1,000000 0,000000 0,000000 0,000000 0,000000 1,000000 0,000000 0,000000 0,000000 0,000000 1,000000
07-26 13:11:17.671  1658  1658 V SettingsProvider: Notifying for 0: content://settings/system/next_alarm_formatted
07-26 13:11:17.673  1658  1658 D ConditionProviders.SCP: onReceive android.app.action.NEXT_ALARM_CLOCK_CHANGED
07-26 13:11:17.673  1658  1658 D ConditionProviders.SCP: evaluateSubscriptionLocked cal=ScheduleCalendar[mDays={1, 2, 3, 4, 5, 6, 7}, mSchedule=ScheduleInfo{days=[1, 2, 3, 4, 5, 6, 7], startHour=22, startMinute=0, endHour=7, endMinute=0, exitAtAlarm=true, nextAlarm=Mon Jul 26 13:11:17 GMT+07:00 2021 (1627279877660)}], now=Mon Jul 26 13:11:17 GMT+07:00 2021 (1627279877673), nextUserAlarmTime=Mon Jul 26 13:13:41 GMT+07:00 2021 (1627280021428)
07-26 13:11:17.674  1658  1658 D ConditionProviders.SCP: notifyCondition condition://android/schedule?days=1.2.3.4.5.6.7&start=22.0&end=7.0&exitAtAlarm=true STATE_FALSE reason=!meetsSchedule
07-26 13:11:17.676  1658  1658 D ConditionProviders.SCP: Scheduling evaluate for Mon Jul 26 22:00:00 GMT+07:00 2021 (1627311600000), in +8h48m42s327ms, now=Mon Jul 26 13:11:17 GMT+07:00 2021 (1627279877673)
07-26 13:11:17.683  1658  1658 V SettingsProvider: Notifying for 0: content://settings/system/next_alarm_formatted
07-26 13:11:17.685  1658  1658 D ConditionProviders.SCP: onReceive android.app.action.NEXT_ALARM_CLOCK_CHANGED
07-26 13:11:17.687  1658  1658 D ConditionProviders.SCP: evaluateSubscriptionLocked cal=ScheduleCalendar[mDays={1, 2, 3, 4, 5, 6, 7}, mSchedule=ScheduleInfo{days=[1, 2, 3, 4, 5, 6, 7], startHour=22, startMinute=0, endHour=7, endMinute=0, exitAtAlarm=true, nextAlarm=Mon Jul 26 13:13:41 GMT+07:00 2021 (1627280021428)}], now=Mon Jul 26 13:11:17 GMT+07:00 2021 (1627279877685), nextUserAlarmTime=Mon Jul 26 13:11:32 GMT+07:00 2021 (1627279892679)
07-26 13:11:17.687  1658  1658 D ConditionProviders.SCP: notifyCondition condition://android/schedule?days=1.2.3.4.5.6.7&start=22.0&end=7.0&exitAtAlarm=true STATE_FALSE reason=!meetsSchedule
07-26 13:11:17.690  1658  1658 D ConditionProviders.SCP: Scheduling evaluate for Mon Jul 26 22:00:00 GMT+07:00 2021 (1627311600000), in +8h48m42s315ms, now=Mon Jul 26 13:11:17 GMT+07:00 2021 (1627279877685)
07-26 13:11:17.693  1658  1793 D ColorDisplayService: Setting saturation level: 100
07-26 13:11:17.731  1658  1793 D ColorDisplayService: Setting saturation level: 100
07-26 13:11:17.732  1658  1793 D ColorDisplayService: GlobalSaturationTintController Animation cancelled: true to matrix: 
07-26 13:11:17.732  1658  1793 D ColorDisplayService:        1,000000 0,000000 0,000000 0,000000 0,000000 1,000000 0,000000 0,000000 0,000000 0,000000 1,000000 0,000000 0,000000 0,000000 0,000000 1,000000
07-26 13:11:20.756  1658  1793 D ColorDisplayService: GlobalSaturationTintController Animation cancelled: false to matrix: 
07-26 13:11:20.756  1658  1793 D ColorDisplayService:        1,000000 0,000000 0,000000 0,000000 0,000000 1,000000 0,000000 0,000000 0,000000 0,000000 1,000000 0,000000 0,000000 0,000000 0,000000 1,000000
07-26 13:11:32.689  1658  1658 V SettingsProvider: Notifying for 0: content://settings/system/next_alarm_formatted
07-26 13:11:32.689  1658  1658 D ConditionProviders.SCP: onReceive android.app.action.NEXT_ALARM_CLOCK_CHANGED
07-26 13:11:32.691  1658  1658 D ConditionProviders.SCP: evaluateSubscriptionLocked cal=ScheduleCalendar[mDays={1, 2, 3, 4, 5, 6, 7}, mSchedule=ScheduleInfo{days=[1, 2, 3, 4, 5, 6, 7], startHour=22, startMinute=0, endHour=7, endMinute=0, exitAtAlarm=true, nextAlarm=Mon Jul 26 13:11:32 GMT+07:00 2021 (1627279892679)}], now=Mon Jul 26 13:11:32 GMT+07:00 2021 (1627279892690), nextUserAlarmTime=Mon Jul 26 13:13:41 GMT+07:00 2021 (1627280021428)
07-26 13:11:32.691  1658  1658 D ConditionProviders.SCP: notifyCondition condition://android/schedule?days=1.2.3.4.5.6.7&start=22.0&end=7.0&exitAtAlarm=true STATE_FALSE reason=!meetsSchedule
07-26 13:11:32.692  1658  1658 D ConditionProviders.SCP: Scheduling evaluate for Mon Jul 26 22:00:00 GMT+07:00 2021 (1627311600000), in +8h48m27s310ms, now=Mon Jul 26 13:11:32 GMT+07:00 2021 (1627279892690)
07-26 13:11:32.700  1658  1793 D ColorDisplayService: Setting saturation level: 100
07-26 13:11:32.712  1658  1658 V SettingsProvider: Notifying for 0: content://settings/system/next_alarm_formatted
07-26 13:11:32.713  1658  1658 D ConditionProviders.SCP: onReceive android.app.action.NEXT_ALARM_CLOCK_CHANGED
07-26 13:11:32.713  1658  1658 D ConditionProviders.SCP: evaluateSubscriptionLocked cal=ScheduleCalendar[mDays={1, 2, 3, 4, 5, 6, 7}, mSchedule=ScheduleInfo{days=[1, 2, 3, 4, 5, 6, 7], startHour=22, startMinute=0, endHour=7, endMinute=0, exitAtAlarm=true, nextAlarm=Mon Jul 26 13:13:41 GMT+07:00 2021 (1627280021428)}], now=Mon Jul 26 13:11:32 GMT+07:00 2021 (1627279892713), nextUserAlarmTime=Mon Jul 26 13:11:47 GMT+07:00 2021 (1627279907710)
07-26 13:11:32.713  1658  1658 D ConditionProviders.SCP: notifyCondition condition://android/schedule?days=1.2.3.4.5.6.7&start=22.0&end=7.0&exitAtAlarm=true STATE_FALSE reason=!meetsSchedule
07-26 13:11:32.717  1658  1658 D ConditionProviders.SCP: Scheduling evaluate for Mon Jul 26 22:00:00 GMT+07:00 2021 (1627311600000), in +8h48m27s287ms, now=Mon Jul 26 13:11:32 GMT+07:00 2021 (1627279892713)
07-26 13:11:32.767  1658  1793 D ColorDisplayService: Setting saturation level: 100
07-26 13:11:32.768  1658  1793 D ColorDisplayService: GlobalSaturationTintController Animation cancelled: true to matrix: 
07-26 13:11:32.768  1658  1793 D ColorDisplayService:        1,000000 0,000000 0,000000 0,000000 0,000000 1,000000 0,000000 0,000000 0,000000 0,000000 1,000000 0,000000 0,000000 0,000000 0,000000 1,000000
07-26 13:11:35.777  1658  1793 D ColorDisplayService: GlobalSaturationTintController Animation cancelled: false to matrix: 
07-26 13:11:35.777  1658  1793 D ColorDisplayService:        1,000000 0,000000 0,000000 0,000000 0,000000 1,000000 0,000000 0,000000 0,000000 0,000000 1,000000 0,000000 0,000000 0,000000 0,000000 1,000000
07-26 13:11:47.725  1658  1658 V SettingsProvider: Notifying for 0: content://settings/system/next_alarm_formatted
07-26 13:11:47.725  1658  1658 D ConditionProviders.SCP: onReceive android.app.action.NEXT_ALARM_CLOCK_CHANGED
07-26 13:11:47.727  1658  1658 D ConditionProviders.SCP: evaluateSubscriptionLocked cal=ScheduleCalendar[mDays={1, 2, 3, 4, 5, 6, 7}, mSchedule=ScheduleInfo{days=[1, 2, 3, 4, 5, 6, 7], startHour=22, startMinute=0, endHour=7, endMinute=0, exitAtAlarm=true, nextAlarm=Mon Jul 26 13:11:47 GMT+07:00 2021 (1627279907710)}], now=Mon Jul 26 13:11:47 GMT+07:00 2021 (1627279907725), nextUserAlarmTime=Mon Jul 26 13:13:41 GMT+07:00 2021 (1627280021428)
07-26 13:11:47.727  1658  1658 D ConditionProviders.SCP: notifyCondition condition://android/schedule?days=1.2.3.4.5.6.7&start=22.0&end=7.0&exitAtAlarm=true STATE_FALSE reason=!meetsSchedule
07-26 13:11:47.731  1658  1658 D ConditionProviders.SCP: Scheduling evaluate for Mon Jul 26 22:00:00 GMT+07:00 2021 (1627311600000), in +8h48m12s275ms, now=Mon Jul 26 13:11:47 GMT+07:00 2021 (1627279907725)
07-26 13:11:47.743  1658  1658 V SettingsProvider: Notifying for 0: content://settings/system/next_alarm_formatted
07-26 13:11:47.743  1658  1658 D ConditionProviders.SCP: onReceive android.app.action.NEXT_ALARM_CLOCK_CHANGED
07-26 13:11:47.744  1658  1658 D ConditionProviders.SCP: evaluateSubscriptionLocked cal=ScheduleCalendar[mDays={1, 2, 3, 4, 5, 6, 7}, mSchedule=ScheduleInfo{days=[1, 2, 3, 4, 5, 6, 7], startHour=22, startMinute=0, endHour=7, endMinute=0, exitAtAlarm=true, nextAlarm=Mon Jul 26 13:13:41 GMT+07:00 2021 (1627280021428)}], now=Mon Jul 26 13:11:47 GMT+07:00 2021 (1627279907743), nextUserAlarmTime=Mon Jul 26 13:12:02 GMT+07:00 2021 (1627279922735)
07-26 13:11:47.744  1658  1658 D ConditionProviders.SCP: notifyCondition condition://android/schedule?days=1.2.3.4.5.6.7&start=22.0&end=7.0&exitAtAlarm=true STATE_FALSE reason=!meetsSchedule
07-26 13:11:47.745  1658  1658 D ConditionProviders.SCP: Scheduling evaluate for Mon Jul 26 22:00:00 GMT+07:00 2021 (1627311600000), in +8h48m12s257ms, now=Mon Jul 26 13:11:47 GMT+07:00 2021 (1627279907743)
07-26 13:11:47.748  1658  1793 D ColorDisplayService: Setting saturation level: 100
07-26 13:11:47.783  1658  1793 D ColorDisplayService: Setting saturation level: 100
07-26 13:11:47.783  1658  1793 D ColorDisplayService: GlobalSaturationTintController Animation cancelled: true to matrix: 
07-26 13:11:47.783  1658  1793 D ColorDisplayService:        1,000000 0,000000 0,000000 0,000000 0,000000 1,000000 0,000000 0,000000 0,000000 0,000000 1,000000 0,000000 0,000000 0,000000 0,000000 1,000000
07-26 13:11:50.798  1658  1793 D ColorDisplayService: GlobalSaturationTintController Animation cancelled: false to matrix: 
07-26 13:11:50.798  1658  1793 D ColorDisplayService:        1,000000 0,000000 0,000000 0,000000 0,000000 1,000000 0,000000 0,000000 0,000000 0,000000 1,000000 0,000000 0,000000 0,000000 0,000000 1,000000
07-26 13:12:02.744  1658  1658 V SettingsProvider: Notifying for 0: content://settings/system/next_alarm_formatted
07-26 13:12:02.745  1658  1658 D ConditionProviders.SCP: onReceive android.app.action.NEXT_ALARM_CLOCK_CHANGED
07-26 13:12:02.745  1658  1658 D ConditionProviders.SCP: evaluateSubscriptionLocked cal=ScheduleCalendar[mDays={1, 2, 3, 4, 5, 6, 7}, mSchedule=ScheduleInfo{days=[1, 2, 3, 4, 5, 6, 7], startHour=22, startMinute=0, endHour=7, endMinute=0, exitAtAlarm=true, nextAlarm=Mon Jul 26 13:12:02 GMT+07:00 2021 (1627279922735)}], now=Mon Jul 26 13:12:02 GMT+07:00 2021 (1627279922745), nextUserAlarmTime=Mon Jul 26 13:13:41 GMT+07:00 2021 (1627280021428)
07-26 13:12:02.745  1658  1658 D ConditionProviders.SCP: notifyCondition condition://android/schedule?days=1.2.3.4.5.6.7&start=22.0&end=7.0&exitAtAlarm=true STATE_FALSE reason=!meetsSchedule
07-26 13:12:02.750  1658  1658 D ConditionProviders.SCP: Scheduling evaluate for Mon Jul 26 22:00:00 GMT+07:00 2021 (1627311600000), in +8h47m57s255ms, now=Mon Jul 26 13:12:02 GMT+07:00 2021 (1627279922745)
07-26 13:12:02.758  1658  1793 D ColorDisplayService: Setting saturation level: 100
07-26 13:12:02.762  1658  1658 V SettingsProvider: Notifying for 0: content://settings/system/next_alarm_formatted
07-26 13:12:02.763  1658  1658 D ConditionProviders.SCP: onReceive android.app.action.NEXT_ALARM_CLOCK_CHANGED
07-26 13:12:02.763  1658  1658 D ConditionProviders.SCP: evaluateSubscriptionLocked cal=ScheduleCalendar[mDays={1, 2, 3, 4, 5, 6, 7}, mSchedule=ScheduleInfo{days=[1, 2, 3, 4, 5, 6, 7], startHour=22, startMinute=0, endHour=7, endMinute=0, exitAtAlarm=true, nextAlarm=Mon Jul 26 13:13:41 GMT+07:00 2021 (1627280021428)}], now=Mon Jul 26 13:12:02 GMT+07:00 2021 (1627279922763), nextUserAlarmTime=Mon Jul 26 13:12:17 GMT+07:00 2021 (1627279937759)
07-26 13:12:02.763  1658  1658 D ConditionProviders.SCP: notifyCondition condition://android/schedule?days=1.2.3.4.5.6.7&start=22.0&end=7.0&exitAtAlarm=true STATE_FALSE reason=!meetsSchedule
07-26 13:12:02.766  1658  1658 D ConditionProviders.SCP: Scheduling evaluate for Mon Jul 26 22:00:00 GMT+07:00 2021 (1627311600000), in +8h47m57s237ms, now=Mon Jul 26 13:12:02 GMT+07:00 2021 (1627279922763)
07-26 13:12:02.803  1658  1793 D ColorDisplayService: Setting saturation level: 100
07-26 13:12:02.804  1658  1793 D ColorDisplayService: GlobalSaturationTintController Animation cancelled: true to matrix: 
07-26 13:12:02.804  1658  1793 D ColorDisplayService:        1,000000 0,000000 0,000000 0,000000 0,000000 1,000000 0,000000 0,000000 0,000000 0,000000 1,000000 0,000000 0,000000 0,000000 0,000000 1,000000
07-26 13:12:05.819  1658  1793 D ColorDisplayService: GlobalSaturationTintController Animation cancelled: false to matrix: 
07-26 13:12:05.819  1658  1793 D ColorDisplayService:        1,000000 0,000000 0,000000 0,000000 0,000000 1,000000 0,000000 0,000000 0,000000 0,000000 1,000000 0,000000 0,000000 0,000000 0,000000 1,000000
07-26 13:12:17.766  1658  1658 V SettingsProvider: Notifying for 0: content://settings/system/next_alarm_formatted
07-26 13:12:17.767  1658  1658 D ConditionProviders.SCP: onReceive android.app.action.NEXT_ALARM_CLOCK_CHANGED
07-26 13:12:17.767  1658  1658 D ConditionProviders.SCP: evaluateSubscriptionLocked cal=ScheduleCalendar[mDays={1, 2, 3, 4, 5, 6, 7}, mSchedule=ScheduleInfo{days=[1, 2, 3, 4, 5, 6, 7], startHour=22, startMinute=0, endHour=7, endMinute=0, exitAtAlarm=true, nextAlarm=Mon Jul 26 13:12:17 GMT+07:00 2021 (1627279937759)}], now=Mon Jul 26 13:12:17 GMT+07:00 2021 (1627279937767), nextUserAlarmTime=Mon Jul 26 13:13:41 GMT+07:00 2021 (1627280021428)
07-26 13:12:17.767  1658  1658 D ConditionProviders.SCP: notifyCondition condition://android/schedule?days=1.2.3.4.5.6.7&start=22.0&end=7.0&exitAtAlarm=true STATE_FALSE reason=!meetsSchedule
07-26 13:12:17.769  1658  1658 D ConditionProviders.SCP: Scheduling evaluate for Mon Jul 26 22:00:00 GMT+07:00 2021 (1627311600000), in +8h47m42s233ms, now=Mon Jul 26 13:12:17 GMT+07:00 2021 (1627279937767)
07-26 13:12:17.781  1658  1658 V SettingsProvider: Notifying for 0: content://settings/system/next_alarm_formatted
07-26 13:12:17.781  1658  1658 D ConditionProviders.SCP: onReceive android.app.action.NEXT_ALARM_CLOCK_CHANGED
07-26 13:12:17.781  1658  1793 D ColorDisplayService: Setting saturation level: 100
07-26 13:12:17.782  1658  1658 D ConditionProviders.SCP: evaluateSubscriptionLocked cal=ScheduleCalendar[mDays={1, 2, 3, 4, 5, 6, 7}, mSchedule=ScheduleInfo{days=[1, 2, 3, 4, 5, 6, 7], startHour=22, startMinute=0, endHour=7, endMinute=0, exitAtAlarm=true, nextAlarm=Mon Jul 26 13:13:41 GMT+07:00 2021 (1627280021428)}], now=Mon Jul 26 13:12:17 GMT+07:00 2021 (1627279937782), nextUserAlarmTime=Mon Jul 26 13:12:32 GMT+07:00 2021 (1627279952776)
07-26 13:12:17.782  1658  1658 D ConditionProviders.SCP: notifyCondition condition://android/schedule?days=1.2.3.4.5.6.7&start=22.0&end=7.0&exitAtAlarm=true STATE_FALSE reason=!meetsSchedule
07-26 13:12:17.784  1658  1658 D ConditionProviders.SCP: Scheduling evaluate for Mon Jul 26 22:00:00 GMT+07:00 2021 (1627311600000), in +8h47m42s218ms, now=Mon Jul 26 13:12:17 GMT+07:00 2021 (1627279937782)
07-26 13:12:17.866  1658  1793 D ColorDisplayService: Setting saturation level: 100
07-26 13:12:17.867  1658  1793 D ColorDisplayService: GlobalSaturationTintController Animation cancelled: true to matrix: 
07-26 13:12:17.867  1658  1793 D ColorDisplayService:        1,000000 0,000000 0,000000 0,000000 0,000000 1,000000 0,000000 0,000000 0,000000 0,000000 1,000000 0,000000 0,000000 0,000000 0,000000 1,000000
07-26 13:12:20.890  1658  1793 D ColorDisplayService: GlobalSaturationTintController Animation cancelled: false to matrix: 
07-26 13:12:20.890  1658  1793 D ColorDisplayService:        1,000000 0,000000 0,000000 0,000000 0,000000 1,000000 0,000000 0,000000 0,000000 0,000000 1,000000 0,000000 0,000000 0,000000 0,000000 1,000000
07-26 13:12:32.789  1658  1658 V SettingsProvider: Notifying for 0: content://settings/system/next_alarm_formatted
07-26 13:12:32.790  1658  1658 D ConditionProviders.SCP: onReceive android.app.action.NEXT_ALARM_CLOCK_CHANGED
07-26 13:12:32.791  1658  1658 D ConditionProviders.SCP: evaluateSubscriptionLocked cal=ScheduleCalendar[mDays={1, 2, 3, 4, 5, 6, 7}, mSchedule=ScheduleInfo{days=[1, 2, 3, 4, 5, 6, 7], startHour=22, startMinute=0, endHour=7, endMinute=0, exitAtAlarm=true, nextAlarm=Mon Jul 26 13:12:32 GMT+07:00 2021 (1627279952776)}], now=Mon Jul 26 13:12:32 GMT+07:00 2021 (1627279952790), nextUserAlarmTime=Mon Jul 26 13:13:41 GMT+07:00 2021 (1627280021428)
07-26 13:12:32.791  1658  1658 D ConditionProviders.SCP: notifyCondition condition://android/schedule?days=1.2.3.4.5.6.7&start=22.0&end=7.0&exitAtAlarm=true STATE_FALSE reason=!meetsSchedule
07-26 13:12:32.793  1658  1658 D ConditionProviders.SCP: Scheduling evaluate for Mon Jul 26 22:00:00 GMT+07:00 2021 (1627311600000), in +8h47m27s210ms, now=Mon Jul 26 13:12:32 GMT+07:00 2021 (1627279952790)
07-26 13:12:32.803  1658  1793 D ColorDisplayService: Setting saturation level: 100
07-26 13:12:32.813  1658  1658 V SettingsProvider: Notifying for 0: content://settings/system/next_alarm_formatted
07-26 13:12:32.816  1658  1658 D ConditionProviders.SCP: onReceive android.app.action.NEXT_ALARM_CLOCK_CHANGED
