07-26 13:12:32.817  1658  1658 D ConditionProviders.SCP: evaluateSubscriptionLocked cal=ScheduleCalendar[mDays={1, 2, 3, 4, 5, 6, 7}, mSchedule=ScheduleInfo{days=[1, 2, 3, 4, 5, 6, 7], startHour=22, startMinute=0, endHour=7, endMinute=0, exitAtAlarm=true, nextAlarm=Mon Jul 26 13:13:41 GMT+07:00 2021 (1627280021428)}], now=Mon Jul 26 13:12:32 GMT+07:00 2021 (1627279952816), nextUserAlarmTime=Mon Jul 26 13:12:47 GMT+07:00 2021 (1627279967810)
07-26 13:12:32.817  1658  1658 D ConditionProviders.SCP: notifyCondition condition://android/schedule?days=1.2.3.4.5.6.7&start=22.0&end=7.0&exitAtAlarm=true STATE_FALSE reason=!meetsSchedule
07-26 13:12:32.819  1658  1658 D ConditionProviders.SCP: Scheduling evaluate for Mon Jul 26 22:00:00 GMT+07:00 2021 (1627311600000), in +8h47m27s184ms, now=Mon Jul 26 13:12:32 GMT+07:00 2021 (1627279952816)
07-26 13:12:32.853  1658  1793 D ColorDisplayService: Setting saturation level: 100
07-26 13:12:32.854  1658  1793 D ColorDisplayService: GlobalSaturationTintController Animation cancelled: true to matrix: 
07-26 13:12:32.854  1658  1793 D ColorDisplayService:        1,000000 0,000000 0,000000 0,000000 0,000000 1,000000 0,000000 0,000000 0,000000 0,000000 1,000000 0,000000 0,000000 0,000000 0,000000 1,000000
07-26 13:12:35.877  1658  1793 D ColorDisplayService: GlobalSaturationTintController Animation cancelled: false to matrix: 
07-26 13:12:35.877  1658  1793 D ColorDisplayService:        1,000000 0,000000 0,000000 0,000000 0,000000 1,000000 0,000000 0,000000 0,000000 0,000000 1,000000 0,000000 0,000000 0,000000 0,000000 1,000000
07-26 13:12:47.820  1658  1658 V SettingsProvider: Notifying for 0: content://settings/system/next_alarm_formatted
07-26 13:12:47.821  1658  1658 D ConditionProviders.SCP: onReceive android.app.action.NEXT_ALARM_CLOCK_CHANGED
07-26 13:12:47.821  1658  1658 D ConditionProviders.SCP: evaluateSubscriptionLocked cal=ScheduleCalendar[mDays={1, 2, 3, 4, 5, 6, 7}, mSchedule=ScheduleInfo{days=[1, 2, 3, 4, 5, 6, 7], startHour=22, startMinute=0, endHour=7, endMinute=0, exitAtAlarm=true, nextAlarm=Mon Jul 26 13:12:47 GMT+07:00 2021 (1627279967810)}], now=Mon Jul 26 13:12:47 GMT+07:00 2021 (1627279967821), nextUserAlarmTime=Mon Jul 26 13:13:41 GMT+07:00 2021 (1627280021428)
07-26 13:12:47.821  1658  1658 D ConditionProviders.SCP: notifyCondition condition://android/schedule?days=1.2.3.4.5.6.7&start=22.0&end=7.0&exitAtAlarm=true STATE_FALSE reason=!meetsSchedule
07-26 13:12:47.823  1658  1658 D ConditionProviders.SCP: Scheduling evaluate for Mon Jul 26 22:00:00 GMT+07:00 2021 (1627311600000), in +8h47m12s179ms, now=Mon Jul 26 13:12:47 GMT+07:00 2021 (1627279967821)
07-26 13:12:47.832  1658  1658 D ConditionProviders.SCP: onReceive android.app.action.NEXT_ALARM_CLOCK_CHANGED
07-26 13:12:47.832  1658  1658 D ConditionProviders.SCP: evaluateSubscriptionLocked cal=ScheduleCalendar[mDays={1, 2, 3, 4, 5, 6, 7}, mSchedule=ScheduleInfo{days=[1, 2, 3, 4, 5, 6, 7], startHour=22, startMinute=0, endHour=7, endMinute=0, exitAtAlarm=true, nextAlarm=Mon Jul 26 13:13:41 GMT+07:00 2021 (1627280021428)}], now=Mon Jul 26 13:12:47 GMT+07:00 2021 (1627279967832), nextUserAlarmTime=Mon Jul 26 13:13:02 GMT+07:00 2021 (1627279982830)
07-26 13:12:47.833  1658  1658 D ConditionProviders.SCP: notifyCondition condition://android/schedule?days=1.2.3.4.5.6.7&start=22.0&end=7.0&exitAtAlarm=true STATE_FALSE reason=!meetsSchedule
07-26 13:12:47.834  1658  1658 D ConditionProviders.SCP: Scheduling evaluate for Mon Jul 26 22:00:00 GMT+07:00 2021 (1627311600000), in +8h47m12s168ms, now=Mon Jul 26 13:12:47 GMT+07:00 2021 (1627279967832)
07-26 13:12:47.836  1658  1793 D ColorDisplayService: Setting saturation level: 100
07-26 13:12:47.881  1658  1793 D ColorDisplayService: Setting saturation level: 100
07-26 13:12:47.882  1658  1793 D ColorDisplayService: GlobalSaturationTintController Animation cancelled: true to matrix: 
07-26 13:12:47.882  1658  1793 D ColorDisplayService:        1,000000 0,000000 0,000000 0,000000 0,000000 1,000000 0,000000 0,000000 0,000000 0,000000 1,000000 0,000000 0,000000 0,000000 0,000000 1,000000
07-26 13:12:50.898  1658  1793 D ColorDisplayService: GlobalSaturationTintController Animation cancelled: false to matrix: 
07-26 13:12:50.898  1658  1793 D ColorDisplayService:        1,000000 0,000000 0,000000 0,000000 0,000000 1,000000 0,000000 0,000000 0,000000 0,000000 1,000000 0,000000 0,000000 0,000000 0,000000 1,000000
07-26 13:13:02.834  1658  1658 D ConditionProviders.SCP: onReceive android.app.action.NEXT_ALARM_CLOCK_CHANGED
07-26 13:13:02.835  1658  1658 D ConditionProviders.SCP: evaluateSubscriptionLocked cal=ScheduleCalendar[mDays={1, 2, 3, 4, 5, 6, 7}, mSchedule=ScheduleInfo{days=[1, 2, 3, 4, 5, 6, 7], startHour=22, startMinute=0, endHour=7, endMinute=0, exitAtAlarm=true, nextAlarm=Mon Jul 26 13:13:02 GMT+07:00 2021 (1627279982830)}], now=Mon Jul 26 13:13:02 GMT+07:00 2021 (1627279982835), nextUserAlarmTime=Mon Jul 26 13:13:41 GMT+07:00 2021 (1627280021428)
07-26 13:13:02.835  1658  1658 D ConditionProviders.SCP: notifyCondition condition://android/schedule?days=1.2.3.4.5.6.7&start=22.0&end=7.0&exitAtAlarm=true STATE_FALSE reason=!meetsSchedule
07-26 13:13:02.838  1658  1658 D ConditionProviders.SCP: Scheduling evaluate for Mon Jul 26 22:00:00 GMT+07:00 2021 (1627311600000), in +8h46m57s165ms, now=Mon Jul 26 13:13:02 GMT+07:00 2021 (1627279982835)
07-26 13:13:02.851  1658  1793 D ColorDisplayService: Setting saturation level: 100
07-26 13:13:02.856  1658  1658 D ConditionProviders.SCP: onReceive android.app.action.NEXT_ALARM_CLOCK_CHANGED
07-26 13:13:02.856  1658  1658 D ConditionProviders.SCP: evaluateSubscriptionLocked cal=ScheduleCalendar[mDays={1, 2, 3, 4, 5, 6, 7}, mSchedule=ScheduleInfo{days=[1, 2, 3, 4, 5, 6, 7], startHour=22, startMinute=0, endHour=7, endMinute=0, exitAtAlarm=true, nextAlarm=Mon Jul 26 13:13:41 GMT+07:00 2021 (1627280021428)}], now=Mon Jul 26 13:13:02 GMT+07:00 2021 (1627279982856), nextUserAlarmTime=Mon Jul 26 13:13:17 GMT+07:00 2021 (1627279997854)
07-26 13:13:02.857  1658  1658 D ConditionProviders.SCP: notifyCondition condition://android/schedule?days=1.2.3.4.5.6.7&start=22.0&end=7.0&exitAtAlarm=true STATE_FALSE reason=!meetsSchedule
07-26 13:13:02.858  1658  1658 D ConditionProviders.SCP: Scheduling evaluate for Mon Jul 26 22:00:00 GMT+07:00 2021 (1627311600000), in +8h46m57s144ms, now=Mon Jul 26 13:13:02 GMT+07:00 2021 (1627279982856)
07-26 13:13:02.890  1658  1793 D ColorDisplayService: Setting saturation level: 100
07-26 13:13:02.891  1658  1793 D ColorDisplayService: GlobalSaturationTintController Animation cancelled: true to matrix: 
07-26 13:13:02.891  1658  1793 D ColorDisplayService:        1,000000 0,000000 0,000000 0,000000 0,000000 1,000000 0,000000 0,000000 0,000000 0,000000 1,000000 0,000000 0,000000 0,000000 0,000000 1,000000
07-26 13:13:03.954  1658  1809 I ActivityManager: Start proc 19650:com.android.providers.calendar/u0a63 for content provider {com.android.providers.calendar/com.android.providers.calendar.CalendarProvider2}
07-26 13:13:04.061  1658  4748 I ActivityManager: Killing 17838:com.android.vending/u0a62 (adj 975): empty #17
07-26 13:13:04.111  1658  2996 D ConnectivityService: ConnectivityService NetworkRequestInfo binderDied(NetworkRequest [ TRACK_DEFAULT id=931, [ Capabilities: INTERNET&NOT_RESTRICTED&TRUSTED Uid: 10062] ], android.os.BinderProxy@fb83338)
07-26 13:13:04.111  1658  1728 D ConnectivityService: ConnectivityService NetworkRequestInfo binderDied(NetworkRequest [ LISTEN id=932, [ Capabilities: INTERNET&NOT_RESTRICTED&TRUSTED Uid: 10062] ], android.os.BinderProxy@6590f11)
07-26 13:13:04.112  1658  2138 D ConnectivityService: releasing NetworkRequest [ TRACK_DEFAULT id=931, [ Capabilities: INTERNET&NOT_RESTRICTED&TRUSTED Uid: 10062] ] (release request)
07-26 13:13:05.900  1658  1793 D ColorDisplayService: GlobalSaturationTintController Animation cancelled: false to matrix: 
07-26 13:13:05.900  1658  1793 D ColorDisplayService:        1,000000 0,000000 0,000000 0,000000 0,000000 1,000000 0,000000 0,000000 0,000000 0,000000 1,000000 0,000000 0,000000 0,000000 0,000000 1,000000
07-26 13:13:11.684  1658  1806 I UsageStatsService: User[0] Flushing usage stats to disk
07-26 13:13:11.738  1658  1806 E AppIdleHistory: Error writing app idle file for user 0
07-26 13:13:17.824  1658  1808 W BroadcastQueue: Background execution not allowed: receiving Intent { act=android.net.wifi.SCAN_RESULTS flg=0x4000010 (has extras) } to com.zing.zalo/.receiver.ZaloReceiver
07-26 13:13:17.864  1658  1658 D ConditionProviders.SCP: onReceive android.app.action.NEXT_ALARM_CLOCK_CHANGED
07-26 13:13:17.871  1658  1658 D ConditionProviders.SCP: evaluateSubscriptionLocked cal=ScheduleCalendar[mDays={1, 2, 3, 4, 5, 6, 7}, mSchedule=ScheduleInfo{days=[1, 2, 3, 4, 5, 6, 7], startHour=22, startMinute=0, endHour=7, endMinute=0, exitAtAlarm=true, nextAlarm=Mon Jul 26 13:13:17 GMT+07:00 2021 (1627279997854)}], now=Mon Jul 26 13:13:17 GMT+07:00 2021 (1627279997864), nextUserAlarmTime=Mon Jul 26 13:13:41 GMT+07:00 2021 (1627280021428)
07-26 13:13:17.871  1658  1658 D ConditionProviders.SCP: notifyCondition condition://android/schedule?days=1.2.3.4.5.6.7&start=22.0&end=7.0&exitAtAlarm=true STATE_FALSE reason=!meetsSchedule
07-26 13:13:17.874  1658  1658 D ConditionProviders.SCP: Scheduling evaluate for Mon Jul 26 22:00:00 GMT+07:00 2021 (1627311600000), in +8h46m42s136ms, now=Mon Jul 26 13:13:17 GMT+07:00 2021 (1627279997864)
07-26 13:13:17.879  1658  1658 D ConditionProviders.SCP: onReceive android.app.action.NEXT_ALARM_CLOCK_CHANGED
07-26 13:13:17.880  1658  1658 D ConditionProviders.SCP: evaluateSubscriptionLocked cal=ScheduleCalendar[mDays={1, 2, 3, 4, 5, 6, 7}, mSchedule=ScheduleInfo{days=[1, 2, 3, 4, 5, 6, 7], startHour=22, startMinute=0, endHour=7, endMinute=0, exitAtAlarm=true, nextAlarm=Mon Jul 26 13:13:41 GMT+07:00 2021 (1627280021428)}], now=Mon Jul 26 13:13:17 GMT+07:00 2021 (1627279997879), nextUserAlarmTime=Mon Jul 26 13:13:32 GMT+07:00 2021 (1627280012876)
07-26 13:13:17.880  1658  1658 D ConditionProviders.SCP: notifyCondition condition://android/schedule?days=1.2.3.4.5.6.7&start=22.0&end=7.0&exitAtAlarm=true STATE_FALSE reason=!meetsSchedule
07-26 13:13:17.881  1658  1658 D ConditionProviders.SCP: Scheduling evaluate for Mon Jul 26 22:00:00 GMT+07:00 2021 (1627311600000), in +8h46m42s121ms, now=Mon Jul 26 13:13:17 GMT+07:00 2021 (1627279997879)
07-26 13:13:17.887  1658  1793 D ColorDisplayService: Setting saturation level: 100
07-26 13:13:17.930  1658  1793 D ColorDisplayService: Setting saturation level: 100
07-26 13:13:17.931  1658  1793 D ColorDisplayService: GlobalSaturationTintController Animation cancelled: true to matrix: 
07-26 13:13:17.931  1658  1793 D ColorDisplayService:        1,000000 0,000000 0,000000 0,000000 0,000000 1,000000 0,000000 0,000000 0,000000 0,000000 1,000000 0,000000 0,000000 0,000000 0,000000 1,000000
07-26 13:13:20.955  1658  1793 D ColorDisplayService: GlobalSaturationTintController Animation cancelled: false to matrix: 
07-26 13:13:20.955  1658  1793 D ColorDisplayService:        1,000000 0,000000 0,000000 0,000000 0,000000 1,000000 0,000000 0,000000 0,000000 0,000000 1,000000 0,000000 0,000000 0,000000 0,000000 1,000000
07-26 13:13:32.883  1658  1658 D ConditionProviders.SCP: onReceive android.app.action.NEXT_ALARM_CLOCK_CHANGED
07-26 13:13:32.886  1658  1658 D ConditionProviders.SCP: evaluateSubscriptionLocked cal=ScheduleCalendar[mDays={1, 2, 3, 4, 5, 6, 7}, mSchedule=ScheduleInfo{days=[1, 2, 3, 4, 5, 6, 7], startHour=22, startMinute=0, endHour=7, endMinute=0, exitAtAlarm=true, nextAlarm=Mon Jul 26 13:13:32 GMT+07:00 2021 (1627280012876)}], now=Mon Jul 26 13:13:32 GMT+07:00 2021 (1627280012883), nextUserAlarmTime=Mon Jul 26 13:13:41 GMT+07:00 2021 (1627280021428)
07-26 13:13:32.886  1658  1658 D ConditionProviders.SCP: notifyCondition condition://android/schedule?days=1.2.3.4.5.6.7&start=22.0&end=7.0&exitAtAlarm=true STATE_FALSE reason=!meetsSchedule
07-26 13:13:32.890  1658  1658 D ConditionProviders.SCP: Scheduling evaluate for Mon Jul 26 22:00:00 GMT+07:00 2021 (1627311600000), in +8h46m27s117ms, now=Mon Jul 26 13:13:32 GMT+07:00 2021 (1627280012883)
07-26 13:13:32.902  1658  1793 D ColorDisplayService: Setting saturation level: 100
07-26 13:13:35.928  1658  1793 D ColorDisplayService: GlobalSaturationTintController Animation cancelled: false to matrix: 
07-26 13:13:35.928  1658  1793 D ColorDisplayService:        1,000000 0,000000 0,000000 0,000000 0,000000 1,000000 0,000000 0,000000 0,000000 0,000000 1,000000 0,000000 0,000000 0,000000 0,000000 1,000000
07-26 13:13:41.437  1658  1658 D ConditionProviders.SCP: onReceive android.app.action.NEXT_ALARM_CLOCK_CHANGED
07-26 13:13:41.439  1658  1658 D ConditionProviders.SCP: evaluateSubscriptionLocked cal=ScheduleCalendar[mDays={1, 2, 3, 4, 5, 6, 7}, mSchedule=ScheduleInfo{days=[1, 2, 3, 4, 5, 6, 7], startHour=22, startMinute=0, endHour=7, endMinute=0, exitAtAlarm=true, nextAlarm=Mon Jul 26 13:13:41 GMT+07:00 2021 (1627280021428)}], now=Mon Jul 26 13:13:41 GMT+07:00 2021 (1627280021437), nextUserAlarmTime=Mon Jul 26 13:13:47 GMT+07:00 2021 (1627280027910)
07-26 13:13:41.439  1658  1658 D ConditionProviders.SCP: notifyCondition condition://android/schedule?days=1.2.3.4.5.6.7&start=22.0&end=7.0&exitAtAlarm=true STATE_FALSE reason=!meetsSchedule
07-26 13:13:41.442  1658  1658 D ConditionProviders.SCP: Scheduling evaluate for Mon Jul 26 22:00:00 GMT+07:00 2021 (1627311600000), in +8h46m18s563ms, now=Mon Jul 26 13:13:41 GMT+07:00 2021 (1627280021437)
07-26 13:13:41.454  1658  1793 D ColorDisplayService: Setting saturation level: 100
07-26 13:13:44.464  1658  1793 D ColorDisplayService: GlobalSaturationTintController Animation cancelled: false to matrix: 
07-26 13:13:44.464  1658  1793 D ColorDisplayService:        1,000000 0,000000 0,000000 0,000000 0,000000 1,000000 0,000000 0,000000 0,000000 0,000000 1,000000 0,000000 0,000000 0,000000 0,000000 1,000000
07-26 13:13:47.923  1658  1658 V SettingsProvider: Notifying for 0: content://settings/system/next_alarm_formatted
07-26 13:13:47.924  1658  1658 D ConditionProviders.SCP: onReceive android.app.action.NEXT_ALARM_CLOCK_CHANGED
07-26 13:13:47.926  1658  1658 D ConditionProviders.SCP: evaluateSubscriptionLocked cal=ScheduleCalendar[mDays={1, 2, 3, 4, 5, 6, 7}, mSchedule=ScheduleInfo{days=[1, 2, 3, 4, 5, 6, 7], startHour=22, startMinute=0, endHour=7, endMinute=0, exitAtAlarm=true, nextAlarm=Mon Jul 26 13:13:47 GMT+07:00 2021 (1627280027910)}], now=Mon Jul 26 13:13:47 GMT+07:00 2021 (1627280027924), nextUserAlarmTime=Mon Jul 26 13:14:22 GMT+07:00 2021 (1627280062455)
07-26 13:13:47.926  1658  1658 D ConditionProviders.SCP: notifyCondition condition://android/schedule?days=1.2.3.4.5.6.7&start=22.0&end=7.0&exitAtAlarm=true STATE_FALSE reason=!meetsSchedule
07-26 13:13:47.929  1658  1658 D ConditionProviders.SCP: Scheduling evaluate for Mon Jul 26 22:00:00 GMT+07:00 2021 (1627311600000), in +8h46m12s76ms, now=Mon Jul 26 13:13:47 GMT+07:00 2021 (1627280027924)
07-26 13:13:47.934  1658  1793 D ColorDisplayService: Setting saturation level: 100
07-26 13:13:47.935  1658  1658 D ConditionProviders.SCP: onReceive android.app.action.NEXT_ALARM_CLOCK_CHANGED
07-26 13:13:47.936  1658  1658 D ConditionProviders.SCP: evaluateSubscriptionLocked cal=ScheduleCalendar[mDays={1, 2, 3, 4, 5, 6, 7}, mSchedule=ScheduleInfo{days=[1, 2, 3, 4, 5, 6, 7], startHour=22, startMinute=0, endHour=7, endMinute=0, exitAtAlarm=true, nextAlarm=Mon Jul 26 13:14:22 GMT+07:00 2021 (1627280062455)}], now=Mon Jul 26 13:13:47 GMT+07:00 2021 (1627280027936), nextUserAlarmTime=Mon Jul 26 13:14:02 GMT+07:00 2021 (1627280042933)
07-26 13:13:47.936  1658  1658 D ConditionProviders.SCP: notifyCondition condition://android/schedule?days=1.2.3.4.5.6.7&start=22.0&end=7.0&exitAtAlarm=true STATE_FALSE reason=!meetsSchedule
07-26 13:13:47.937  1658  1658 D ConditionProviders.SCP: Scheduling evaluate for Mon Jul 26 22:00:00 GMT+07:00 2021 (1627311600000), in +8h46m12s64ms, now=Mon Jul 26 13:13:47 GMT+07:00 2021 (1627280027936)
07-26 13:13:47.968  1658  1793 D ColorDisplayService: Setting saturation level: 100
07-26 13:13:47.969  1658  1793 D ColorDisplayService: GlobalSaturationTintController Animation cancelled: true to matrix: 
07-26 13:13:47.969  1658  1793 D ColorDisplayService:        1,000000 0,000000 0,000000 0,000000 0,000000 1,000000 0,000000 0,000000 0,000000 0,000000 1,000000 0,000000 0,000000 0,000000 0,000000 1,000000
07-26 13:13:50.981  1658  1793 D ColorDisplayService: GlobalSaturationTintController Animation cancelled: false to matrix: 
07-26 13:13:50.981  1658  1793 D ColorDisplayService:        1,000000 0,000000 0,000000 0,000000 0,000000 1,000000 0,000000 0,000000 0,000000 0,000000 1,000000 0,000000 0,000000 0,000000 0,000000 1,000000
07-26 13:13:56.531  1658  1728 I ActivityManager: Force stopping com.example.testcameramediacodec appid=10291 user=0: from pid 19704
07-26 13:13:56.601  1658  1728 I ActivityTaskManager: START u0 {act=android.intent.action.MAIN cat=[android.intent.category.LAUNCHER] flg=0x10000000 cmp=com.example.testcameramediacodec/.MainActivity} from uid 2000
07-26 13:13:56.618  1658  1658 V SettingsProvider: Notifying for 0: content://settings/secure/reminder_exp_learning_time_elapsed
07-26 13:13:56.649  1658  1809 I ActivityManager: Start proc 19718:com.example.testcameramediacodec/u0a291 for activity {com.example.testcameramediacodec/com.example.testcameramediacodec.MainActivity}
07-26 13:13:57.352  1658  2651 E WindowManager: App trying to use insecure INPUT_FEATURE_NO_INPUT_CHANNEL flag. Ignoring
07-26 13:13:57.469  1658  1658 V SettingsProvider: Notifying for 0: content://settings/secure/flashlight_available
07-26 13:13:57.627  1658  4748 I ActivityManager: Killing 18752:com.android.chrome/u0a162 (adj 965): empty #17
07-26 13:13:58.860  1658  1837 V DisplayPowerController: Brightness [50] reason changing to: 'manual', previous reason: 'manual [ dim ]'.
07-26 13:14:02.942  1658  1658 D ConditionProviders.SCP: onReceive android.app.action.NEXT_ALARM_CLOCK_CHANGED
07-26 13:14:02.943  1658  1658 D ConditionProviders.SCP: evaluateSubscriptionLocked cal=ScheduleCalendar[mDays={1, 2, 3, 4, 5, 6, 7}, mSchedule=ScheduleInfo{days=[1, 2, 3, 4, 5, 6, 7], startHour=22, startMinute=0, endHour=7, endMinute=0, exitAtAlarm=true, nextAlarm=Mon Jul 26 13:14:02 GMT+07:00 2021 (1627280042933)}], now=Mon Jul 26 13:14:02 GMT+07:00 2021 (1627280042943), nextUserAlarmTime=Mon Jul 26 13:14:22 GMT+07:00 2021 (1627280062455)
07-26 13:14:02.943  1658  1658 D ConditionProviders.SCP: notifyCondition condition://android/schedule?days=1.2.3.4.5.6.7&start=22.0&end=7.0&exitAtAlarm=true STATE_FALSE reason=!meetsSchedule
07-26 13:14:02.945  1658  1658 D ConditionProviders.SCP: Scheduling evaluate for Mon Jul 26 22:00:00 GMT+07:00 2021 (1627311600000), in +8h45m57s57ms, now=Mon Jul 26 13:14:02 GMT+07:00 2021 (1627280042943)
07-26 13:14:02.956  1658  1793 D ColorDisplayService: Setting saturation level: 100
07-26 13:14:02.965  1658  1658 D ConditionProviders.SCP: onReceive android.app.action.NEXT_ALARM_CLOCK_CHANGED
07-26 13:14:02.965  1658  1658 D ConditionProviders.SCP: evaluateSubscriptionLocked cal=ScheduleCalendar[mDays={1, 2, 3, 4, 5, 6, 7}, mSchedule=ScheduleInfo{days=[1, 2, 3, 4, 5, 6, 7], startHour=22, startMinute=0, endHour=7, endMinute=0, exitAtAlarm=true, nextAlarm=Mon Jul 26 13:14:22 GMT+07:00 2021 (1627280062455)}], now=Mon Jul 26 13:14:02 GMT+07:00 2021 (1627280042965), nextUserAlarmTime=Mon Jul 26 13:14:17 GMT+07:00 2021 (1627280057961)
07-26 13:14:02.965  1658  1658 D ConditionProviders.SCP: notifyCondition condition://android/schedule?days=1.2.3.4.5.6.7&start=22.0&end=7.0&exitAtAlarm=true STATE_FALSE reason=!meetsSchedule
07-26 13:14:02.966  1658  1658 D ConditionProviders.SCP: Scheduling evaluate for Mon Jul 26 22:00:00 GMT+07:00 2021 (1627311600000), in +8h45m57s35ms, now=Mon Jul 26 13:14:02 GMT+07:00 2021 (1627280042965)
07-26 13:14:03.009  1658  1793 D ColorDisplayService: Setting saturation level: 100
07-26 13:14:03.009  1658  1793 D ColorDisplayService: GlobalSaturationTintController Animation cancelled: true to matrix: 
07-26 13:14:03.009  1658  1793 D ColorDisplayService:        1,000000 0,000000 0,000000 0,000000 0,000000 1,000000 0,000000 0,000000 0,000000 0,000000 1,000000 0,000000 0,000000 0,000000 0,000000 1,000000
07-26 13:14:06.017  1658  1793 D ColorDisplayService: GlobalSaturationTintController Animation cancelled: false to matrix: 
07-26 13:14:06.017  1658  1793 D ColorDisplayService:        1,000000 0,000000 0,000000 0,000000 0,000000 1,000000 0,000000 0,000000 0,000000 0,000000 1,000000 0,000000 0,000000 0,000000 0,000000 1,000000
07-26 13:14:08.567 19718 19846 E AndroidRuntime: FATAL EXCEPTION: startStream
07-26 13:14:08.567 19718 19846 E AndroidRuntime: Process: com.example.testcameramediacodec, PID: 19718
07-26 13:14:08.567 19718 19846 E AndroidRuntime: java.lang.IllegalThreadStateException
07-26 13:14:08.567 19718 19846 E AndroidRuntime: 	at java.lang.Thread.start(Thread.java:868)
07-26 13:14:08.567 19718 19846 E AndroidRuntime: 	at com.example.testcameramediacodec.CameraEncode$3.run(CameraEncode.java:331)
07-26 13:14:08.567 19718 19846 E AndroidRuntime: 	at java.lang.Thread.run(Thread.java:919)
07-26 13:14:08.575  1658 19855 I DropBoxManagerService: add tag=data_app_crash isTagEnabled=true flags=0x2
07-26 13:14:08.575  1658  1728 W ActivityTaskManager:   Force finishing activity com.example.testcameramediacodec/.MainActivity
07-26 13:14:08.611  1658  1808 W BroadcastQueue: Background execution not allowed: receiving Intent { act=android.intent.action.DROPBOX_ENTRY_ADDED flg=0x10 (has extras) } to com.google.android.gms/.stats.service.DropBoxEntryAddedReceiver
07-26 13:14:08.611  1658  1808 W BroadcastQueue: Background execution not allowed: receiving Intent { act=android.intent.action.DROPBOX_ENTRY_ADDED flg=0x10 (has extras) } to com.google.android.gms/.chimera.GmsIntentOperationService$PersistentTrustedReceiver
07-26 13:14:08.651  1658  1728 I WindowManager: WIN DEATH: Window{b0d487 u0 com.example.testcameramediacodec/com.example.testcameramediacodec.MainActivity}
07-26 13:14:08.652  1658  2828 I ActivityManager: Process com.example.testcameramediacodec (pid 19718) has died: vis+99 TOP 
07-26 13:14:08.701  1658  1793 W ActivityManager: setHasOverlayUi called on unknown pid: 19718
07-26 13:14:08.764  1658  1809 I ActivityManager: Start proc 19861:com.android.chrome/u0a162 for null
07-26 13:14:08.833  1658  1658 V SettingsProvider: Notifying for 0: content://settings/secure/flashlight_available
07-26 13:14:09.328  1658  3942 I ActivityManager: Force stopping com.example.testcameramediacodec appid=10291 user=0: from pid 19899
07-26 13:14:17.966  1658  1658 D ConditionProviders.SCP: onReceive android.app.action.NEXT_ALARM_CLOCK_CHANGED
07-26 13:14:17.970  1658  1658 D ConditionProviders.SCP: evaluateSubscriptionLocked cal=ScheduleCalendar[mDays={1, 2, 3, 4, 5, 6, 7}, mSchedule=ScheduleInfo{days=[1, 2, 3, 4, 5, 6, 7], startHour=22, startMinute=0, endHour=7, endMinute=0, exitAtAlarm=true, nextAlarm=Mon Jul 26 13:14:17 GMT+07:00 2021 (1627280057961)}], now=Mon Jul 26 13:14:17 GMT+07:00 2021 (1627280057966), nextUserAlarmTime=Mon Jul 26 13:14:22 GMT+07:00 2021 (1627280062455)
07-26 13:14:17.970  1658  1658 D ConditionProviders.SCP: notifyCondition condition://android/schedule?days=1.2.3.4.5.6.7&start=22.0&end=7.0&exitAtAlarm=true STATE_FALSE reason=!meetsSchedule
07-26 13:14:17.974  1658  1658 D ConditionProviders.SCP: Scheduling evaluate for Mon Jul 26 22:00:00 GMT+07:00 2021 (1627311600000), in +8h45m42s34ms, now=Mon Jul 26 13:14:17 GMT+07:00 2021 (1627280057966)
07-26 13:14:17.983  1658  1793 D ColorDisplayService: Setting saturation level: 100
07-26 13:14:21.007  1658  1793 D ColorDisplayService: GlobalSaturationTintController Animation cancelled: false to matrix: 
07-26 13:14:21.007  1658  1793 D ColorDisplayService:        1,000000 0,000000 0,000000 0,000000 0,000000 1,000000 0,000000 0,000000 0,000000 0,000000 1,000000 0,000000 0,000000 0,000000 0,000000 1,000000
07-26 13:14:22.461  1658  1658 D ConditionProviders.SCP: onReceive android.app.action.NEXT_ALARM_CLOCK_CHANGED
07-26 13:14:22.462  1658  1658 D ConditionProviders.SCP: evaluateSubscriptionLocked cal=ScheduleCalendar[mDays={1, 2, 3, 4, 5, 6, 7}, mSchedule=ScheduleInfo{days=[1, 2, 3, 4, 5, 6, 7], startHour=22, startMinute=0, endHour=7, endMinute=0, exitAtAlarm=true, nextAlarm=Mon Jul 26 13:14:22 GMT+07:00 2021 (1627280062455)}], now=Mon Jul 26 13:14:22 GMT+07:00 2021 (1627280062461), nextUserAlarmTime=Mon Jul 26 13:14:32 GMT+07:00 2021 (1627280072978)
07-26 13:14:22.462  1658  1658 D ConditionProviders.SCP: notifyCondition condition://android/schedule?days=1.2.3.4.5.6.7&start=22.0&end=7.0&exitAtAlarm=true STATE_FALSE reason=!meetsSchedule
07-26 13:14:22.463  1658  1658 D ConditionProviders.SCP: Scheduling evaluate for Mon Jul 26 22:00:00 GMT+07:00 2021 (1627311600000), in +8h45m37s539ms, now=Mon Jul 26 13:14:22 GMT+07:00 2021 (1627280062461)
07-26 13:14:22.479  1658  1793 D ColorDisplayService: Setting saturation level: 100
07-26 13:14:25.496  1658  1793 D ColorDisplayService: GlobalSaturationTintController Animation cancelled: false to matrix: 
07-26 13:14:25.496  1658  1793 D ColorDisplayService:        1,000000 0,000000 0,000000 0,000000 0,000000 1,000000 0,000000 0,000000 0,000000 0,000000 1,000000 0,000000 0,000000 0,000000 0,000000 1,000000
07-26 13:14:32.989  1658  1658 V SettingsProvider: Notifying for 0: content://settings/system/next_alarm_formatted
07-26 13:14:32.989  1658  1658 D ConditionProviders.SCP: onReceive android.app.action.NEXT_ALARM_CLOCK_CHANGED
07-26 13:14:32.990  1658  1658 D ConditionProviders.SCP: evaluateSubscriptionLocked cal=ScheduleCalendar[mDays={1, 2, 3, 4, 5, 6, 7}, mSchedule=ScheduleInfo{days=[1, 2, 3, 4, 5, 6, 7], startHour=22, startMinute=0, endHour=7, endMinute=0, exitAtAlarm=true, nextAlarm=Mon Jul 26 13:14:32 GMT+07:00 2021 (1627280072978)}], now=Mon Jul 26 13:14:32 GMT+07:00 2021 (1627280072989), nextUserAlarmTime=Mon Jul 26 13:18:43 GMT+07:00 2021 (1627280323475)
07-26 13:14:32.990  1658  1658 D ConditionProviders.SCP: notifyCondition condition://android/schedule?days=1.2.3.4.5.6.7&start=22.0&end=7.0&exitAtAlarm=true STATE_FALSE reason=!meetsSchedule
07-26 13:14:32.992  1658  1658 D ConditionProviders.SCP: Scheduling evaluate for Mon Jul 26 22:00:00 GMT+07:00 2021 (1627311600000), in +8h45m27s11ms, now=Mon Jul 26 13:14:32 GMT+07:00 2021 (1627280072989)
07-26 13:14:33.015  1658  1793 D ColorDisplayService: Setting saturation level: 100
07-26 13:14:33.015  1658  1658 V SettingsProvider: Notifying for 0: content://settings/system/next_alarm_formatted
07-26 13:14:33.016  1658  1658 D ConditionProviders.SCP: onReceive android.app.action.NEXT_ALARM_CLOCK_CHANGED
07-26 13:14:33.016  1658  1658 D ConditionProviders.SCP: evaluateSubscriptionLocked cal=ScheduleCalendar[mDays={1, 2, 3, 4, 5, 6, 7}, mSchedule=ScheduleInfo{days=[1, 2, 3, 4, 5, 6, 7], startHour=22, startMinute=0, endHour=7, endMinute=0, exitAtAlarm=true, nextAlarm=Mon Jul 26 13:18:43 GMT+07:00 2021 (1627280323475)}], now=Mon Jul 26 13:14:33 GMT+07:00 2021 (1627280073016), nextUserAlarmTime=Mon Jul 26 13:14:48 GMT+07:00 2021 (1627280088011)
07-26 13:14:33.016  1658  1658 D ConditionProviders.SCP: notifyCondition condition://android/schedule?days=1.2.3.4.5.6.7&start=22.0&end=7.0&exitAtAlarm=true STATE_FALSE reason=!meetsSchedule
07-26 13:14:33.018  1658  1658 D ConditionProviders.SCP: Scheduling evaluate for Mon Jul 26 22:00:00 GMT+07:00 2021 (1627311600000), in +8h45m26s984ms, now=Mon Jul 26 13:14:33 GMT+07:00 2021 (1627280073016)
07-26 13:14:33.057  1658  1793 D ColorDisplayService: Setting saturation level: 100
07-26 13:14:33.058  1658  1793 D ColorDisplayService: GlobalSaturationTintController Animation cancelled: true to matrix: 
07-26 13:14:33.058  1658  1793 D ColorDisplayService:        1,000000 0,000000 0,000000 0,000000 0,000000 1,000000 0,000000 0,000000 0,000000 0,000000 1,000000 0,000000 0,000000 0,000000 0,000000 1,000000
07-26 13:14:36.077  1658  1793 D ColorDisplayService: GlobalSaturationTintController Animation cancelled: false to matrix: 
07-26 13:14:36.077  1658  1793 D ColorDisplayService:        1,000000 0,000000 0,000000 0,000000 0,000000 1,000000 0,000000 0,000000 0,000000 0,000000 1,000000 0,000000 0,000000 0,000000 0,000000 1,000000
07-26 13:14:48.021  1658  1658 V SettingsProvider: Notifying for 0: content://settings/system/next_alarm_formatted
07-26 13:14:48.021  1658  1658 D ConditionProviders.SCP: onReceive android.app.action.NEXT_ALARM_CLOCK_CHANGED
07-26 13:14:48.022  1658  1658 D ConditionProviders.SCP: evaluateSubscriptionLocked cal=ScheduleCalendar[mDays={1, 2, 3, 4, 5, 6, 7}, mSchedule=ScheduleInfo{days=[1, 2, 3, 4, 5, 6, 7], startHour=22, startMinute=0, endHour=7, endMinute=0, exitAtAlarm=true, nextAlarm=Mon Jul 26 13:14:48 GMT+07:00 2021 (1627280088011)}], now=Mon Jul 26 13:14:48 GMT+07:00 2021 (1627280088021), nextUserAlarmTime=Mon Jul 26 13:18:43 GMT+07:00 2021 (1627280323475)
07-26 13:14:48.022  1658  1658 D ConditionProviders.SCP: notifyCondition condition://android/schedule?days=1.2.3.4.5.6.7&start=22.0&end=7.0&exitAtAlarm=true STATE_FALSE reason=!meetsSchedule
07-26 13:14:48.023  1658  1658 D ConditionProviders.SCP: Scheduling evaluate for Mon Jul 26 22:00:00 GMT+07:00 2021 (1627311600000), in +8h45m11s979ms, now=Mon Jul 26 13:14:48 GMT+07:00 2021 (1627280088021)
07-26 13:14:48.036  1658  1793 D ColorDisplayService: Setting saturation level: 100
07-26 13:14:48.036  1658  1658 V SettingsProvider: Notifying for 0: content://settings/system/next_alarm_formatted
07-26 13:14:48.036  1658  1658 D ConditionProviders.SCP: onReceive android.app.action.NEXT_ALARM_CLOCK_CHANGED
07-26 13:14:48.037  1658  1658 D ConditionProviders.SCP: evaluateSubscriptionLocked cal=ScheduleCalendar[mDays={1, 2, 3, 4, 5, 6, 7}, mSchedule=ScheduleInfo{days=[1, 2, 3, 4, 5, 6, 7], startHour=22, startMinute=0, endHour=7, endMinute=0, exitAtAlarm=true, nextAlarm=Mon Jul 26 13:18:43 GMT+07:00 2021 (1627280323475)}], now=Mon Jul 26 13:14:48 GMT+07:00 2021 (1627280088036), nextUserAlarmTime=Mon Jul 26 13:15:03 GMT+07:00 2021 (1627280103032)
07-26 13:14:48.037  1658  1658 D ConditionProviders.SCP: notifyCondition condition://android/schedule?days=1.2.3.4.5.6.7&start=22.0&end=7.0&exitAtAlarm=true STATE_FALSE reason=!meetsSchedule
07-26 13:14:48.038  1658  1658 D ConditionProviders.SCP: Scheduling evaluate for Mon Jul 26 22:00:00 GMT+07:00 2021 (1627311600000), in +8h45m11s964ms, now=Mon Jul 26 13:14:48 GMT+07:00 2021 (1627280088036)
07-26 13:14:48.109  1658  1793 D ColorDisplayService: Setting saturation level: 100
07-26 13:14:48.110  1658  1793 D ColorDisplayService: GlobalSaturationTintController Animation cancelled: true to matrix: 
07-26 13:14:48.110  1658  1793 D ColorDisplayService:        1,000000 0,000000 0,000000 0,000000 0,000000 1,000000 0,000000 0,000000 0,000000 0,000000 1,000000 0,000000 0,000000 0,000000 0,000000 1,000000
07-26 13:14:51.131  1658  1793 D ColorDisplayService: GlobalSaturationTintController Animation cancelled: false to matrix: 
07-26 13:14:51.131  1658  1793 D ColorDisplayService:        1,000000 0,000000 0,000000 0,000000 0,000000 1,000000 0,000000 0,000000 0,000000 0,000000 1,000000 0,000000 0,000000 0,000000 0,000000 1,000000
07-26 13:15:01.160  1658  1837 V DisplayPowerController: Brightness [10] reason changing to: 'manual [ dim ]', previous reason: 'manual'.
07-26 13:15:03.043  1658  1658 V SettingsProvider: Notifying for 0: content://settings/system/next_alarm_formatted
07-26 13:15:03.046  1658  1658 D ConditionProviders.SCP: onReceive android.app.action.NEXT_ALARM_CLOCK_CHANGED
07-26 13:15:03.046  1658  1658 D ConditionProviders.SCP: evaluateSubscriptionLocked cal=ScheduleCalendar[mDays={1, 2, 3, 4, 5, 6, 7}, mSchedule=ScheduleInfo{days=[1, 2, 3, 4, 5, 6, 7], startHour=22, startMinute=0, endHour=7, endMinute=0, exitAtAlarm=true, nextAlarm=Mon Jul 26 13:15:03 GMT+07:00 2021 (1627280103032)}], now=Mon Jul 26 13:15:03 GMT+07:00 2021 (1627280103046), nextUserAlarmTime=Mon Jul 26 13:18:43 GMT+07:00 2021 (1627280323475)
07-26 13:15:03.046  1658  1658 D ConditionProviders.SCP: notifyCondition condition://android/schedule?days=1.2.3.4.5.6.7&start=22.0&end=7.0&exitAtAlarm=true STATE_FALSE reason=!meetsSchedule
07-26 13:15:03.050  1658  1658 D ConditionProviders.SCP: Scheduling evaluate for Mon Jul 26 22:00:00 GMT+07:00 2021 (1627311600000), in +8h44m56s954ms, now=Mon Jul 26 13:15:03 GMT+07:00 2021 (1627280103046)
07-26 13:15:03.056  1658  1793 D ColorDisplayService: Setting saturation level: 100
07-26 13:15:03.061  1658  1658 V SettingsProvider: Notifying for 0: content://settings/system/next_alarm_formatted
07-26 13:15:03.062  1658  1658 D ConditionProviders.SCP: onReceive android.app.action.NEXT_ALARM_CLOCK_CHANGED
07-26 13:15:03.062  1658  1658 D ConditionProviders.SCP: evaluateSubscriptionLocked cal=ScheduleCalendar[mDays={1, 2, 3, 4, 5, 6, 7}, mSchedule=ScheduleInfo{days=[1, 2, 3, 4, 5, 6, 7], startHour=22, startMinute=0, endHour=7, endMinute=0, exitAtAlarm=true, nextAlarm=Mon Jul 26 13:18:43 GMT+07:00 2021 (1627280323475)}], now=Mon Jul 26 13:15:03 GMT+07:00 2021 (1627280103062), nextUserAlarmTime=Mon Jul 26 13:15:18 GMT+07:00 2021 (1627280118058)
07-26 13:15:03.062  1658  1658 D ConditionProviders.SCP: notifyCondition condition://android/schedule?days=1.2.3.4.5.6.7&start=22.0&end=7.0&exitAtAlarm=true STATE_FALSE reason=!meetsSchedule
07-26 13:15:03.064  1658  1658 D ConditionProviders.SCP: Scheduling evaluate for Mon Jul 26 22:00:00 GMT+07:00 2021 (1627311600000), in +8h44m56s938ms, now=Mon Jul 26 13:15:03 GMT+07:00 2021 (1627280103062)
07-26 13:15:03.110  1658  1793 D ColorDisplayService: Setting saturation level: 100
07-26 13:15:03.110  1658  1793 D ColorDisplayService: GlobalSaturationTintController Animation cancelled: true to matrix: 
07-26 13:15:03.110  1658  1793 D ColorDisplayService:        1,000000 0,000000 0,000000 0,000000 0,000000 1,000000 0,000000 0,000000 0,000000 0,000000 1,000000 0,000000 0,000000 0,000000 0,000000 1,000000
07-26 13:15:06.135  1658  1793 D ColorDisplayService: GlobalSaturationTintController Animation cancelled: false to matrix: 
07-26 13:15:06.135  1658  1793 D ColorDisplayService:        1,000000 0,000000 0,000000 0,000000 0,000000 1,000000 0,000000 0,000000 0,000000 0,000000 1,000000 0,000000 0,000000 0,000000 0,000000 1,000000
07-26 13:15:18.069  1658  1658 V SettingsProvider: Notifying for 0: content://settings/system/next_alarm_formatted
07-26 13:15:18.071  1658  1658 D ConditionProviders.SCP: onReceive android.app.action.NEXT_ALARM_CLOCK_CHANGED
07-26 13:15:18.073  1658  1658 D ConditionProviders.SCP: evaluateSubscriptionLocked cal=ScheduleCalendar[mDays={1, 2, 3, 4, 5, 6, 7}, mSchedule=ScheduleInfo{days=[1, 2, 3, 4, 5, 6, 7], startHour=22, startMinute=0, endHour=7, endMinute=0, exitAtAlarm=true, nextAlarm=Mon Jul 26 13:15:18 GMT+07:00 2021 (1627280118058)}], now=Mon Jul 26 13:15:18 GMT+07:00 2021 (1627280118071), nextUserAlarmTime=Mon Jul 26 13:18:43 GMT+07:00 2021 (1627280323475)
07-26 13:15:18.073  1658  1658 D ConditionProviders.SCP: notifyCondition condition://android/schedule?days=1.2.3.4.5.6.7&start=22.0&end=7.0&exitAtAlarm=true STATE_FALSE reason=!meetsSchedule
07-26 13:15:18.076  1658  1658 D ConditionProviders.SCP: Scheduling evaluate for Mon Jul 26 22:00:00 GMT+07:00 2021 (1627311600000), in +8h44m41s929ms, now=Mon Jul 26 13:15:18 GMT+07:00 2021 (1627280118071)
07-26 13:15:18.083  1658  1793 D ColorDisplayService: Setting saturation level: 100
07-26 13:15:18.084  1658  1658 V SettingsProvider: Notifying for 0: content://settings/system/next_alarm_formatted
07-26 13:15:18.085  1658  1658 D ConditionProviders.SCP: onReceive android.app.action.NEXT_ALARM_CLOCK_CHANGED
07-26 13:15:18.086  1658  1658 D ConditionProviders.SCP: evaluateSubscriptionLocked cal=ScheduleCalendar[mDays={1, 2, 3, 4, 5, 6, 7}, mSchedule=ScheduleInfo{days=[1, 2, 3, 4, 5, 6, 7], startHour=22, startMinute=0, endHour=7, endMinute=0, exitAtAlarm=true, nextAlarm=Mon Jul 26 13:18:43 GMT+07:00 2021 (1627280323475)}], now=Mon Jul 26 13:15:18 GMT+07:00 2021 (1627280118085), nextUserAlarmTime=Mon Jul 26 13:15:33 GMT+07:00 2021 (1627280133080)
07-26 13:15:18.086  1658  1658 D ConditionProviders.SCP: notifyCondition condition://android/schedule?days=1.2.3.4.5.6.7&start=22.0&end=7.0&exitAtAlarm=true STATE_FALSE reason=!meetsSchedule
07-26 13:15:18.087  1658  1658 D ConditionProviders.SCP: Scheduling evaluate for Mon Jul 26 22:00:00 GMT+07:00 2021 (1627311600000), in +8h44m41s915ms, now=Mon Jul 26 13:15:18 GMT+07:00 2021 (1627280118085)
07-26 13:15:18.129  1658  1793 D ColorDisplayService: Setting saturation level: 100
07-26 13:15:18.129  1658  1793 D ColorDisplayService: GlobalSaturationTintController Animation cancelled: true to matrix: 
07-26 13:15:18.129  1658  1793 D ColorDisplayService:        1,000000 0,000000 0,000000 0,000000 0,000000 1,000000 0,000000 0,000000 0,000000 0,000000 1,000000 0,000000 0,000000 0,000000 0,000000 1,000000
07-26 13:15:21.138  1658  1793 D ColorDisplayService: GlobalSaturationTintController Animation cancelled: false to matrix: 
07-26 13:15:21.138  1658  1793 D ColorDisplayService:        1,000000 0,000000 0,000000 0,000000 0,000000 1,000000 0,000000 0,000000 0,000000 0,000000 1,000000 0,000000 0,000000 0,000000 0,000000 1,000000
07-26 13:15:33.091  1658  1658 V SettingsProvider: Notifying for 0: content://settings/system/next_alarm_formatted
07-26 13:15:33.092  1658  1658 D ConditionProviders.SCP: onReceive android.app.action.NEXT_ALARM_CLOCK_CHANGED
07-26 13:15:33.093  1658  1658 D ConditionProviders.SCP: evaluateSubscriptionLocked cal=ScheduleCalendar[mDays={1, 2, 3, 4, 5, 6, 7}, mSchedule=ScheduleInfo{days=[1, 2, 3, 4, 5, 6, 7], startHour=22, startMinute=0, endHour=7, endMinute=0, exitAtAlarm=true, nextAlarm=Mon Jul 26 13:15:33 GMT+07:00 2021 (1627280133080)}], now=Mon Jul 26 13:15:33 GMT+07:00 2021 (1627280133092), nextUserAlarmTime=Mon Jul 26 13:18:43 GMT+07:00 2021 (1627280323475)
07-26 13:15:33.093  1658  1658 D ConditionProviders.SCP: notifyCondition condition://android/schedule?days=1.2.3.4.5.6.7&start=22.0&end=7.0&exitAtAlarm=true STATE_FALSE reason=!meetsSchedule
07-26 13:15:33.095  1658  1658 D ConditionProviders.SCP: Scheduling evaluate for Mon Jul 26 22:00:00 GMT+07:00 2021 (1627311600000), in +8h44m26s908ms, now=Mon Jul 26 13:15:33 GMT+07:00 2021 (1627280133092)
07-26 13:15:33.108  1658  1793 D ColorDisplayService: Setting saturation level: 100
07-26 13:15:33.120  1658  1658 V SettingsProvider: Notifying for 0: content://settings/system/next_alarm_formatted
07-26 13:15:33.122  1658  1658 D ConditionProviders.SCP: onReceive android.app.action.NEXT_ALARM_CLOCK_CHANGED
07-26 13:15:33.123  1658  1658 D ConditionProviders.SCP: evaluateSubscriptionLocked cal=ScheduleCalendar[mDays={1, 2, 3, 4, 5, 6, 7}, mSchedule=ScheduleInfo{days=[1, 2, 3, 4, 5, 6, 7], startHour=22, startMinute=0, endHour=7, endMinute=0, exitAtAlarm=true, nextAlarm=Mon Jul 26 13:18:43 GMT+07:00 2021 (1627280323475)}], now=Mon Jul 26 13:15:33 GMT+07:00 2021 (1627280133122), nextUserAlarmTime=Mon Jul 26 13:15:48 GMT+07:00 2021 (1627280148117)
07-26 13:15:33.123  1658  1658 D ConditionProviders.SCP: notifyCondition condition://android/schedule?days=1.2.3.4.5.6.7&start=22.0&end=7.0&exitAtAlarm=true STATE_FALSE reason=!meetsSchedule
07-26 13:15:33.131  1658  1658 D ConditionProviders.SCP: Scheduling evaluate for Mon Jul 26 22:00:00 GMT+07:00 2021 (1627311600000), in +8h44m26s878ms, now=Mon Jul 26 13:15:33 GMT+07:00 2021 (1627280133122)
07-26 13:15:33.225  1658  1793 D ColorDisplayService: Setting saturation level: 100
07-26 13:15:33.225  1658  1793 D ColorDisplayService: GlobalSaturationTintController Animation cancelled: true to matrix: 
07-26 13:15:33.225  1658  1793 D ColorDisplayService:        1,000000 0,000000 0,000000 0,000000 0,000000 1,000000 0,000000 0,000000 0,000000 0,000000 1,000000 0,000000 0,000000 0,000000 0,000000 1,000000
07-26 13:15:36.244  1658  1793 D ColorDisplayService: GlobalSaturationTintController Animation cancelled: false to matrix: 
07-26 13:15:36.244  1658  1793 D ColorDisplayService:        1,000000 0,000000 0,000000 0,000000 0,000000 1,000000 0,000000 0,000000 0,000000 0,000000 1,000000 0,000000 0,000000 0,000000 0,000000 1,000000
07-26 13:15:48.131  1658  1658 V SettingsProvider: Notifying for 0: content://settings/system/next_alarm_formatted
07-26 13:15:48.131  1658  1658 D ConditionProviders.SCP: onReceive android.app.action.NEXT_ALARM_CLOCK_CHANGED
07-26 13:15:48.134  1658  1658 D ConditionProviders.SCP: evaluateSubscriptionLocked cal=ScheduleCalendar[mDays={1, 2, 3, 4, 5, 6, 7}, mSchedule=ScheduleInfo{days=[1, 2, 3, 4, 5, 6, 7], startHour=22, startMinute=0, endHour=7, endMinute=0, exitAtAlarm=true, nextAlarm=Mon Jul 26 13:15:48 GMT+07:00 2021 (1627280148117)}], now=Mon Jul 26 13:15:48 GMT+07:00 2021 (1627280148131), nextUserAlarmTime=Mon Jul 26 13:18:43 GMT+07:00 2021 (1627280323475)
07-26 13:15:48.134  1658  1658 D ConditionProviders.SCP: notifyCondition condition://android/schedule?days=1.2.3.4.5.6.7&start=22.0&end=7.0&exitAtAlarm=true STATE_FALSE reason=!meetsSchedule
07-26 13:15:48.136  1658  1658 D ConditionProviders.SCP: Scheduling evaluate for Mon Jul 26 22:00:00 GMT+07:00 2021 (1627311600000), in +8h44m11s869ms, now=Mon Jul 26 13:15:48 GMT+07:00 2021 (1627280148131)
07-26 13:15:48.145  1658  1658 V SettingsProvider: Notifying for 0: content://settings/system/next_alarm_formatted
07-26 13:15:48.145  1658  1658 D ConditionProviders.SCP: onReceive android.app.action.NEXT_ALARM_CLOCK_CHANGED
07-26 13:15:48.146  1658  1658 D ConditionProviders.SCP: evaluateSubscriptionLocked cal=ScheduleCalendar[mDays={1, 2, 3, 4, 5, 6, 7}, mSchedule=ScheduleInfo{days=[1, 2, 3, 4, 5, 6, 7], startHour=22, startMinute=0, endHour=7, endMinute=0, exitAtAlarm=true, nextAlarm=Mon Jul 26 13:18:43 GMT+07:00 2021 (1627280323475)}], now=Mon Jul 26 13:15:48 GMT+07:00 2021 (1627280148145), nextUserAlarmTime=Mon Jul 26 13:16:03 GMT+07:00 2021 (1627280163141)
07-26 13:15:48.146  1658  1658 D ConditionProviders.SCP: notifyCondition condition://android/schedule?days=1.2.3.4.5.6.7&start=22.0&end=7.0&exitAtAlarm=true STATE_FALSE reason=!meetsSchedule
07-26 13:15:48.148  1658  1658 D ConditionProviders.SCP: Scheduling evaluate for Mon Jul 26 22:00:00 GMT+07:00 2021 (1627311600000), in +8h44m11s855ms, now=Mon Jul 26 13:15:48 GMT+07:00 2021 (1627280148145)
07-26 13:15:48.150  1658  1793 D ColorDisplayService: Setting saturation level: 100
07-26 13:15:48.242  1658  1793 D ColorDisplayService: Setting saturation level: 100
07-26 13:15:48.243  1658  1793 D ColorDisplayService: GlobalSaturationTintController Animation cancelled: true to matrix: 
07-26 13:15:48.243  1658  1793 D ColorDisplayService:        1,000000 0,000000 0,000000 0,000000 0,000000 1,000000 0,000000 0,000000 0,000000 0,000000 1,000000 0,000000 0,000000 0,000000 0,000000 1,000000
07-26 13:15:51.262  1658  1793 D ColorDisplayService: GlobalSaturationTintController Animation cancelled: false to matrix: 
07-26 13:15:51.262  1658  1793 D ColorDisplayService:        1,000000 0,000000 0,000000 0,000000 0,000000 1,000000 0,000000 0,000000 0,000000 0,000000 1,000000 0,000000 0,000000 0,000000 0,000000 1,000000
07-26 13:15:57.799  1658  1808 W BroadcastQueue: Background execution not allowed: receiving Intent { act=android.net.wifi.SCAN_RESULTS flg=0x4000010 (has extras) } to com.zing.zalo/.receiver.ZaloReceiver
07-26 13:16:03.149  1658  1658 V SettingsProvider: Notifying for 0: content://settings/system/next_alarm_formatted
07-26 13:16:03.150  1658  1658 D ConditionProviders.SCP: onReceive android.app.action.NEXT_ALARM_CLOCK_CHANGED
07-26 13:16:03.151  1658  1658 D ConditionProviders.SCP: evaluateSubscriptionLocked cal=ScheduleCalendar[mDays={1, 2, 3, 4, 5, 6, 7}, mSchedule=ScheduleInfo{days=[1, 2, 3, 4, 5, 6, 7], startHour=22, startMinute=0, endHour=7, endMinute=0, exitAtAlarm=true, nextAlarm=Mon Jul 26 13:16:03 GMT+07:00 2021 (1627280163141)}], now=Mon Jul 26 13:16:03 GMT+07:00 2021 (1627280163150), nextUserAlarmTime=Mon Jul 26 13:18:43 GMT+07:00 2021 (1627280323475)
07-26 13:16:03.151  1658  1658 D ConditionProviders.SCP: notifyCondition condition://android/schedule?days=1.2.3.4.5.6.7&start=22.0&end=7.0&exitAtAlarm=true STATE_FALSE reason=!meetsSchedule
07-26 13:16:03.153  1658  1658 D ConditionProviders.SCP: Scheduling evaluate for Mon Jul 26 22:00:00 GMT+07:00 2021 (1627311600000), in +8h43m56s850ms, now=Mon Jul 26 13:16:03 GMT+07:00 2021 (1627280163150)
07-26 13:16:03.166  1658  1658 V SettingsProvider: Notifying for 0: content://settings/system/next_alarm_formatted
07-26 13:16:03.167  1658  1658 D ConditionProviders.SCP: onReceive android.app.action.NEXT_ALARM_CLOCK_CHANGED
07-26 13:16:03.167  1658  1658 D ConditionProviders.SCP: evaluateSubscriptionLocked cal=ScheduleCalendar[mDays={1, 2, 3, 4, 5, 6, 7}, mSchedule=ScheduleInfo{days=[1, 2, 3, 4, 5, 6, 7], startHour=22, startMinute=0, endHour=7, endMinute=0, exitAtAlarm=true, nextAlarm=Mon Jul 26 13:18:43 GMT+07:00 2021 (1627280323475)}], now=Mon Jul 26 13:16:03 GMT+07:00 2021 (1627280163167), nextUserAlarmTime=Mon Jul 26 13:16:18 GMT+07:00 2021 (1627280178164)
07-26 13:16:03.167  1658  1658 D ConditionProviders.SCP: notifyCondition condition://android/schedule?days=1.2.3.4.5.6.7&start=22.0&end=7.0&exitAtAlarm=true STATE_FALSE reason=!meetsSchedule
07-26 13:16:03.168  1658  1658 D ConditionProviders.SCP: Scheduling evaluate for Mon Jul 26 22:00:00 GMT+07:00 2021 (1627311600000), in +8h43m56s833ms, now=Mon Jul 26 13:16:03 GMT+07:00 2021 (1627280163167)
07-26 13:16:03.182  1658  1793 D ColorDisplayService: Setting saturation level: 100
07-26 13:16:03.220  1658  1793 D ColorDisplayService: Setting saturation level: 100
07-26 13:16:03.220  1658  1793 D ColorDisplayService: GlobalSaturationTintController Animation cancelled: true to matrix: 
07-26 13:16:03.220  1658  1793 D ColorDisplayService:        1,000000 0,000000 0,000000 0,000000 0,000000 1,000000 0,000000 0,000000 0,000000 0,000000 1,000000 0,000000 0,000000 0,000000 0,000000 1,000000
07-26 13:16:06.234  1658  1793 D ColorDisplayService: GlobalSaturationTintController Animation cancelled: false to matrix: 
07-26 13:16:06.234  1658  1793 D ColorDisplayService:        1,000000 0,000000 0,000000 0,000000 0,000000 1,000000 0,000000 0,000000 0,000000 0,000000 1,000000 0,000000 0,000000 0,000000 0,000000 1,000000
07-26 13:16:18.176  1658  1658 V SettingsProvider: Notifying for 0: content://settings/system/next_alarm_formatted
07-26 13:16:18.177  1658  1658 D ConditionProviders.SCP: onReceive android.app.action.NEXT_ALARM_CLOCK_CHANGED
07-26 13:16:18.178  1658  1658 D ConditionProviders.SCP: evaluateSubscriptionLocked cal=ScheduleCalendar[mDays={1, 2, 3, 4, 5, 6, 7}, mSchedule=ScheduleInfo{days=[1, 2, 3, 4, 5, 6, 7], startHour=22, startMinute=0, endHour=7, endMinute=0, exitAtAlarm=true, nextAlarm=Mon Jul 26 13:16:18 GMT+07:00 2021 (1627280178164)}], now=Mon Jul 26 13:16:18 GMT+07:00 2021 (1627280178177), nextUserAlarmTime=Mon Jul 26 13:18:43 GMT+07:00 2021 (1627280323475)
07-26 13:16:18.178  1658  1658 D ConditionProviders.SCP: notifyCondition condition://android/schedule?days=1.2.3.4.5.6.7&start=22.0&end=7.0&exitAtAlarm=true STATE_FALSE reason=!meetsSchedule
07-26 13:16:18.180  1658  1658 D ConditionProviders.SCP: Scheduling evaluate for Mon Jul 26 22:00:00 GMT+07:00 2021 (1627311600000), in +8h43m41s823ms, now=Mon Jul 26 13:16:18 GMT+07:00 2021 (1627280178177)
07-26 13:16:18.190  1658  1658 V SettingsProvider: Notifying for 0: content://settings/system/next_alarm_formatted
07-26 13:16:18.190  1658  1658 D ConditionProviders.SCP: onReceive android.app.action.NEXT_ALARM_CLOCK_CHANGED
07-26 13:16:18.191  1658  1658 D ConditionProviders.SCP: evaluateSubscriptionLocked cal=ScheduleCalendar[mDays={1, 2, 3, 4, 5, 6, 7}, mSchedule=ScheduleInfo{days=[1, 2, 3, 4, 5, 6, 7], startHour=22, startMinute=0, endHour=7, endMinute=0, exitAtAlarm=true, nextAlarm=Mon Jul 26 13:18:43 GMT+07:00 2021 (1627280323475)}], now=Mon Jul 26 13:16:18 GMT+07:00 2021 (1627280178190), nextUserAlarmTime=Mon Jul 26 13:16:33 GMT+07:00 2021 (1627280193185)
07-26 13:16:18.191  1658  1658 D ConditionProviders.SCP: notifyCondition condition://android/schedule?days=1.2.3.4.5.6.7&start=22.0&end=7.0&exitAtAlarm=true STATE_FALSE reason=!meetsSchedule
07-26 13:16:18.193  1658  1793 D ColorDisplayService: Setting saturation level: 100
07-26 13:16:18.195  1658  1658 D ConditionProviders.SCP: Scheduling evaluate for Mon Jul 26 22:00:00 GMT+07:00 2021 (1627311600000), in +8h43m41s810ms, now=Mon Jul 26 13:16:18 GMT+07:00 2021 (1627280178190)
07-26 13:16:18.290  1658  1793 D ColorDisplayService: Setting saturation level: 100
07-26 13:16:18.290  1658  1793 D ColorDisplayService: GlobalSaturationTintController Animation cancelled: true to matrix: 
07-26 13:16:18.290  1658  1793 D ColorDisplayService:        1,000000 0,000000 0,000000 0,000000 0,000000 1,000000 0,000000 0,000000 0,000000 0,000000 1,000000 0,000000 0,000000 0,000000 0,000000 1,000000
07-26 13:16:21.304  1658  1793 D ColorDisplayService: GlobalSaturationTintController Animation cancelled: false to matrix: 
07-26 13:16:21.304  1658  1793 D ColorDisplayService:        1,000000 0,000000 0,000000 0,000000 0,000000 1,000000 0,000000 0,000000 0,000000 0,000000 1,000000 0,000000 0,000000 0,000000 0,000000 1,000000
07-26 13:16:28.199  1658  1809 I ActivityManager: Start proc 19944:com.google.android.apps.turbo/u0a114 for broadcast {com.google.android.apps.turbo/com.google.android.apps.turbo.nudges.broadcasts.BatteryStatusChangedReceiver}
07-26 13:16:28.338  1658  1728 I ActivityManager: Killing 18811:com.google.android.googlequicksearchbox/u0a135 (adj 975): empty #17
