07-26 13:21:18.872  1658  1793 D ColorDisplayService: Setting saturation level: 100
07-26 13:21:18.873  1658  1793 D ColorDisplayService: GlobalSaturationTintController Animation cancelled: true to matrix: 
07-26 13:21:18.873  1658  1793 D ColorDisplayService:        1,000000 0,000000 0,000000 0,000000 0,000000 1,000000 0,000000 0,000000 0,000000 0,000000 1,000000 0,000000 0,000000 0,000000 0,000000 1,000000
07-26 13:21:21.887  1658  1793 D ColorDisplayService: GlobalSaturationTintController Animation cancelled: false to matrix: 
07-26 13:21:21.887  1658  1793 D ColorDisplayService:        1,000000 0,000000 0,000000 0,000000 0,000000 1,000000 0,000000 0,000000 0,000000 0,000000 1,000000 0,000000 0,000000 0,000000 0,000000 1,000000
07-26 13:21:26.370  1658  1809 I ActivityManager: Start proc 23949:com.qualcomm.qti.callenhancement/u0a130 for service {com.qualcomm.qti.callenhancement/com.qualcomm.qti.callenhancement.CallEnhancementService}
07-26 13:21:29.132  1658  1837 V DisplayPowerController: Brightness [50] reason changing to: 'manual', previous reason: 'manual [ dim ]'.
07-26 13:21:29.480 23559 23559 F libc    : Fatal signal 11 (SIGSEGV), code 1 (SEGV_MAPERR), fault addr 0x0 in tid 23559 (ameramediacodec), pid 23559 (ameramediacodec)
07-26 13:21:29.637 23982 23982 F DEBUG   : *** *** *** *** *** *** *** *** *** *** *** *** *** *** *** ***
07-26 13:21:29.637 23982 23982 F DEBUG   : Build fingerprint: 'Nokia/CaptainAmerica_00WW/CAP_sprout:10/QKQ1.200114.002/00WW_1_29G:user/release-keys'
07-26 13:21:29.638 23982 23982 F DEBUG   : Revision: '0'
07-26 13:21:29.638 23982 23982 F DEBUG   : ABI: 'arm64'
07-26 13:21:29.638 23982 23982 F DEBUG   : Timestamp: 2021-07-26 13:21:29+0700
07-26 13:21:29.638 23982 23982 F DEBUG   : pid: 23559, tid: 23559, name: ameramediacodec  >>> com.example.testcameramediacodec <<<
07-26 13:21:29.638 23982 23982 F DEBUG   : uid: 10291
07-26 13:21:29.638 23982 23982 F DEBUG   : signal 11 (SIGSEGV), code 1 (SEGV_MAPERR), fault addr 0x0
07-26 13:21:29.638 23982 23982 F DEBUG   : Cause: null pointer dereference
07-26 13:21:29.638 23982 23982 F DEBUG   :     x0  0000000000000000  x1  0000000000000000  x2  0000007fc889468c  x3  0000000000000000
07-26 13:21:29.638 23982 23982 F DEBUG   :     x4  0000000000000000  x5  0000000000000000  x6  0000000000000000  x7  0000007fc88943c1
07-26 13:21:29.638 23982 23982 F DEBUG   :     x8  0000000000000001  x9  0000000000000000  x10 0000000000000000  x11 0000000000000000
07-26 13:21:29.638 23982 23982 F DEBUG   :     x12 0000007fc8894360  x13 0000000000000016  x14 0000000000000004  x15 0000000000000000
07-26 13:21:29.638 23982 23982 F DEBUG   :     x16 0000007c59a301d8  x17 0000007c59a27490  x18 0000007c5bb6e000  x19 0000007fc889468c
07-26 13:21:29.638 23982 23982 F DEBUG   :     x20 0000000000000000  x21 0000000000000000  x22 0000007c576ba098  x23 0000007c576b7028
07-26 13:21:29.638 23982 23982 F DEBUG   :     x24 0000000000000000  x25 0000007fc8894750  x26 0000007c5b2ee020  x27 0000007b671e2800
07-26 13:21:29.638 23982 23982 F DEBUG   :     x28 0000000000000c00  x29 0000007fc88945c0
07-26 13:21:29.638 23982 23982 F DEBUG   :     sp  0000007fc8894590  lr  0000007c5814c7a8  pc  0000007c59a274d0
07-26 13:21:30.085 23982 23982 F DEBUG   : 
07-26 13:21:30.085 23982 23982 F DEBUG   : backtrace:
07-26 13:21:30.085 23982 23982 F DEBUG   :       #00 pc 00000000000254d0  /system/lib64/libui.so (android::GraphicBufferMapper::unlockAsync(native_handle const*, int*)+64) (BuildId: 1f61aa3e6ff06c5006e3b7d9a1606796)
07-26 13:21:30.085 23982 23982 F DEBUG   :       #01 pc 00000000000be7a4  /system/lib64/libgui.so (android::Surface::lock(ANativeWindow_Buffer*, ARect*)+1480) (BuildId: d01a841b12f445c4a2698c7106f6bca6)
07-26 13:21:30.085 23982 23982 F DEBUG   :       #02 pc 0000000000119bf0  /system/lib64/libandroid_runtime.so (android::nativeLockCanvas(_JNIEnv*, _jclass*, long, _jobject*, _jobject*)+424) (BuildId: b5ecccca4479a58d5335ef985fceb6f8)
07-26 13:21:30.085 23982 23982 F DEBUG   :       #03 pc 00000000002c71b0  /system/framework/arm64/boot-framework.oat (art_jni_trampoline+208) (BuildId: 956ec1fc1bb013a2fa1bdec0ca30ee9eeac1740c)
07-26 13:21:30.085 23982 23982 F DEBUG   :       #04 pc 00000000001365b8  /apex/com.android.runtime/lib64/libart.so (art_quick_invoke_static_stub+568) (BuildId: e2f2f2510e4a9f789c273a2703827266)
07-26 13:21:30.085 23982 23982 F DEBUG   :       #05 pc 000000000014500c  /apex/com.android.runtime/lib64/libart.so (art::ArtMethod::Invoke(art::Thread*, unsigned int*, unsigned int, art::JValue*, char const*)+276) (BuildId: e2f2f2510e4a9f789c273a2703827266)
07-26 13:21:30.085 23982 23982 F DEBUG   :       #06 pc 00000000002e21d0  /apex/com.android.runtime/lib64/libart.so (art::interpreter::ArtInterpreterToCompiledCodeBridge(art::Thread*, art::ArtMethod*, art::ShadowFrame*, unsigned short, art::JValue*)+384) (BuildId: e2f2f2510e4a9f789c273a2703827266)
07-26 13:21:30.085 23982 23982 F DEBUG   :       #07 pc 00000000002dd430  /apex/com.android.runtime/lib64/libart.so (bool art::interpreter::DoCall<false, false>(art::ArtMethod*, art::Thread*, art::ShadowFrame&, art::Instruction const*, unsigned short, art::JValue*)+892) (BuildId: e2f2f2510e4a9f789c273a2703827266)
07-26 13:21:30.085 23982 23982 F DEBUG   :       #08 pc 00000000005a2930  /apex/com.android.runtime/lib64/libart.so (MterpInvokeStatic+372) (BuildId: e2f2f2510e4a9f789c273a2703827266)
07-26 13:21:30.085 23982 23982 F DEBUG   :       #09 pc 0000000000130994  /apex/com.android.runtime/lib64/libart.so (mterp_op_invoke_static+20) (BuildId: e2f2f2510e4a9f789c273a2703827266)
07-26 13:21:30.085 23982 23982 F DEBUG   :       #10 pc 000000000017b5bc  /system/framework/framework.jar (android.view.Surface.lockCanvas+36)
07-26 13:21:30.085 23982 23982 F DEBUG   :       #11 pc 00000000005a011c  /apex/com.android.runtime/lib64/libart.so (MterpInvokeVirtual+1352) (BuildId: e2f2f2510e4a9f789c273a2703827266)
07-26 13:21:30.085 23982 23982 F DEBUG   :       #12 pc 0000000000130814  /apex/com.android.runtime/lib64/libart.so (mterp_op_invoke_virtual+20) (BuildId: e2f2f2510e4a9f789c273a2703827266)
07-26 13:21:30.085 23982 23982 F DEBUG   :       #13 pc 0000000000195f92  /system/framework/framework.jar (android.view.ViewRootImpl.drawSoftware+94)
07-26 13:21:30.085 23982 23982 F DEBUG   :       #14 pc 00000000005a5378  /apex/com.android.runtime/lib64/libart.so (MterpInvokeDirectRange+824) (BuildId: e2f2f2510e4a9f789c273a2703827266)
07-26 13:21:30.085 23982 23982 F DEBUG   :       #15 pc 0000000000130c14  /apex/com.android.runtime/lib64/libart.so (mterp_op_invoke_direct_range+20) (BuildId: e2f2f2510e4a9f789c273a2703827266)
07-26 13:21:30.085 23982 23982 F DEBUG   :       #16 pc 0000000000195eda  /system/framework/framework.jar (android.view.ViewRootImpl.draw+1070)
07-26 13:21:30.085 23982 23982 F DEBUG   :       #17 pc 00000000005a2428  /apex/com.android.runtime/lib64/libart.so (MterpInvokeDirect+1100) (BuildId: e2f2f2510e4a9f789c273a2703827266)
07-26 13:21:30.085 23982 23982 F DEBUG   :       #18 pc 0000000000130914  /apex/com.android.runtime/lib64/libart.so (mterp_op_invoke_direct+20) (BuildId: e2f2f2510e4a9f789c273a2703827266)
07-26 13:21:30.085 23982 23982 F DEBUG   :       #19 pc 000000000019a598  /system/framework/framework.jar (android.view.ViewRootImpl.performDraw+224)
07-26 13:21:30.085 23982 23982 F DEBUG   :       #20 pc 00000000005a5378  /apex/com.android.runtime/lib64/libart.so (MterpInvokeDirectRange+824) (BuildId: e2f2f2510e4a9f789c273a2703827266)
07-26 13:21:30.085 23982 23982 F DEBUG   :       #21 pc 0000000000130c14  /apex/com.android.runtime/lib64/libart.so (mterp_op_invoke_direct_range+20) (BuildId: e2f2f2510e4a9f789c273a2703827266)
07-26 13:21:30.085 23982 23982 F DEBUG   :       #22 pc 000000000019bf08  /system/framework/framework.jar (android.view.ViewRootImpl.performTraversals+5672)
07-26 13:21:30.085 23982 23982 F DEBUG   :       #23 pc 00000000005a2428  /apex/com.android.runtime/lib64/libart.so (MterpInvokeDirect+1100) (BuildId: e2f2f2510e4a9f789c273a2703827266)
07-26 13:21:30.085 23982 23982 F DEBUG   :       #24 pc 0000000000130914  /apex/com.android.runtime/lib64/libart.so (mterp_op_invoke_direct+20) (BuildId: e2f2f2510e4a9f789c273a2703827266)
07-26 13:21:30.086 23982 23982 F DEBUG   :       #25 pc 000000000019899e  /system/framework/framework.jar (android.view.ViewRootImpl.doTraversal+62)
07-26 13:21:30.086 23982 23982 F DEBUG   :       #26 pc 00000000005a011c  /apex/com.android.runtime/lib64/libart.so (MterpInvokeVirtual+1352) (BuildId: e2f2f2510e4a9f789c273a2703827266)
07-26 13:21:30.086 23982 23982 F DEBUG   :       #27 pc 0000000000130814  /apex/com.android.runtime/lib64/libart.so (mterp_op_invoke_virtual+20) (BuildId: e2f2f2510e4a9f789c273a2703827266)
07-26 13:21:30.086 23982 23982 F DEBUG   :       #28 pc 000000000019361c  /system/framework/framework.jar (android.view.ViewRootImpl$TraversalRunnable.run+4)
07-26 13:21:30.086 23982 23982 F DEBUG   :       #29 pc 00000000005a193c  /apex/com.android.runtime/lib64/libart.so (MterpInvokeInterface+1788) (BuildId: e2f2f2510e4a9f789c273a2703827266)
07-26 13:21:30.086 23982 23982 F DEBUG   :       #30 pc 0000000000130a14  /apex/com.android.runtime/lib64/libart.so (mterp_op_invoke_interface+20) (BuildId: e2f2f2510e4a9f789c273a2703827266)
07-26 13:21:30.086 23982 23982 F DEBUG   :       #31 pc 000000000014aef4  /system/framework/framework.jar (android.view.Choreographer$CallbackRecord.run+40)
07-26 13:21:30.086 23982 23982 F DEBUG   :       #32 pc 00000000005a011c  /apex/com.android.runtime/lib64/libart.so (MterpInvokeVirtual+1352) (BuildId: e2f2f2510e4a9f789c273a2703827266)
07-26 13:21:30.086 23982 23982 F DEBUG   :       #33 pc 0000000000130814  /apex/com.android.runtime/lib64/libart.so (mterp_op_invoke_virtual+20) (BuildId: e2f2f2510e4a9f789c273a2703827266)
07-26 13:21:30.086 23982 23982 F DEBUG   :       #34 pc 000000000014b572  /system/framework/framework.jar (android.view.Choreographer.doCallbacks+158)
07-26 13:21:30.086 23982 23982 F DEBUG   :       #35 pc 00000000005a011c  /apex/com.android.runtime/lib64/libart.so (MterpInvokeVirtual+1352) (BuildId: e2f2f2510e4a9f789c273a2703827266)
07-26 13:21:30.086 23982 23982 F DEBUG   :       #36 pc 0000000000130814  /apex/com.android.runtime/lib64/libart.so (mterp_op_invoke_virtual+20) (BuildId: e2f2f2510e4a9f789c273a2703827266)
07-26 13:21:30.086 23982 23982 F DEBUG   :       #37 pc 000000000014b7aa  /system/framework/framework.jar (android.view.Choreographer.doFrame+354)
07-26 13:21:30.086 23982 23982 F DEBUG   :       #38 pc 00000000005a011c  /apex/com.android.runtime/lib64/libart.so (MterpInvokeVirtual+1352) (BuildId: e2f2f2510e4a9f789c273a2703827266)
07-26 13:21:30.086 23982 23982 F DEBUG   :       #39 pc 0000000000130814  /apex/com.android.runtime/lib64/libart.so (mterp_op_invoke_virtual+20) (BuildId: e2f2f2510e4a9f789c273a2703827266)
07-26 13:21:30.086 23982 23982 F DEBUG   :       #40 pc 000000000014affe  /system/framework/framework.jar (android.view.Choreographer$FrameDisplayEventReceiver.run+18)
07-26 13:21:30.086 23982 23982 F DEBUG   :       #41 pc 00000000005a193c  /apex/com.android.runtime/lib64/libart.so (MterpInvokeInterface+1788) (BuildId: e2f2f2510e4a9f789c273a2703827266)
07-26 13:21:30.086 23982 23982 F DEBUG   :       #42 pc 0000000000130a14  /apex/com.android.runtime/lib64/libart.so (mterp_op_invoke_interface+20) (BuildId: e2f2f2510e4a9f789c273a2703827266)
07-26 13:21:30.086 23982 23982 F DEBUG   :       #43 pc 00000000002fe854  /system/framework/framework.jar (android.os.Handler.handleCallback+4)
07-26 13:21:30.086 23982 23982 F DEBUG   :       #44 pc 00000000005a2bcc  /apex/com.android.runtime/lib64/libart.so (MterpInvokeStatic+1040) (BuildId: e2f2f2510e4a9f789c273a2703827266)
07-26 13:21:30.086 23982 23982 F DEBUG   :       #45 pc 0000000000130994  /apex/com.android.runtime/lib64/libart.so (mterp_op_invoke_static+20) (BuildId: e2f2f2510e4a9f789c273a2703827266)
07-26 13:21:30.086 23982 23982 F DEBUG   :       #46 pc 00000000002fe6c0  /system/framework/framework.jar (android.os.Handler.dispatchMessage+8)
07-26 13:21:30.086 23982 23982 F DEBUG   :       #47 pc 00000000005a011c  /apex/com.android.runtime/lib64/libart.so (MterpInvokeVirtual+1352) (BuildId: e2f2f2510e4a9f789c273a2703827266)
07-26 13:21:30.086 23982 23982 F DEBUG   :       #48 pc 0000000000130814  /apex/com.android.runtime/lib64/libart.so (mterp_op_invoke_virtual+20) (BuildId: e2f2f2510e4a9f789c273a2703827266)
07-26 13:21:30.086 23982 23982 F DEBUG   :       #49 pc 0000000000322eea  /system/framework/framework.jar (android.os.Looper.loop+466)
07-26 13:21:30.086 23982 23982 F DEBUG   :       #50 pc 00000000005a2bcc  /apex/com.android.runtime/lib64/libart.so (MterpInvokeStatic+1040) (BuildId: e2f2f2510e4a9f789c273a2703827266)
07-26 13:21:30.086 23982 23982 F DEBUG   :       #51 pc 0000000000130994  /apex/com.android.runtime/lib64/libart.so (mterp_op_invoke_static+20) (BuildId: e2f2f2510e4a9f789c273a2703827266)
07-26 13:21:30.086 23982 23982 F DEBUG   :       #52 pc 000000000018ca2c  /system/framework/framework.jar (android.app.ActivityThread.main+196)
07-26 13:21:30.086 23982 23982 F DEBUG   :       #53 pc 00000000002b34e4  /apex/com.android.runtime/lib64/libart.so (_ZN3art11interpreterL7ExecuteEPNS_6ThreadERKNS_20CodeItemDataAccessorERNS_11ShadowFrameENS_6JValueEbb.llvm.14371830751633932366+240) (BuildId: e2f2f2510e4a9f789c273a2703827266)
07-26 13:21:30.086 23982 23982 F DEBUG   :       #54 pc 00000000005913c4  /apex/com.android.runtime/lib64/libart.so (artQuickToInterpreterBridge+1032) (BuildId: e2f2f2510e4a9f789c273a2703827266)
07-26 13:21:30.086 23982 23982 F DEBUG   :       #55 pc 000000000013f468  /apex/com.android.runtime/lib64/libart.so (art_quick_to_interpreter_bridge+88) (BuildId: e2f2f2510e4a9f789c273a2703827266)
07-26 13:21:30.086 23982 23982 F DEBUG   :       #56 pc 00000000001365b8  /apex/com.android.runtime/lib64/libart.so (art_quick_invoke_static_stub+568) (BuildId: e2f2f2510e4a9f789c273a2703827266)
07-26 13:21:30.086 23982 23982 F DEBUG   :       #57 pc 000000000014500c  /apex/com.android.runtime/lib64/libart.so (art::ArtMethod::Invoke(art::Thread*, unsigned int*, unsigned int, art::JValue*, char const*)+276) (BuildId: e2f2f2510e4a9f789c273a2703827266)
07-26 13:21:30.086 23982 23982 F DEBUG   :       #58 pc 00000000004afdc8  /apex/com.android.runtime/lib64/libart.so (art::(anonymous namespace)::InvokeWithArgArray(art::ScopedObjectAccessAlreadyRunnable const&, art::ArtMethod*, art::(anonymous namespace)::ArgArray*, art::JValue*, char const*)+104) (BuildId: e2f2f2510e4a9f789c273a2703827266)
07-26 13:21:30.086 23982 23982 F DEBUG   :       #59 pc 00000000004b196c  /apex/com.android.runtime/lib64/libart.so (art::InvokeMethod(art::ScopedObjectAccessAlreadyRunnable const&, _jobject*, _jobject*, _jobject*, unsigned long)+1480) (BuildId: e2f2f2510e4a9f789c273a2703827266)
07-26 13:21:30.086 23982 23982 F DEBUG   :       #60 pc 000000000043cd10  /apex/com.android.runtime/lib64/libart.so (art::Method_invoke(_JNIEnv*, _jobject*, _jobject*, _jobjectArray*)+52) (BuildId: e2f2f2510e4a9f789c273a2703827266)
07-26 13:21:30.086 23982 23982 F DEBUG   :       #61 pc 00000000000c2c34  /system/framework/arm64/boot.oat (art_jni_trampoline+180) (BuildId: 9c3eb37424807c5666d6dfa27425f3aa23b47d34)
07-26 13:21:30.086 23982 23982 F DEBUG   :       #62 pc 0000000000136334  /apex/com.android.runtime/lib64/libart.so (art_quick_invoke_stub+548) (BuildId: e2f2f2510e4a9f789c273a2703827266)
07-26 13:21:30.086 23982 23982 F DEBUG   :       #63 pc 0000000000144fec  /apex/com.android.runtime/lib64/libart.so (art::ArtMethod::Invoke(art::Thread*, unsigned int*, unsigned int, art::JValue*, char const*)+244) (BuildId: e2f2f2510e4a9f789c273a2703827266)
07-26 13:21:30.086 23982 23982 F DEBUG   :       #64 pc 00000000002e21d0  /apex/com.android.runtime/lib64/libart.so (art::interpreter::ArtInterpreterToCompiledCodeBridge(art::Thread*, art::ArtMethod*, art::ShadowFrame*, unsigned short, art::JValue*)+384) (BuildId: e2f2f2510e4a9f789c273a2703827266)
07-26 13:21:30.086 23982 23982 F DEBUG   :       #65 pc 00000000002dd430  /apex/com.android.runtime/lib64/libart.so (bool art::interpreter::DoCall<false, false>(art::ArtMethod*, art::Thread*, art::ShadowFrame&, art::Instruction const*, unsigned short, art::JValue*)+892) (BuildId: e2f2f2510e4a9f789c273a2703827266)
07-26 13:21:30.086 23982 23982 F DEBUG   :       #66 pc 000000000059fe5c  /apex/com.android.runtime/lib64/libart.so (MterpInvokeVirtual+648) (BuildId: e2f2f2510e4a9f789c273a2703827266)
07-26 13:21:30.087 23982 23982 F DEBUG   :       #67 pc 0000000000130814  /apex/com.android.runtime/lib64/libart.so (mterp_op_invoke_virtual+20) (BuildId: e2f2f2510e4a9f789c273a2703827266)
07-26 13:21:30.087 23982 23982 F DEBUG   :       #68 pc 0000000000352ce6  /system/framework/framework.jar (com.android.internal.os.RuntimeInit$MethodAndArgsCaller.run+22)
07-26 13:21:30.087 23982 23982 F DEBUG   :       #69 pc 00000000002b34e4  /apex/com.android.runtime/lib64/libart.so (_ZN3art11interpreterL7ExecuteEPNS_6ThreadERKNS_20CodeItemDataAccessorERNS_11ShadowFrameENS_6JValueEbb.llvm.14371830751633932366+240) (BuildId: e2f2f2510e4a9f789c273a2703827266)
07-26 13:21:30.087 23982 23982 F DEBUG   :       #70 pc 00000000005913c4  /apex/com.android.runtime/lib64/libart.so (artQuickToInterpreterBridge+1032) (BuildId: e2f2f2510e4a9f789c273a2703827266)
07-26 13:21:30.087 23982 23982 F DEBUG   :       #71 pc 000000000013f468  /apex/com.android.runtime/lib64/libart.so (art_quick_to_interpreter_bridge+88) (BuildId: e2f2f2510e4a9f789c273a2703827266)
07-26 13:21:30.087 23982 23982 F DEBUG   :       #72 pc 00000000009b94cc  /system/framework/arm64/boot-framework.oat (com.android.internal.os.ZygoteInit.main+2076) (BuildId: 956ec1fc1bb013a2fa1bdec0ca30ee9eeac1740c)
07-26 13:21:30.087 23982 23982 F DEBUG   :       #73 pc 00000000001365b8  /apex/com.android.runtime/lib64/libart.so (art_quick_invoke_static_stub+568) (BuildId: e2f2f2510e4a9f789c273a2703827266)
07-26 13:21:30.087 23982 23982 F DEBUG   :       #74 pc 000000000014500c  /apex/com.android.runtime/lib64/libart.so (art::ArtMethod::Invoke(art::Thread*, unsigned int*, unsigned int, art::JValue*, char const*)+276) (BuildId: e2f2f2510e4a9f789c273a2703827266)
07-26 13:21:30.087 23982 23982 F DEBUG   :       #75 pc 00000000004afdc8  /apex/com.android.runtime/lib64/libart.so (art::(anonymous namespace)::InvokeWithArgArray(art::ScopedObjectAccessAlreadyRunnable const&, art::ArtMethod*, art::(anonymous namespace)::ArgArray*, art::JValue*, char const*)+104) (BuildId: e2f2f2510e4a9f789c273a2703827266)
07-26 13:21:30.087 23982 23982 F DEBUG   :       #76 pc 00000000004af9b8  /apex/com.android.runtime/lib64/libart.so (art::InvokeWithVarArgs(art::ScopedObjectAccessAlreadyRunnable const&, _jobject*, _jmethodID*, std::__va_list)+408) (BuildId: e2f2f2510e4a9f789c273a2703827266)
07-26 13:21:30.087 23982 23982 F DEBUG   :       #77 pc 00000000003b9f78  /apex/com.android.runtime/lib64/libart.so (art::JNI::CallStaticVoidMethodV(_JNIEnv*, _jclass*, _jmethodID*, std::__va_list)+624) (BuildId: e2f2f2510e4a9f789c273a2703827266)
07-26 13:21:30.087 23982 23982 F DEBUG   :       #78 pc 00000000000bf99c  /system/lib64/libandroid_runtime.so (_JNIEnv::CallStaticVoidMethod(_jclass*, _jmethodID*, ...)+116) (BuildId: b5ecccca4479a58d5335ef985fceb6f8)
07-26 13:21:30.087 23982 23982 F DEBUG   :       #79 pc 00000000000c282c  /system/lib64/libandroid_runtime.so (android::AndroidRuntime::start(char const*, android::Vector<android::String8> const&, bool)+776) (BuildId: b5ecccca4479a58d5335ef985fceb6f8)
07-26 13:21:30.087 23982 23982 F DEBUG   :       #80 pc 00000000000035b0  /system/bin/app_process64 (main+1376) (BuildId: 1a86d090ff0d3dd5f5a671601a88a247)
07-26 13:21:30.087 23982 23982 F DEBUG   :       #81 pc 000000000007e898  /apex/com.android.runtime/lib64/bionic/libc.so (__libc_init+108) (BuildId: 87ed7ba713785c50670d166a6a1664a7)
07-26 13:21:30.549  1658  5316 I WindowManager: WIN DEATH: Window{5c1c307 u0 com.example.testcameramediacodec/com.example.testcameramediacodec.MainActivity}
07-26 13:21:30.552  1658  2082 I ActivityManager: Process com.example.testcameramediacodec (pid 23559) has died: fore TOP 
07-26 13:21:30.573  1658  2082 W ActivityTaskManager: Force removing ActivityRecord{586e0ae u0 com.example.testcameramediacodec/.MainActivity t31}: app died, no saved state
07-26 13:21:30.603  1658  1793 W ActivityManager: setHasOverlayUi called on unknown pid: 23559
07-26 13:21:30.695  1658  1658 V SettingsProvider: Notifying for 0: content://settings/secure/flashlight_available
07-26 13:21:30.696  1658  1809 I ActivityManager: Start proc 23992:com.android.chrome/u0a162 for null
07-26 13:21:30.742  1658  1809 I ActivityManager: Start proc 23999:com.google.android.dialer/u0a120 for null
07-26 13:21:30.779  1658  1809 I ActivityManager: Start proc 24022:com.google.android.apps.messaging/u0a166 for null
07-26 13:21:30.817  1658  1809 I ActivityManager: Start proc 24041:com.skype.raider/u0a187 for null
07-26 13:21:30.846  1658  1809 I ActivityManager: Start proc 24053:com.google.android.googlequicksearchbox/u0a135 for null
07-26 13:21:30.898  1658  1809 I ActivityManager: Start proc 24085:com.huawei.health/u0a228 for null
07-26 13:21:30.910  1658  4748 I ActivityManager: Killing 22629:com.facebook.katana/u0a260 (adj 975): empty #17
07-26 13:21:30.931  1658  1809 I ActivityManager: Start proc 24092:com.google.android.apps.photos/u0a144 for null
07-26 13:21:30.958  1658  4748 I ActivityManager: Killing 23122:com.facebook.orca/u0a178 (adj 975): empty #17
07-26 13:21:30.969  1658  5289 I ActivityManager: Killing 21915:com.google.android.permissioncontroller/u0a74 (adj 975): empty #17
07-26 13:21:31.061  1658  2605 D ConnectivityService: ConnectivityService NetworkRequestInfo binderDied(NetworkRequest [ TRACK_DEFAULT id=961, [ Capabilities: INTERNET&NOT_RESTRICTED&TRUSTED Uid: 10178] ], android.os.BinderProxy@a4b66d4)
07-26 13:21:31.062  1658  2138 D ConnectivityService: releasing NetworkRequest [ TRACK_DEFAULT id=961, [ Capabilities: INTERNET&NOT_RESTRICTED&TRUSTED Uid: 10178] ] (release request)
07-26 13:21:31.096  1658  4748 I ActivityManager: Force stopping com.example.testcameramediacodec appid=10291 user=0: from pid 24126
07-26 13:21:32.142  1658  1729 I ActivityManager: Killing 23387:com.google.process.gapps/u0a116 (adj 985): empty #17
07-26 13:21:32.758  1658  1809 I ActivityManager: Start proc 24217:com.google.android.tts/u0a137 for service {com.google.android.tts/com.google.android.apps.speech.tts.googletts.service.GoogleTTSService}
07-26 13:21:33.399  1658  2605 D ConnectivityService: requestNetwork for uid/pid:10187/24041 NetworkRequest [ TRACK_DEFAULT id=965, [ Capabilities: INTERNET&NOT_RESTRICTED&TRUSTED Uid: 10187] ]
07-26 13:21:33.439  1658  2605 W BluetoothManagerService: psc is not null in bindBluetoothProfileService
07-26 13:21:33.828  1658  1658 V SettingsProvider: Notifying for 0: content://settings/system/next_alarm_formatted
07-26 13:21:33.829  1658  1658 D ConditionProviders.SCP: onReceive android.app.action.NEXT_ALARM_CLOCK_CHANGED
07-26 13:21:33.829  1658  1658 D ConditionProviders.SCP: evaluateSubscriptionLocked cal=ScheduleCalendar[mDays={1, 2, 3, 4, 5, 6, 7}, mSchedule=ScheduleInfo{days=[1, 2, 3, 4, 5, 6, 7], startHour=22, startMinute=0, endHour=7, endMinute=0, exitAtAlarm=true, nextAlarm=Mon Jul 26 13:21:33 GMT+07:00 2021 (1627280493818)}], now=Mon Jul 26 13:21:33 GMT+07:00 2021 (1627280493829), nextUserAlarmTime=Mon Jul 26 13:23:45 GMT+07:00 2021 (1627280625618)
07-26 13:21:33.829  1658  1658 D ConditionProviders.SCP: notifyCondition condition://android/schedule?days=1.2.3.4.5.6.7&start=22.0&end=7.0&exitAtAlarm=true STATE_FALSE reason=!meetsSchedule
07-26 13:21:33.830  1658  1658 D ConditionProviders.SCP: Scheduling evaluate for Mon Jul 26 22:00:00 GMT+07:00 2021 (1627311600000), in +8h38m26s171ms, now=Mon Jul 26 13:21:33 GMT+07:00 2021 (1627280493829)
07-26 13:21:33.856  1658  1793 D ColorDisplayService: Setting saturation level: 100
07-26 13:21:33.902  1658  1658 V SettingsProvider: Notifying for 0: content://settings/system/next_alarm_formatted
07-26 13:21:33.902  1658  1658 D ConditionProviders.SCP: onReceive android.app.action.NEXT_ALARM_CLOCK_CHANGED
07-26 13:21:33.903  1658  1658 D ConditionProviders.SCP: evaluateSubscriptionLocked cal=ScheduleCalendar[mDays={1, 2, 3, 4, 5, 6, 7}, mSchedule=ScheduleInfo{days=[1, 2, 3, 4, 5, 6, 7], startHour=22, startMinute=0, endHour=7, endMinute=0, exitAtAlarm=true, nextAlarm=Mon Jul 26 13:23:45 GMT+07:00 2021 (1627280625618)}], now=Mon Jul 26 13:21:33 GMT+07:00 2021 (1627280493902), nextUserAlarmTime=Mon Jul 26 13:21:48 GMT+07:00 2021 (1627280508899)
07-26 13:21:33.903  1658  1658 D ConditionProviders.SCP: notifyCondition condition://android/schedule?days=1.2.3.4.5.6.7&start=22.0&end=7.0&exitAtAlarm=true STATE_FALSE reason=!meetsSchedule
07-26 13:21:33.904  1658  1658 D ConditionProviders.SCP: Scheduling evaluate for Mon Jul 26 22:00:00 GMT+07:00 2021 (1627311600000), in +8h38m26s98ms, now=Mon Jul 26 13:21:33 GMT+07:00 2021 (1627280493902)
--------- beginning of main
07-26 13:21:33.948 24217 24278 I VoiceDataDownloader: Getting pack name en-us-x-fis-r33
07-26 13:21:33.953   752  3083 I vendor.qti.bluetooth@1.0-ibs_handler: ProcessIbsCmd: Received IBS_SLEEP_IND: 0xFE
07-26 13:21:33.953   785  2276 I chatty  : uid=1000(system) HwBinder:785_6 expire 178 lines
07-26 13:21:33.958 24217 24278 I VoiceDataDownloader: Adding pack en-us-x-fis-r33 to superpack.
07-26 13:21:33.958 24217 24278 I VoiceDataDownloader: Getting pack name en-us-x-multi-wavernn-r33
07-26 13:21:33.959 24217 24278 I VoiceDataDownloader: Adding pack en-us-x-multi-wavernn-r33 to superpack.
07-26 13:21:33.959 24217 24278 I VoiceDataDownloader: Getting pack name en-us-x-multi-darwinn-wavernn-r33
07-26 13:21:33.959 24217 24278 I VoiceDataDownloader: Adding pack en-us-x-multi-darwinn-wavernn-r33 to superpack.
07-26 13:21:33.959 24217 24278 I VoiceDataManager: start to download voice vi-vn
07-26 13:21:33.959 24217 24278 I VoiceDataDownloader: Download of vi-vn started.
07-26 13:21:33.959 24217 24278 I VoiceDataDownloader: Registered slicing strategy for vi-vn
07-26 13:21:33.960 24217 24278 I VoiceDataDownloader: Getting pack name vi-vn-x-multi-r24
07-26 13:21:33.960 24217 24278 I VoiceDataDownloader: Adding pack vi-vn-x-multi-r24 to superpack.
07-26 13:21:33.961  1658  3942 D CompatibilityInfo: mCompatibilityFlags - 0
07-26 13:21:33.961  1658  3942 D CompatibilityInfo: applicationDensity - 280
07-26 13:21:33.961  1658  3942 D CompatibilityInfo: applicationScale - 1.0
07-26 13:21:33.962 24217 24278 I VoiceDataDownloader: Syncing superpack en-us
07-26 13:21:33.963 24217 24278 I VoiceDataDownloader: Registered slicing strategy for vi-vn
07-26 13:21:33.964 24217 24278 I VoiceDataDownloader: Getting pack name vi-vn-x-multi-r24
07-26 13:21:33.964 24217 24278 I VoiceDataDownloader: Adding pack vi-vn-x-multi-r24 to superpack.
07-26 13:21:33.965 24217 24278 I VoiceDataDownloader: Syncing superpack vi-vn
07-26 13:21:33.965 24217 24278 I VoiceDataDownloader: Syncing superpack vi-vn
07-26 13:21:33.968 24217 24282 I SP      : Registering en-us.33, url: null, constraints: *:*:*:*, flags: *, requested: 33, current: 33
07-26 13:21:33.974 13879 13879 D BoundBrokerSvc: onBind: Intent { act=com.google.android.gms.safetynet.service.START pkg=com.google.android.gms }
07-26 13:21:33.974 13879 13879 D BoundBrokerSvc: Loading bound service for intent: Intent { act=com.google.android.gms.safetynet.service.START pkg=com.google.android.gms }
07-26 13:21:33.991  2549  2549 D Zygote  : Forked child process 24292
07-26 13:21:33.993  1658  1809 I ActivityManager: Start proc 24292:com.google.android.webview:sandboxed_process0:org.chromium.content.app.SandboxedProcessService0:0/u0i150 for  {com.huawei.health/org.chromium.content.app.SandboxedProcessService0:0}
07-26 13:21:34.000  1658  1793 D ColorDisplayService: Setting saturation level: 100
07-26 13:21:34.001  1658  1793 D ColorDisplayService: GlobalSaturationTintController Animation cancelled: true to matrix: 
07-26 13:21:34.001  1658  1793 D ColorDisplayService:        1,000000 0,000000 0,000000 0,000000 0,000000 1,000000 0,000000 0,000000 0,000000 0,000000 1,000000 0,000000 0,000000 0,000000 0,000000 1,000000
07-26 13:21:34.002 24292 24292 E ocessService0:: Not starting debugger since process cannot load the jdwp agent.
07-26 13:21:34.003 24217 24282 I SP      : Registering vi-vn.24, url: null, constraints: *:*:*:*, flags: *, requested: 24, current: 24
07-26 13:21:34.009  8693  8726 W WindDownScheduler: Missing wind down pause.
07-26 13:21:34.013  1658  1729 D CompatibilityInfo: mCompatibilityFlags - 0
07-26 13:21:34.013  1658  1729 D CompatibilityInfo: applicationDensity - 280
07-26 13:21:34.013  1658  1729 D CompatibilityInfo: applicationScale - 1.0
07-26 13:21:34.014 24217 24282 I SP      : Registering vi-vn.24, url: null, constraints: *:*:*:*, flags: *, requested: 24, current: 24
07-26 13:21:34.015  1658  1729 D CompatibilityInfo: mCompatibilityFlags - 0
07-26 13:21:34.016  1658  1729 D CompatibilityInfo: applicationDensity - 280
07-26 13:21:34.016  1658  1729 D CompatibilityInfo: applicationScale - 1.0
07-26 13:21:34.056 24217 24282 I SP      : Syncing en-us (33) with slices: [{en-us-x-multi-r33, m:*:*:*}], metadata: false
07-26 13:21:34.061  1658  3942 D WificondControl: Scan result ready event
07-26 13:21:34.061  1134 15876 I LOWI-8.6.0.72: [LOWI-Scan] lowi_close_record:Scan done in 66277835ms, 12 APs in scan results
07-26 13:21:34.075  1658  1808 W BroadcastQueue: Background execution not allowed: receiving Intent { act=android.net.wifi.SCAN_RESULTS flg=0x4000010 (has extras) } to com.zing.zalo/.receiver.ZaloReceiver
07-26 13:21:34.075  1658  2097 D WifiNetworkSelector: Current connected network: "NguyenHoangYen 5G" , ID: 15
07-26 13:21:34.076  1658  2097 D WifiNetworkSelector: Current connected network already sufficient. Skip network selection.
07-26 13:21:34.099 24041 24248 W ReactNativeJS: [#ffffffff-u] [WARN] [JS.GenericUnsafe] AccessibilityInfo.fetch is deprecated, call AccessibilityInfo.isScreenReaderEnabled instead
07-26 13:21:34.101 24041 24248 W ReactNativeJS: [#ffffffff-u] [WARN] [JS.GenericUnsafe] AccessibilityInfo.fetch is deprecated, call AccessibilityInfo.isScreenReaderEnabled instead
07-26 13:21:34.109 24292 24292 I cr_WebViewApkApp: Launched version=92.0.4515.115 minSdkVersion=29 isBundle=true processName=com.google.android.webview:sandboxed_process0:org.chromium.content.app.SandboxedProcessService0:0
07-26 13:21:34.120 24217 24282 I SP      : Syncing vi-vn (24) with slices: [{vi-vn-x-multi-r24, m:*:*:*}], metadata: false
07-26 13:21:34.125 24292 24292 I cr_ChildProcessService: Creating new ChildProcessService pid=24292
07-26 13:21:34.131  1658  3942 I ActivityManager: Killing 22185:com.huawei.hwid.core/u0a229 (adj 985): empty #17
07-26 13:21:34.149 24217 24282 I SP      : Syncing vi-vn (24) with slices: [{vi-vn-x-multi-r24, m:*:*:*}], metadata: false
07-26 13:21:34.169 24053 24053 I A       : Initializing GMS Compliance Client Library...
07-26 13:21:34.170 24053 24053 I A       : Checking for device compliance...
07-26 13:21:34.170 24053 24053 I A       : Feature is disabled!
07-26 13:21:34.175 24053 24053 I A       : Completed library init.
07-26 13:21:34.217 24053 24314 W equicksearchbo: Accessing hidden field Ljava/util/Collections$SynchronizedCollection;->mutex:Ljava/lang/Object; (greylist-max-o, reflection, denied)
07-26 13:21:34.217 24053 24314 W equicksearchbo: Accessing hidden method Ljava/util/Collections$SynchronizedSet;-><init>(Ljava/util/Set;Ljava/lang/Object;)V (greylist-max-o, reflection, denied)
07-26 13:21:34.218 24053 24314 W equicksearchbo: Accessing hidden method Ljava/util/Collections$SynchronizedCollection;-><init>(Ljava/util/Collection;Ljava/lang/Object;)V (greylist-max-o, reflection, denied)
07-26 13:21:34.225 24041 24248 E ReactNativeJNI: logMarker RUN_JS_BUNDLE_END
07-26 13:21:34.238  1658  3942 D ConnectivityService: ConnectivityService NetworkRequestInfo binderDied(NetworkRequest [ LISTEN id=958, [ Capabilities: NOT_RESTRICTED&TRUSTED&NOT_VPN Uid: 10229] ], android.os.BinderProxy@c9b52dc)
07-26 13:21:34.240 22213 22231 I chatty  : uid=10229(com.huawei.hwid) Binder:22213_3 expire 2 lines
07-26 13:21:34.241 23521 23552 I chatty  : uid=10229(com.huawei.hwid) expire 1 line
07-26 13:21:34.242  1658  4748 W ActivityManager: Scheduling restart of crashed service com.huawei.hwid/com.huawei.hms.fwksdk.service.DummyCoreService in 52096ms
07-26 13:21:34.243 23689 23811 I chatty  : uid=10229(com.huawei.hwid) expire 1 line
07-26 13:21:34.244 23689 23706 I chatty  : uid=10229(com.huawei.hwid) expire 2 lines
07-26 13:21:34.245 23521 23810 I chatty  : uid=10229(com.huawei.hwid) expire 2 lines
07-26 13:21:34.256 22213 22229 I chatty  : uid=10229(com.huawei.hwid) Binder:22213_1 expire 1 line
07-26 13:21:34.257 22213 22213 I chatty  : uid=10229 com.huawei.hwid.persistent expire 9 lines
07-26 13:21:34.259 22213 23658 I chatty  : uid=10229(com.huawei.hwid) Binder:22213_4 expire 2 lines
07-26 13:21:34.261   659   659 I Zygote  : Process 22185 exited due to signal 9 (Killed)
07-26 13:21:34.263 24217 24283 I GoogleTTSServiceImpl: Synthesis request for locale vie-VNM and name vi-VN-language
07-26 13:21:34.265 24217 24283 I VoiceDataManager: Downloading vi-vn ...
07-26 13:21:34.265 24217 24283 I chatty  : uid=10137(com.google.android.tts) identical 3 lines
07-26 13:21:34.265 24217 24283 I VoiceDataManager: Downloading vi-vn ...
07-26 13:21:34.265 24217 24283 W Dispatcher: Local voice not installed, we will not be able to do local fallback
07-26 13:21:34.265 24217 24283 I GoogleTTSServiceImpl: TTS dispatch: vi-vn-x-gft-server
07-26 13:21:34.279 23999 24320 I DialerTtsPreWarm: com.android.dialer.callrecording.impl.ttsprewarm.TtsPreWarm$1.onSuccess:83 prewarming TTS succeeded
07-26 13:21:34.298  1658  1810 I libprocessgroup: Successfully killed process cgroup uid 10229 pid 22185 in 164ms
07-26 13:21:34.338   659   659 D Zygote  : Forked child process 24334
07-26 13:21:34.340  1658  1809 I ActivityManager: Start proc 24334:com.huawei.hwid.core/u0a229 for content provider {com.huawei.hwid/com.huawei.hms.commonkit.config.CommonKitProvider}
07-26 13:21:34.349 24334 24334 I chatty  : uid=10229 com.huawei.hwid.core expire 224 lines
07-26 13:21:34.362  1658  2392 D CompatibilityInfo: mCompatibilityFlags - 0
07-26 13:21:34.362  1658  2392 D CompatibilityInfo: applicationDensity - 280
07-26 13:21:34.362  1658  2392 D CompatibilityInfo: applicationScale - 1.0
07-26 13:21:34.366  1658  2392 I ActivityManager: Killing 23475:com.android.keychain/1000 (adj 985): empty #17
07-26 13:21:34.370  1658  1808 D CompatibilityInfo: mCompatibilityFlags - 0
07-26 13:21:34.370  1658  1808 D CompatibilityInfo: applicationDensity - 280
07-26 13:21:34.370  1658  1808 D CompatibilityInfo: applicationScale - 1.0
07-26 13:21:34.401   659   659 I Zygote  : Process 23475 exited due to signal 9 (Killed)
07-26 13:21:34.427  1658  1810 I libprocessgroup: Successfully killed process cgroup uid 1000 pid 23475 in 59ms
07-26 13:21:34.498 24334 24366 I chatty  : uid=10229(com.huawei.hwid) Core-Log-1 expire 26 lines
07-26 13:21:34.507  1658  1729 D ConnectivityService: requestNetwork for uid/pid:10228/24085 NetworkRequest [ TRACK_DEFAULT id=966, [ Capabilities: INTERNET&NOT_RESTRICTED&TRUSTED Uid: 10228] ]
07-26 13:21:34.508  1658  2097 D WifiNetworkFactory: got request NetworkRequest [ TRACK_DEFAULT id=966, [ Capabilities: INTERNET&NOT_RESTRICTED&TRUSTED Uid: 10228] ] with score 60 and serial -1
07-26 13:21:34.509  1658  2097 D UntrustedWifiNetworkFactory: got request NetworkRequest [ TRACK_DEFAULT id=966, [ Capabilities: INTERNET&NOT_RESTRICTED&TRUSTED Uid: 10228] ] with score 60 and serial -1
07-26 13:21:34.509  1658  2271 D Ethernet: got request NetworkRequest [ TRACK_DEFAULT id=966, [ Capabilities: INTERNET&NOT_RESTRICTED&TRUSTED Uid: 10228] ] with score 60 and serial -1
07-26 13:21:34.509  2788  2788 D PhoneSwitcherNetworkRequstListener: got request NetworkRequest [ TRACK_DEFAULT id=966, [ Capabilities: INTERNET&NOT_RESTRICTED&TRUSTED Uid: 10228] ] with score 60 and serial -1
07-26 13:21:34.522 24334 24370 I chatty  : uid=10229 com.huawei.hwid.core expire 3 lines
07-26 13:21:34.528 24334 24369 I chatty  : uid=10229 com.huawei.hwid.core expire 3 lines
07-26 13:21:34.529 24334 24372 I chatty  : uid=10229(com.huawei.hwid) Core-LogWrite expire 2 lines
07-26 13:21:34.571  1658  1658 I RoleManagerService: Granting default permissions...
07-26 13:21:34.574  2369  2369 D Avrcp_ext: AvrcpServiceBroadcastReceiver-> Action: android.intent.action.PACKAGE_CHANGED
07-26 13:21:34.575  2369  2369 D Avrcp_ext: AvrcpServiceBroadcastReceiver-> packageName: com.skype.raider
07-26 13:21:34.575  2369  2369 D Avrcp_ext: packageName: com.skype.raider removed: false
07-26 13:21:34.579  2369  2369 D Avrcp_ext: isBrowsableListUpdated: false
07-26 13:21:34.579  2369  2369 D Avrcp_ext: Exit handlePackageModified
07-26 13:21:34.590  3970  3970 D RegisteredServicesCache: Others service enabled : ComponentInfo{com.google.android.gms/com.google.android.gms.nearby.mediums.nearfieldcommunication.NfcAdvertisingService}
07-26 13:21:34.590  3970  3970 D RegisteredServicesCache: Others service enabled : ComponentInfo{com.lazada.android/com.alibaba.ariver.commonability.device.jsapi.nfc.service.TinyAppHostApduService}
07-26 13:21:34.590  3970  3970 D RegisteredServicesCache: Others service enabled : ComponentInfo{com.beeasy.toppay/com.airpay.virtualcard.nfc.WalletHceService}
07-26 13:21:34.591  3970  3970 D AidRoutingManager: Default: 0, aid size: 9
07-26 13:21:34.591  3970  3970 D AidRoutingManager: Default: 2, aid size: 0
07-26 13:21:34.591  3970  3970 D AidRoutingManager: Default: 3, aid size: 0
07-26 13:21:34.591  3970  3970 D AidRoutingManager: Default: 0, aid expected size: 0
07-26 13:21:34.591  3970  3970 D AidRoutingManager: Default: 2, aid expected size: 9
07-26 13:21:34.591  3970  3970 D AidRoutingManager: Default: 3, aid expected size: 9
07-26 13:21:34.594  1658  3942 D CompatibilityInfo: mCompatibilityFlags - 0
07-26 13:21:34.594  1658  3942 D CompatibilityInfo: applicationDensity - 280
07-26 13:21:34.594  1658  3942 D CompatibilityInfo: applicationScale - 1.0
07-26 13:21:34.594  3970  3970 D RegisteredNfcFServicesCache: Service unchanged, not updating
07-26 13:21:34.595  1658  1789 W LocationProviderProxy: com.huawei.hwid resolves service com.android.location.service.v3.NetworkLocationProvider, but has wrong signature, ignoring
07-26 13:21:34.597  1658  1789 W GeocoderProxy: com.huawei.hwid resolves service com.android.location.service.GeocodeProvider, but has wrong signature, ignoring
07-26 13:21:34.608  3100 23531 I Fitness : OnPackageChangedOperation got intent: Intent { act=android.intent.action.PACKAGE_CHANGED dat=package:com.skype.raider flg=0x45000010 pkg=com.google.android.gms cmp=com.google.android.gms/.chimera.PersistentIntentOperationService (has extras) } [CONTEXT service_id=17 ]
07-26 13:21:34.610  1658  2392 D CompatibilityInfo: mCompatibilityFlags - 0
07-26 13:21:34.610  1658  2392 D CompatibilityInfo: applicationDensity - 280
07-26 13:21:34.610  1658  2392 D CompatibilityInfo: applicationScale - 1.0
07-26 13:21:34.613  2788  2788 D CarrierSvcBindHelper: No carrier app for: 0
07-26 13:21:34.614  2788  2788 D CarrierSvcBindHelper: No carrier app for: 1
07-26 13:21:34.615  2788  2788 D ImsResolver: maybeAddedImsService, packageName: com.skype.raider
07-26 13:21:34.629  1658  1729 D CompatibilityInfo: mCompatibilityFlags - 0
07-26 13:21:34.629  1658  1729 D CompatibilityInfo: applicationDensity - 280
07-26 13:21:34.629  1658  1729 D CompatibilityInfo: applicationScale - 1.0
07-26 13:21:34.637  1658  3942 D CompatibilityInfo: mCompatibilityFlags - 0
07-26 13:21:34.637  1658  3942 D CompatibilityInfo: applicationDensity - 280
07-26 13:21:34.637  1658  3942 D CompatibilityInfo: applicationScale - 1.0
07-26 13:21:34.648  3100 24383 I Fitness : FitCleanupIntentOperation received Intent android.intent.action.PACKAGE_CHANGED [CONTEXT service_id=17 ]
07-26 13:21:34.677  1658  2082 D CompatibilityInfo: mCompatibilityFlags - 0
07-26 13:21:34.677  1658  2082 D CompatibilityInfo: applicationDensity - 280
07-26 13:21:34.677  1658  2082 D CompatibilityInfo: applicationScale - 1.0
07-26 13:21:34.681 13879 14355 I Icing   : IndexChimeraService.getServiceInterface callingPackage=com.google.android.gms componentName=AppsCorpus serviceId=36
07-26 13:21:34.704 13879 26819 I GmsCoreXrpcWrapper: Returning a channel provider with trafficStatsTag=12803 trafficStatsUid=-1
07-26 13:21:34.720 13879 26819 I Icing   : Usage reports ok 0, Failed Usage reports 0, indexed 0, rejected 0
07-26 13:21:34.725 13879 26819 I Icing   : Indexing com.google.android.gms-apps from com.google.android.gms
07-26 13:21:34.737   659   659 D Zygote  : Forked child process 24387
07-26 13:21:34.742 13879 26819 I Icing   : Indexing done com.google.android.gms-apps
07-26 13:21:34.743  1658  1809 I ActivityManager: Start proc 24387:com.google.android.permissioncontroller/u0a74 for service {com.google.android.permissioncontroller/com.android.packageinstaller.role.service.RoleControllerServiceImpl}
07-26 13:21:34.748 24387 24387 E ssioncontrolle: Not starting debugger since process cannot load the jdwp agent.
07-26 13:21:34.753  1658  1658 W system_server: resources.arsc in APK '/data/app/com.facebook.orca-u7vHZAIT2zPI_g445U4nhw==/base.apk' is compressed.
07-26 13:21:34.769  1658  1729 D CompatibilityInfo: mCompatibilityFlags - 0
07-26 13:21:34.769  1658  1729 D CompatibilityInfo: applicationDensity - 280
07-26 13:21:34.769  1658  1729 D CompatibilityInfo: applicationScale - 1.0
07-26 13:21:34.773  1658  1729 D CompatibilityInfo: mCompatibilityFlags - 0
07-26 13:21:34.773  1658  1729 D CompatibilityInfo: applicationDensity - 280
07-26 13:21:34.773  1658  1729 D CompatibilityInfo: applicationScale - 1.0
07-26 13:21:34.854 24387 24387 I Perf    : Connecting to perf service.
07-26 13:21:34.893  1658  2082 D CompatibilityInfo: mCompatibilityFlags - 0
07-26 13:21:34.894  1658  2082 D CompatibilityInfo: applicationDensity - 280
07-26 13:21:34.894  1658  2082 D CompatibilityInfo: applicationScale - 1.0
07-26 13:21:34.912   752  3088 I vendor.qti.bluetooth@1.0-ibs_handler: DeviceSleep: TX Awake, Sending SLEEP_IND
07-26 13:21:34.912   752  3088 D vendor.qti.bluetooth@1.0-ibs_handler: SerialClockVote: vote for UART CLK OFF
07-26 13:21:34.954 24334 24409 I chatty  : uid=10229 com.huawei.hwid.core expire 3 lines
07-26 13:21:34.993  1658  2058 I InputReader: Reconfiguring input devices.  changes=0x00000010
07-26 13:21:35.037 24334 24413 I chatty  : uid=10229 com.huawei.hwid.core expire 1 line
07-26 13:21:35.044 24334 24415 I chatty  : uid=10229 com.huawei.hwid.core expire 2 lines
07-26 13:21:35.045 24334 24414 I chatty  : uid=10229 com.huawei.hwid.core expire 13 lines
07-26 13:21:35.048 24334 24416 I chatty  : uid=10229 com.huawei.hwid.core expire 11 lines
07-26 13:21:35.054 24334 24419 I chatty  : uid=10229 com.huawei.hwid.core expire 4 lines
07-26 13:21:35.063   752  3002 D vendor.qti.bluetooth@1.0-wake_lock: Release wakelock is released 
07-26 13:21:35.067 24334 24418 I chatty  : uid=10229 com.huawei.hwid.core expire 12 lines
07-26 13:21:35.072 24334 24417 I chatty  : uid=10229 com.huawei.hwid.core expire 24 lines
07-26 13:21:35.183 24334 24426 I chatty  : uid=10229(com.huawei.hwid) Sns-TaskPriorit expire 2 lines
07-26 13:21:35.197 24334 24428 I chatty  : uid=10229(com.huawei.hwid) RemoteCfg expire 11 lines
07-26 13:21:35.198  1658  1658 W Looper  : Slow dispatch took 546ms main h=android.app.ActivityThread$H c=android.app.-$$Lambda$LoadedApk$ReceiverDispatcher$Args$_BumDX2UKsnxLVrE6UJsJZkotuA@3134e85 m=0
07-26 13:21:35.200  1658  1658 W Looper  : Slow delivery took 630ms main h=android.app.ActivityThread$H c=android.app.-$$Lambda$LoadedApk$ReceiverDispatcher$Args$_BumDX2UKsnxLVrE6UJsJZkotuA@10324da m=0
07-26 13:21:35.241 24334 24431 I chatty  : uid=10229 com.huawei.hwid.core expire 3 lines
07-26 13:21:35.251  1658  3942 D CompatibilityInfo: mCompatibilityFlags - 0
07-26 13:21:35.251  1658  3942 D CompatibilityInfo: applicationDensity - 280
07-26 13:21:35.251  1658  3942 D CompatibilityInfo: applicationScale - 1.0
07-26 13:21:35.287 24334 24439 D ActivityThread: Loading provider com.huawei.hms.runtimekit.kitcontainerservice.KitProcessAgentCoreProvider: com.huawei.hms.runtimekit.kitcontainerservice.KitProcessAgentCoreProvider
07-26 13:21:35.292 24334 24434 I chatty  : uid=10229(com.huawei.hwid) Hwid-Core-Pool1 expire 34 lines
07-26 13:21:35.305  1658  2138 D ConnectivityService: releasing NetworkRequest [ TRACK_DEFAULT id=966, [ Capabilities: INTERNET&NOT_RESTRICTED&TRUSTED Uid: 10228] ] (release request)
07-26 13:21:35.344 24334 24438 I chatty  : uid=10229 com.huawei.hwid.core expire 1 line
07-26 13:21:35.350 24085 24085 W ConnectivityManager.CallbackHandler: callback not found for CALLBACK_AVAILABLE message
07-26 13:21:35.351 24085 24085 W ConnectivityManager.CallbackHandler: callback not found for CALLBACK_AVAILABLE message
07-26 13:21:35.366  1658  3961 D CompatibilityInfo: mCompatibilityFlags - 0
07-26 13:21:35.366  1658  3961 D CompatibilityInfo: applicationDensity - 280
07-26 13:21:35.366  1658  3961 D CompatibilityInfo: applicationScale - 1.0
07-26 13:21:35.398 24334 24441 I chatty  : uid=10229(com.huawei.hwid) eventRegistry expire 359 lines
07-26 13:21:35.496 24334 24454 I chatty  : uid=10229 com.huawei.hwid.core expire 23 lines
07-26 13:21:35.497  1658  1658 W Looper  : Slow dispatch took 288ms main h=android.app.ActivityThread$H c=android.app.-$$Lambda$LoadedApk$ReceiverDispatcher$Args$_BumDX2UKsnxLVrE6UJsJZkotuA@57d8845 m=0
07-26 13:21:35.499  1658  1658 I Telecom : DefaultDialerCache: Refreshing default dialer for user 0: now com.google.android.dialer: DDC.oR@CDo
07-26 13:21:35.507 24334 24439 I chatty  : uid=10229(com.huawei.hwid) wait-ams-allrea expire 28 lines
07-26 13:21:35.556 24334 24456 I chatty  : uid=10229 com.huawei.hwid.core expire 2 lines
07-26 13:21:35.567 24334 24457 I chatty  : uid=10229 com.huawei.hwid.core expire 35 lines
07-26 13:21:35.622 24334 24465 I chatty  : uid=10229 com.huawei.hwid.core expire 11 lines
07-26 13:21:35.638 24334 24466 I chatty  : uid=10229 com.huawei.hwid.core expire 5 lines
07-26 13:21:35.654 24334 24455 I chatty  : uid=10229(com.huawei.hwid) EKRHandler expire 7 lines
07-26 13:21:35.717 24334 24464 I chatty  : uid=10229 com.huawei.hwid.core expire 1 line
07-26 13:21:35.776 22213 22268 I chatty  : uid=10229 com.huawei.hwid.persistent expire 2 lines
07-26 13:21:35.784 24334 24470 I chatty  : uid=10229 com.huawei.hwid.core expire 203 lines
07-26 13:21:35.788 24334 24469 I chatty  : uid=10229(com.huawei.hwid) Hwid-FileSystem expire 4 lines
07-26 13:21:35.796  1658  3961 I ActivityManager: Killing 23521:com.huawei.hwid.container2/u0a229 (adj 975): empty #17
07-26 13:21:35.798  1658  1658 W Looper  : Drained
07-26 13:21:35.820 24334 24471 I chatty  : uid=10229(com.huawei.hwid) RuntimeAT-threa expire 14 lines
07-26 13:21:35.880   659   659 I Zygote  : Process 23521 exited due to signal 9 (Killed)
07-26 13:21:35.882  1658  1810 I libprocessgroup: Successfully killed process cgroup uid 10229 pid 23521 in 85ms
07-26 13:21:35.898 24334 24473 I chatty  : uid=10229(com.huawei.hwid) HwJOS-242282300 expire 2 lines
07-26 13:21:35.901 24334 24478 I chatty  : uid=10229 com.huawei.hwid.core expire 20 lines
07-26 13:21:35.940 24334 24482 I chatty  : uid=10229(com.huawei.hwid) Hwid-Core-Pool2 expire 12 lines
07-26 13:21:36.195 24334 24483 I chatty  : uid=10229(com.huawei.hwid) Hwid-Database-P expire 13 lines
07-26 13:21:36.304 24217 24283 E NetworkSynthesizer: We timed out and used all of our retries, failing synthesis request
07-26 13:21:36.305 24217 24283 E GoogleTTSServiceImpl: Synthesis failure with error status code: -7
07-26 13:21:36.364   659   659 D Zygote  : Forked child process 24491
07-26 13:21:36.367  1658  1809 I ActivityManager: Start proc 24491:com.qualcomm.qti.qdma/1000 for service {com.qualcomm.qti.qdma/com.qualcomm.qti.qdma.uploader.UploaderService}
07-26 13:21:36.374 24491 24491 E alcomm.qti.qdm: Not starting debugger since process cannot load the jdwp agent.
07-26 13:21:36.383  1658  3942 D CompatibilityInfo: mCompatibilityFlags - 0
07-26 13:21:36.383  1658  3942 D CompatibilityInfo: applicationDensity - 280
07-26 13:21:36.383  1658  3942 D CompatibilityInfo: applicationScale - 1.0
07-26 13:21:36.386  1658  3942 D CompatibilityInfo: mCompatibilityFlags - 0
07-26 13:21:36.386  1658  3942 D CompatibilityInfo: applicationDensity - 280
07-26 13:21:36.386  1658  3942 D CompatibilityInfo: applicationScale - 1.0
07-26 13:21:36.387  1658  1808 D CompatibilityInfo: mCompatibilityFlags - 0
07-26 13:21:36.387  1658  1808 D CompatibilityInfo: applicationDensity - 280
07-26 13:21:36.387  1658  1808 D CompatibilityInfo: applicationScale - 1.0
07-26 13:21:36.389  1658  1808 D CompatibilityInfo: mCompatibilityFlags - 0
07-26 13:21:36.389  1658  1808 D CompatibilityInfo: applicationDensity - 280
07-26 13:21:36.389  1658  1808 D CompatibilityInfo: applicationScale - 1.0
07-26 13:21:36.428 24334 24490 I chatty  : uid=10229(com.huawei.hwid) Hwid-UseCase-Po expire 4 lines
07-26 13:21:36.432 24334 24489 I chatty  : uid=10229(com.huawei.hwid) Hwid-Core-Pool3 expire 8 lines
07-26 13:21:36.441 24334 24487 I chatty  : uid=10229 com.huawei.hwid.core expire 2 lines
07-26 13:21:36.466 24022 24136 I .apps.messagin: Waiting for a blocking GC ProfileSaver
07-26 13:21:36.479 24334 24513 I chatty  : uid=10229(com.huawei.hwid) Hwid-UseCase-Po expire 7 lines
07-26 13:21:36.532 24334 24515 I chatty  : uid=10229(com.huawei.hwid) Hwid-UseCase-Po expire 6 lines
07-26 13:21:36.562 24491 24491 D libnativeloader: classloader namespace configured for unbundled vendor apk. library_path=/vendor/app/QDMA/lib/arm64:/vendor/app/QDMA/QDMA.apk!/lib/arm64-v8a:/vendor/lib64
